Archive member included because of file (symbol)

C:/Freescale/KSDK_1.3.0/examples/frdmkl25z/demo_apps/adc_hw_trigger/lptmr/kds/../../../../../../lib/ksdk_platform_lib/kds/KL25Z4/debug/libksdk_platform.a(fsl_uart_hal.o)
                              ./utilities/fsl_debug_console.o (UART_HAL_SetBaudRate)
C:/Freescale/KSDK_1.3.0/examples/frdmkl25z/demo_apps/adc_hw_trigger/lptmr/kds/../../../../../../lib/ksdk_platform_lib/kds/KL25Z4/debug/libksdk_platform.a(fsl_sim_hal_MKL25Z4.o)
                              ./source/lptmr_trigger.o (SIM_HAL_SetAdcAlternativeTriggerCmd)
C:/Freescale/KSDK_1.3.0/examples/frdmkl25z/demo_apps/adc_hw_trigger/lptmr/kds/../../../../../../lib/ksdk_platform_lib/kds/KL25Z4/debug/libksdk_platform.a(fsl_lptmr_driver.o)
                              ./source/lptmr_trigger.o (LPTMR_DRV_Init)
C:/Freescale/KSDK_1.3.0/examples/frdmkl25z/demo_apps/adc_hw_trigger/lptmr/kds/../../../../../../lib/ksdk_platform_lib/kds/KL25Z4/debug/libksdk_platform.a(fsl_lpsci_hal.o)
                              ./utilities/fsl_debug_console.o (LPSCI_HAL_SetBaudRate)
C:/Freescale/KSDK_1.3.0/examples/frdmkl25z/demo_apps/adc_hw_trigger/lptmr/kds/../../../../../../lib/ksdk_platform_lib/kds/KL25Z4/debug/libksdk_platform.a(fsl_clock_MKL25Z4.o)
                              ./board/board.o (CLOCK_SYS_SetSimConfigration)
C:/Freescale/KSDK_1.3.0/examples/frdmkl25z/demo_apps/adc_hw_trigger/lptmr/kds/../../../../../../lib/ksdk_platform_lib/kds/KL25Z4/debug/libksdk_platform.a(fsl_clock_manager.o)
                              C:/Freescale/KSDK_1.3.0/examples/frdmkl25z/demo_apps/adc_hw_trigger/lptmr/kds/../../../../../../lib/ksdk_platform_lib/kds/KL25Z4/debug/libksdk_platform.a(fsl_clock_MKL25Z4.o) (CLOCK_SYS_GetSystickFreq)
C:/Freescale/KSDK_1.3.0/examples/frdmkl25z/demo_apps/adc_hw_trigger/lptmr/kds/../../../../../../lib/ksdk_platform_lib/kds/KL25Z4/debug/libksdk_platform.a(fsl_clock_manager_common.o)
                              C:/Freescale/KSDK_1.3.0/examples/frdmkl25z/demo_apps/adc_hw_trigger/lptmr/kds/../../../../../../lib/ksdk_platform_lib/kds/KL25Z4/debug/libksdk_platform.a(fsl_clock_MKL25Z4.o) (g_oscBase)
C:/Freescale/KSDK_1.3.0/examples/frdmkl25z/demo_apps/adc_hw_trigger/lptmr/kds/../../../../../../lib/ksdk_platform_lib/kds/KL25Z4/debug/libksdk_platform.a(fsl_adc16_driver.o)
                              ./source/fsl_adc_irq.o (ADC16_DRV_GetConvValueRAW)
C:/Freescale/KSDK_1.3.0/examples/frdmkl25z/demo_apps/adc_hw_trigger/lptmr/kds/../../../../../../lib/ksdk_platform_lib/kds/KL25Z4/debug/libksdk_platform.a(fsl_os_abstraction_bm.o)
                              C:/Freescale/KSDK_1.3.0/examples/frdmkl25z/demo_apps/adc_hw_trigger/lptmr/kds/../../../../../../lib/ksdk_platform_lib/kds/KL25Z4/debug/libksdk_platform.a(fsl_clock_manager.o) (OSA_EnterCritical)
C:/Freescale/KSDK_1.3.0/examples/frdmkl25z/demo_apps/adc_hw_trigger/lptmr/kds/../../../../../../lib/ksdk_platform_lib/kds/KL25Z4/debug/libksdk_platform.a(fsl_osc_hal.o)
                              C:/Freescale/KSDK_1.3.0/examples/frdmkl25z/demo_apps/adc_hw_trigger/lptmr/kds/../../../../../../lib/ksdk_platform_lib/kds/KL25Z4/debug/libksdk_platform.a(fsl_clock_manager.o) (OSC_HAL_SetCapacitor)
C:/Freescale/KSDK_1.3.0/examples/frdmkl25z/demo_apps/adc_hw_trigger/lptmr/kds/../../../../../../lib/ksdk_platform_lib/kds/KL25Z4/debug/libksdk_platform.a(fsl_mcg_hal.o)
                              C:/Freescale/KSDK_1.3.0/examples/frdmkl25z/demo_apps/adc_hw_trigger/lptmr/kds/../../../../../../lib/ksdk_platform_lib/kds/KL25Z4/debug/libksdk_platform.a(fsl_clock_MKL25Z4.o) (g_xtal0ClkFreq)
C:/Freescale/KSDK_1.3.0/examples/frdmkl25z/demo_apps/adc_hw_trigger/lptmr/kds/../../../../../../lib/ksdk_platform_lib/kds/KL25Z4/debug/libksdk_platform.a(fsl_mcg_hal_modes.o)
                              C:/Freescale/KSDK_1.3.0/examples/frdmkl25z/demo_apps/adc_hw_trigger/lptmr/kds/../../../../../../lib/ksdk_platform_lib/kds/KL25Z4/debug/libksdk_platform.a(fsl_clock_manager.o) (CLOCK_HAL_GetMcgMode)
C:/Freescale/KSDK_1.3.0/examples/frdmkl25z/demo_apps/adc_hw_trigger/lptmr/kds/../../../../../../lib/ksdk_platform_lib/kds/KL25Z4/debug/libksdk_platform.a(fsl_lptmr_hal.o)
                              C:/Freescale/KSDK_1.3.0/examples/frdmkl25z/demo_apps/adc_hw_trigger/lptmr/kds/../../../../../../lib/ksdk_platform_lib/kds/KL25Z4/debug/libksdk_platform.a(fsl_lptmr_driver.o) (LPTMR_HAL_Init)
C:/Freescale/KSDK_1.3.0/examples/frdmkl25z/demo_apps/adc_hw_trigger/lptmr/kds/../../../../../../lib/ksdk_platform_lib/kds/KL25Z4/debug/libksdk_platform.a(fsl_lptmr_common.o)
                              C:/Freescale/KSDK_1.3.0/examples/frdmkl25z/demo_apps/adc_hw_trigger/lptmr/kds/../../../../../../lib/ksdk_platform_lib/kds/KL25Z4/debug/libksdk_platform.a(fsl_lptmr_driver.o) (g_lptmrBase)
C:/Freescale/KSDK_1.3.0/examples/frdmkl25z/demo_apps/adc_hw_trigger/lptmr/kds/../../../../../../lib/ksdk_platform_lib/kds/KL25Z4/debug/libksdk_platform.a(fsl_interrupt_manager.o)
[...]
Memory Configuration

Name             Origin             Length             Attributes
m_interrupts     0x00000000         0x00000100         xr
m_flash_config   0x00000400         0x00000010         xr
m_text           0x00000410         0x0001fbf0         xr
m_data           0x1ffff000         0x00004000         rw
*default*        0x00000000         0xffffffff

Linker script and memory map

LOAD c:/freescale/kds_v3/toolchain/bin/../lib/gcc/arm-none-eabi/4.8.4/armv6-m/crti.o
LOAD c:/freescale/kds_v3/toolchain/bin/../lib/gcc/arm-none-eabi/4.8.4/armv6-m/crtbegin.o
LOAD c:/freescale/kds_v3/toolchain/bin/../lib/gcc/arm-none-eabi/4.8.4/../../../../arm-none-eabi/lib/armv6-m/crt0.o
                0x00000400                __stack_size__ = 0x400
                0x00000200                __heap_size__ = 0x200
                0x00000001                __ram_vector_table__ = 0x1
START GROUP
LOAD ./utilities/fsl_debug_console.o
LOAD ./utilities/fsl_misc_utilities.o
LOAD ./utilities/print_scan.o
LOAD ./startup/startup.o
LOAD ./startup/startup_MKL25Z4.o
LOAD ./startup/system_MKL25Z4.o
LOAD ./source/fsl_adc_irq.o
LOAD ./source/lptmr_trigger.o
LOAD ./source/main.o
LOAD ./board/board.o
LOAD ./board/gpio_pins.o
LOAD ./board/hardware_init.o
LOAD ./board/pin_mux.o
LOAD ./Custom_Sources/Custom_ASCII_Counter.o
LOAD ./Custom_Sources/Custom_Circular_Buffer.o
LOAD ./Custom_Sources/Custom_UART.o
LOAD ./Custom_Sources/project_3.o
LOAD C:/Freescale/KSDK_1.3.0/examples/frdmkl25z/demo_apps/adc_hw_trigger/lptmr/kds/../../../../../../lib/ksdk_platform_lib/kds/KL25Z4/debug/libksdk_platform.a
LOAD c:/freescale/kds_v3/toolchain/bin/../lib/gcc/arm-none-eabi/4.8.4/../../../../arm-none-eabi/lib/armv6-m\libm.a
LOAD c:/freescale/kds_v3/toolchain/bin/../lib/gcc/arm-none-eabi/4.8.4/../../../../arm-none-eabi/lib/armv6-m\libg_s.a
LOAD c:/freescale/kds_v3/toolchain/bin/../lib/gcc/arm-none-eabi/4.8.4/armv6-m\libgcc.a
LOAD c:/freescale/kds_v3/toolchain/bin/../lib/gcc/arm-none-eabi/4.8.4/../../../../arm-none-eabi/lib/armv6-m\libnosys.a
END GROUP
START GROUP
LOAD c:/freescale/kds_v3/toolchain/bin/../lib/gcc/arm-none-eabi/4.8.4/armv6-m\libgcc.a
LOAD c:/freescale/kds_v3/toolchain/bin/../lib/gcc/arm-none-eabi/4.8.4/../../../../arm-none-eabi/lib/armv6-m\libg_s.a
LOAD c:/freescale/kds_v3/toolchain/bin/../lib/gcc/arm-none-eabi/4.8.4/../../../../arm-none-eabi/lib/armv6-m\libc_s.a
END GROUP
START GROUP
LOAD c:/freescale/kds_v3/toolchain/bin/../lib/gcc/arm-none-eabi/4.8.4/armv6-m\libgcc.a
LOAD c:/freescale/kds_v3/toolchain/bin/../lib/gcc/arm-none-eabi/4.8.4/../../../../arm-none-eabi/lib/armv6-m\libc_s.a
END GROUP
LOAD c:/freescale/kds_v3/toolchain/bin/../lib/gcc/arm-none-eabi/4.8.4/armv6-m/crtend.o
LOAD c:/freescale/kds_v3/toolchain/bin/../lib/gcc/arm-none-eabi/4.8.4/armv6-m/crtn.o
                0x00000400                HEAP_SIZE = DEFINED (__heap_size__)?__heap_size__:0x400
                0x00000400                STACK_SIZE = DEFINED (__stack_size__)?__stack_size__:0x400
                0x00000000                M_VECTOR_RAM_SIZE = DEFINED (__ram_vector_table__)?0x100:0x0

.interrupts     0x00000000       0xc0
                0x00000000                __VECTOR_TABLE = .
                0x00000000                . = ALIGN (0x4)
 *(.isr_vector)
 .isr_vector    0x00000000       0xc0 ./startup/startup_MKL25Z4.o
                0x00000000                __isr_vector
                0x000000c0                . = ALIGN (0x4)

.flash_config   0x00000400       0x10
                0x00000400                . = ALIGN (0x4)
 *(.FlashConfig)
 .FlashConfig   0x00000400       0x10 ./startup/startup_MKL25Z4.o
                0x00000410                . = ALIGN (0x4)

.text           0x00000410     0x689c
                0x00000410                . = ALIGN (0x4)
 *(.text)
 .text          0x00000410       0x60 c:/freescale/kds_v3/toolchain/bin/../lib/gcc/arm-none-eabi/4.8.4/armv6-m/crtbegin.o
 .text          0x00000470       0x78 c:/freescale/kds_v3/toolchain/bin/../lib/gcc/arm-none-eabi/4.8.4/../../../../arm-none-eabi/lib/armv6-m/crt0.o
                0x00000470                _start
                0x00000470                _mainCRTStartup
 .text          0x000004e8       0x18 ./startup/startup_MKL25Z4.o
                0x000004e8                Reset_Handler
                0x000004f8                HardFault_Handler
                0x000004f8                SysTick_Handler
                0x000004f8                PendSV_Handler
                0x000004f8                NMI_Handler
                0x000004f8                I2C1_IRQHandler
                0x000004f8                UART1_IRQHandler
                0x000004f8                DMA2_IRQHandler
                0x000004f8                TPM0_IRQHandler
                0x000004f8                LLWU_IRQHandler
                0x000004f8                TSI0_IRQHandler
                0x000004f8                UART0_IRQHandler
                0x000004f8                Reserved39_IRQHandler
                0x000004f8                SPI1_IRQHandler
                0x000004f8                DefaultISR
                0x000004f8                PORTD_IRQHandler
                0x000004f8                TPM2_IRQHandler
                0x000004f8                RTC_IRQHandler
                0x000004f8                I2C0_IRQHandler
                0x000004f8                RTC_Seconds_IRQHandler
                0x000004f8                MCG_IRQHandler
                0x000004f8                UART2_IRQHandler
                0x000004f8                Reserved20_IRQHandler
                0x000004f8                USB0_IRQHandler
                0x000004f8                SVC_Handler
                0x000004f8                DMA3_IRQHandler
                0x000004f8                DAC0_IRQHandler
                0x000004f8                Reserved45_IRQHandler
                0x000004f8                TPM1_IRQHandler
                0x000004f8                LVD_LVW_IRQHandler
                0x000004f8                SPI0_IRQHandler
                0x000004f8                PORTA_IRQHandler
                0x000004f8                FTFA_IRQHandler
                0x000004f8                LPTMR0_IRQHandler
                0x000004f8                CMP0_IRQHandler
                0x000004f8                DMA1_IRQHandler
 .text          0x00000500       0x14 c:/freescale/kds_v3/toolchain/bin/../lib/gcc/arm-none-eabi/4.8.4/armv6-m\libgcc.a(_thumb1_case_uqi.o)
                0x00000500                __gnu_thumb1_case_uqi
 .text          0x00000514       0x9c c:/freescale/kds_v3/toolchain/bin/../lib/gcc/arm-none-eabi/4.8.4/armv6-m\libgcc.a(_udivsi3.o)
                0x00000514                __aeabi_uidiv
                0x00000514                __udivsi3
                0x0000059c                __aeabi_uidivmod
 .text          0x000005b0       0xc0 c:/freescale/kds_v3/toolchain/bin/../lib/gcc/arm-none-eabi/4.8.4/armv6-m\libgcc.a(_divsi3.o)
                0x000005b0                __divsi3
                0x000005b0                __aeabi_idiv
                0x0000065c                __aeabi_idivmod
 .text          0x00000670        0x4 c:/freescale/kds_v3/toolchain/bin/../lib/gcc/arm-none-eabi/4.8.4/armv6-m\libgcc.a(_dvmd_tls.o)
                0x00000670                __aeabi_idiv0
                0x00000670                __aeabi_ldiv0
 .text          0x00000674       0x7c c:/freescale/kds_v3/toolchain/bin/../lib/gcc/arm-none-eabi/4.8.4/armv6-m\libgcc.a(_arm_cmpdf2.o)
                0x00000674                __aeabi_cdrcmple
                0x00000684                __aeabi_cdcmple
                0x00000684                __aeabi_cdcmpeq
                0x00000694                __aeabi_dcmpeq
                0x000006a0                __aeabi_dcmplt
                0x000006b4                __aeabi_dcmple
                0x000006c8                __aeabi_dcmpgt
                0x000006dc                __aeabi_dcmpge
 .text          0x000006f0       0x40 c:/freescale/kds_v3/toolchain/bin/../lib/gcc/arm-none-eabi/4.8.4/armv6-m\libgcc.a(_fixunsdfsi.o)
                0x000006f0                __aeabi_d2uiz
                0x000006f0                __fixunsdfsi
 .text          0x00000730      0x644 c:/freescale/kds_v3/toolchain/bin/../lib/gcc/arm-none-eabi/4.8.4/armv6-m\libgcc.a(adddf3.o)
                0x00000730                __aeabi_dadd
 .text          0x00000d74      0x648 c:/freescale/kds_v3/toolchain/bin/../lib/gcc/arm-none-eabi/4.8.4/armv6-m\libgcc.a(divdf3.o)
                0x00000d74                __aeabi_ddiv
 .text          0x000013bc       0x94 c:/freescale/kds_v3/toolchain/bin/../lib/gcc/arm-none-eabi/4.8.4/armv6-m\libgcc.a(eqdf2.o)
                0x000013bc                __nedf2
                0x000013bc                __eqdf2
 .text          0x00001450       0xfc c:/freescale/kds_v3/toolchain/bin/../lib/gcc/arm-none-eabi/4.8.4/armv6-m\libgcc.a(gedf2.o)
                0x00001450                __gedf2
                0x00001450                __gtdf2
 .text          0x0000154c       0xfc c:/freescale/kds_v3/toolchain/bin/../lib/gcc/arm-none-eabi/4.8.4/armv6-m\libgcc.a(ledf2.o)
                0x0000154c                __ledf2
                0x0000154c                __ltdf2
 .text          0x00001648      0x520 c:/freescale/kds_v3/toolchain/bin/../lib/gcc/arm-none-eabi/4.8.4/armv6-m\libgcc.a(muldf3.o)
                0x00001648                __aeabi_dmul
 .text          0x00001b68      0x668 c:/freescale/kds_v3/toolchain/bin/../lib/gcc/arm-none-eabi/4.8.4/armv6-m\libgcc.a(subdf3.o)
                0x00001b68                __aeabi_dsub
 .text          0x000021d0       0x68 c:/freescale/kds_v3/toolchain/bin/../lib/gcc/arm-none-eabi/4.8.4/armv6-m\libgcc.a(fixdfsi.o)
                0x000021d0                __aeabi_d2iz
 .text          0x00002238       0x7c c:/freescale/kds_v3/toolchain/bin/../lib/gcc/arm-none-eabi/4.8.4/armv6-m\libgcc.a(floatsidf.o)
                0x00002238                __aeabi_i2d
 .text          0x000022b4       0x68 c:/freescale/kds_v3/toolchain/bin/../lib/gcc/arm-none-eabi/4.8.4/armv6-m\libgcc.a(floatunsidf.o)
                0x000022b4                __aeabi_ui2d
 .text          0x0000231c       0x3c c:/freescale/kds_v3/toolchain/bin/../lib/gcc/arm-none-eabi/4.8.4/armv6-m\libgcc.a(_clzsi2.o)
                0x0000231c                __clzsi2
 *(.text*)
 .text._write   0x00002358       0x5c ./utilities/fsl_debug_console.o
                0x00002358                _write
 .text._read    0x000023b4       0x48 ./utilities/fsl_debug_console.o
                0x000023b4                _read
 .text._sbrk    0x000023fc       0x5c ./utilities/fsl_misc_utilities.o
                0x000023fc                _sbrk
 .text.init_data_bss
                0x00002458       0xc8 ./startup/startup.o
                0x00002458                init_data_bss
 .text.SystemInit
                0x00002520       0x18 ./startup/system_MKL25Z4.o
                0x00002520                SystemInit
 .text.ADC_TEST_IRQHandler
                0x00002538       0x7c ./source/fsl_adc_irq.o
 .text.ADC0_IRQHandler
                0x000025b4       0x10 ./source/fsl_adc_irq.o
                0x000025b4                ADC0_IRQHandler
 *fill*         0x000025c4        0x4 
 .text.main     0x000025c8      0x1c0 ./source/main.o
                0x000025c8                main
 .text.PORT_HAL_SetMuxMode
                0x00002788       0x4c ./board/board.o
 .text.SMC_HAL_SetProtection
                0x000027d4       0x1c ./board/board.o
 .text.BOARD_InitOsc0
                0x000027f0       0x40 ./board/board.o
                0x000027f0                BOARD_InitOsc0
 .text.CLOCK_SetBootConfig
                0x00002830       0x3c ./board/board.o
 .text.BOARD_ClockInit
                0x0000286c       0x44 ./board/board.o
                0x0000286c                BOARD_ClockInit
 .text.hardware_init
                0x000028b0       0x2c ./board/hardware_init.o
                0x000028b0                hardware_init
 .text.Custom_UART0_Init
                0x000028dc       0xc0 ./Custom_Sources/Custom_UART.o
                0x000028dc                Custom_UART0_Init
 .text.Custom_UART0_Tx_Byte
                0x0000299c       0x30 ./Custom_Sources/Custom_UART.o
                0x0000299c                Custom_UART0_Tx_Byte
 .text.Custom_UART0_Tx_String
                0x000029cc       0x40 ./Custom_Sources/Custom_UART.o
                0x000029cc                Custom_UART0_Tx_String
 .text.NVIC_EnableIRQ
                0x00002a0c       0x2c ./Custom_Sources/project_3.o
 .text.Custom_ADC_Init
                0x00002a38       0xc0 ./Custom_Sources/project_3.o
                0x00002a38                Custom_ADC_Init
 .text.Custom_ADC_Calibration
                0x00002af8       0xb8 ./Custom_Sources/project_3.o
                0x00002af8                Custom_ADC_Calibration
 .text.Custom_DMA_Init
                0x00002bb0       0xf8 ./Custom_Sources/project_3.o
                0x00002bb0                Custom_DMA_Init
 .text.DMA0_IRQHandler
                0x00002ca8       0x98 ./Custom_Sources/project_3.o
                0x00002ca8                DMA0_IRQHandler
 .text.PIT_IRQHandler
                0x00002d40       0x28 ./Custom_Sources/project_3.o
                0x00002d40                PIT_IRQHandler
 .text.CLOCK_HAL_SetOutDiv
                0x00002d68       0x50 C:/Freescale/KSDK_1.3.0/examples/frdmkl25z/demo_apps/adc_hw_trigger/lptmr/kds/../../../../../../lib/ksdk_platform_lib/kds/KL25Z4/debug/libksdk_platform.a(fsl_sim_hal_MKL25Z4.o)
                0x00002d68                CLOCK_HAL_SetOutDiv
 .text.SIM_HAL_EnableClock
                0x00002db8       0x58 C:/Freescale/KSDK_1.3.0/examples/frdmkl25z/demo_apps/adc_hw_trigger/lptmr/kds/../../../../../../lib/ksdk_platform_lib/kds/KL25Z4/debug/libksdk_platform.a(fsl_clock_MKL25Z4.o)
 .text.CLOCK_HAL_SetExternalRefClock32kSrc
                0x00002e10       0x28 C:/Freescale/KSDK_1.3.0/examples/frdmkl25z/demo_apps/adc_hw_trigger/lptmr/kds/../../../../../../lib/ksdk_platform_lib/kds/KL25Z4/debug/libksdk_platform.a(fsl_clock_MKL25Z4.o)
 .text.CLOCK_HAL_SetPllfllSel
                0x00002e38       0x2c C:/Freescale/KSDK_1.3.0/examples/frdmkl25z/demo_apps/adc_hw_trigger/lptmr/kds/../../../../../../lib/ksdk_platform_lib/kds/KL25Z4/debug/libksdk_platform.a(fsl_clock_MKL25Z4.o)
 .text.CLOCK_SYS_SetSimConfigration
                0x00002e64       0x48 C:/Freescale/KSDK_1.3.0/examples/frdmkl25z/demo_apps/adc_hw_trigger/lptmr/kds/../../../../../../lib/ksdk_platform_lib/kds/KL25Z4/debug/libksdk_platform.a(fsl_clock_MKL25Z4.o)
                0x00002e64                CLOCK_SYS_SetSimConfigration
 .text.CLOCK_SYS_EnablePortClock
                0x00002eac       0x4c C:/Freescale/KSDK_1.3.0/examples/frdmkl25z/demo_apps/adc_hw_trigger/lptmr/kds/../../../../../../lib/ksdk_platform_lib/kds/KL25Z4/debug/libksdk_platform.a(fsl_clock_MKL25Z4.o)
                0x00002eac                CLOCK_SYS_EnablePortClock
 .text.CLOCK_HAL_SetClkOutSrc
                0x00002ef8       0x28 C:/Freescale/KSDK_1.3.0/examples/frdmkl25z/demo_apps/adc_hw_trigger/lptmr/kds/../../../../../../lib/ksdk_platform_lib/kds/KL25Z4/debug/libksdk_platform.a(fsl_clock_manager.o)
 .text.CLOCK_HAL_SetClksFrdivIrefs
                0x00002f20       0x60 C:/Freescale/KSDK_1.3.0/examples/frdmkl25z/demo_apps/adc_hw_trigger/lptmr/kds/../../../../../../lib/ksdk_platform_lib/kds/KL25Z4/debug/libksdk_platform.a(fsl_clock_manager.o)
 .text.CLOCK_HAL_GetClkOutStat
                0x00002f80       0x20 C:/Freescale/KSDK_1.3.0/examples/frdmkl25z/demo_apps/adc_hw_trigger/lptmr/kds/../../../../../../lib/ksdk_platform_lib/kds/KL25Z4/debug/libksdk_platform.a(fsl_clock_manager.o)
 .text.CLOCK_HAL_GetFllSrc
                0x00002fa0       0x20 C:/Freescale/KSDK_1.3.0/examples/frdmkl25z/demo_apps/adc_hw_trigger/lptmr/kds/../../../../../../lib/ksdk_platform_lib/kds/KL25Z4/debug/libksdk_platform.a(fsl_clock_manager.o)
 .text.CLOCK_HAL_IsOsc0Stable
                0x00002fc0       0x24 C:/Freescale/KSDK_1.3.0/examples/frdmkl25z/demo_apps/adc_hw_trigger/lptmr/kds/../../../../../../lib/ksdk_platform_lib/kds/KL25Z4/debug/libksdk_platform.a(fsl_clock_manager.o)
 .text.OSC_HAL_SetExternalRefClkCmd
                0x00002fe4       0x28 C:/Freescale/KSDK_1.3.0/examples/frdmkl25z/demo_apps/adc_hw_trigger/lptmr/kds/../../../../../../lib/ksdk_platform_lib/kds/KL25Z4/debug/libksdk_platform.a(fsl_clock_manager.o)
 .text.OSC_HAL_SetExternalRefClkInStopModeCmd
                0x0000300c       0x28 C:/Freescale/KSDK_1.3.0/examples/frdmkl25z/demo_apps/adc_hw_trigger/lptmr/kds/../../../../../../lib/ksdk_platform_lib/kds/KL25Z4/debug/libksdk_platform.a(fsl_clock_manager.o)
 .text.CLOCK_SYS_BootToPee
                0x00003034       0xd0 C:/Freescale/KSDK_1.3.0/examples/frdmkl25z/demo_apps/adc_hw_trigger/lptmr/kds/../../../../../../lib/ksdk_platform_lib/kds/KL25Z4/debug/libksdk_platform.a(fsl_clock_manager.o)
                0x00003034                CLOCK_SYS_BootToPee
 .text.CLOCK_SYS_OscInit
                0x00003104       0xf0 C:/Freescale/KSDK_1.3.0/examples/frdmkl25z/demo_apps/adc_hw_trigger/lptmr/kds/../../../../../../lib/ksdk_platform_lib/kds/KL25Z4/debug/libksdk_platform.a(fsl_clock_manager.o)
                0x00003104                CLOCK_SYS_OscInit
 .text.CLOCK_SYS_SetOscerConfigration
                0x000031f4       0x3c C:/Freescale/KSDK_1.3.0/examples/frdmkl25z/demo_apps/adc_hw_trigger/lptmr/kds/../../../../../../lib/ksdk_platform_lib/kds/KL25Z4/debug/libksdk_platform.a(fsl_clock_manager.o)
                0x000031f4                CLOCK_SYS_SetOscerConfigration
 .text.ADC16_HAL_GetChnConvCompletedFlag
                0x00003230       0x4c C:/Freescale/KSDK_1.3.0/examples/frdmkl25z/demo_apps/adc_hw_trigger/lptmr/kds/../../../../../../lib/ksdk_platform_lib/kds/KL25Z4/debug/libksdk_platform.a(fsl_adc16_driver.o)
 .text.ADC16_HAL_GetChnConvValue
                0x0000327c       0x48 C:/Freescale/KSDK_1.3.0/examples/frdmkl25z/demo_apps/adc_hw_trigger/lptmr/kds/../../../../../../lib/ksdk_platform_lib/kds/KL25Z4/debug/libksdk_platform.a(fsl_adc16_driver.o)
 .text.ADC16_DRV_GetConvValueRAW
                0x000032c4       0x50 C:/Freescale/KSDK_1.3.0/examples/frdmkl25z/demo_apps/adc_hw_trigger/lptmr/kds/../../../../../../lib/ksdk_platform_lib/kds/KL25Z4/debug/libksdk_platform.a(fsl_adc16_driver.o)
                0x000032c4                ADC16_DRV_GetConvValueRAW
 .text.ADC16_DRV_GetChnFlag
                0x00003314       0x74 C:/Freescale/KSDK_1.3.0/examples/frdmkl25z/demo_apps/adc_hw_trigger/lptmr/kds/../../../../../../lib/ksdk_platform_lib/kds/KL25Z4/debug/libksdk_platform.a(fsl_adc16_driver.o)
                0x00003314                ADC16_DRV_GetChnFlag
 .text.OSC_HAL_SetCapacitor
                0x00003388       0x28 C:/Freescale/KSDK_1.3.0/examples/frdmkl25z/demo_apps/adc_hw_trigger/lptmr/kds/../../../../../../lib/ksdk_platform_lib/kds/KL25Z4/debug/libksdk_platform.a(fsl_osc_hal.o)
                0x00003388                OSC_HAL_SetCapacitor
 .text.CLOCK_HAL_SetInternalRefClkMode
                0x000033b0       0x24 C:/Freescale/KSDK_1.3.0/examples/frdmkl25z/demo_apps/adc_hw_trigger/lptmr/kds/../../../../../../lib/ksdk_platform_lib/kds/KL25Z4/debug/libksdk_platform.a(fsl_mcg_hal.o)
 .text.CLOCK_HAL_GetInternalRefClkMode
                0x000033d4       0x20 C:/Freescale/KSDK_1.3.0/examples/frdmkl25z/demo_apps/adc_hw_trigger/lptmr/kds/../../../../../../lib/ksdk_platform_lib/kds/KL25Z4/debug/libksdk_platform.a(fsl_mcg_hal.o)
 .text.CLOCK_HAL_IsOsc0Stable
                0x000033f4       0x24 C:/Freescale/KSDK_1.3.0/examples/frdmkl25z/demo_apps/adc_hw_trigger/lptmr/kds/../../../../../../lib/ksdk_platform_lib/kds/KL25Z4/debug/libksdk_platform.a(fsl_mcg_hal.o)
 .text.CLOCK_HAL_PrepareOsc
                0x00003418       0x3c C:/Freescale/KSDK_1.3.0/examples/frdmkl25z/demo_apps/adc_hw_trigger/lptmr/kds/../../../../../../lib/ksdk_platform_lib/kds/KL25Z4/debug/libksdk_platform.a(fsl_mcg_hal.o)
                0x00003418                CLOCK_HAL_PrepareOsc
 .text.CLOCK_HAL_UpdateFastClkInternalRefDiv
                0x00003454       0xb8 C:/Freescale/KSDK_1.3.0/examples/frdmkl25z/demo_apps/adc_hw_trigger/lptmr/kds/../../../../../../lib/ksdk_platform_lib/kds/KL25Z4/debug/libksdk_platform.a(fsl_mcg_hal.o)
                0x00003454                CLOCK_HAL_UpdateFastClkInternalRefDiv
 .text.CLOCK_HAL_UpdateInternalRefClk
                0x0000350c       0x8c C:/Freescale/KSDK_1.3.0/examples/frdmkl25z/demo_apps/adc_hw_trigger/lptmr/kds/../../../../../../lib/ksdk_platform_lib/kds/KL25Z4/debug/libksdk_platform.a(fsl_mcg_hal.o)
                0x0000350c                CLOCK_HAL_UpdateInternalRefClk
 .text.CLOCK_HAL_SetOsc0Mode
                0x00003598       0x68 C:/Freescale/KSDK_1.3.0/examples/frdmkl25z/demo_apps/adc_hw_trigger/lptmr/kds/../../../../../../lib/ksdk_platform_lib/kds/KL25Z4/debug/libksdk_platform.a(fsl_mcg_hal.o)
                0x00003598                CLOCK_HAL_SetOsc0Mode
 .text.CLOCK_HAL_GetClkOutStat
                0x00003600       0x20 C:/Freescale/KSDK_1.3.0/examples/frdmkl25z/demo_apps/adc_hw_trigger/lptmr/kds/../../../../../../lib/ksdk_platform_lib/kds/KL25Z4/debug/libksdk_platform.a(fsl_mcg_hal_modes.o)
 .text.CLOCK_HAL_SetPll0EnableCmd
                0x00003620       0x28 C:/Freescale/KSDK_1.3.0/examples/frdmkl25z/demo_apps/adc_hw_trigger/lptmr/kds/../../../../../../lib/ksdk_platform_lib/kds/KL25Z4/debug/libksdk_platform.a(fsl_mcg_hal_modes.o)
 .text.CLOCK_HAL_IsPll0Locked
                0x00003648       0x24 C:/Freescale/KSDK_1.3.0/examples/frdmkl25z/demo_apps/adc_hw_trigger/lptmr/kds/../../../../../../lib/ksdk_platform_lib/kds/KL25Z4/debug/libksdk_platform.a(fsl_mcg_hal_modes.o)
 .text.CLOCK_HAL_IsPllSelected
                0x0000366c       0x24 C:/Freescale/KSDK_1.3.0/examples/frdmkl25z/demo_apps/adc_hw_trigger/lptmr/kds/../../../../../../lib/ksdk_platform_lib/kds/KL25Z4/debug/libksdk_platform.a(fsl_mcg_hal_modes.o)
 .text.CLOCK_HAL_SetPbeMode
                0x00003690      0x100 C:/Freescale/KSDK_1.3.0/examples/frdmkl25z/demo_apps/adc_hw_trigger/lptmr/kds/../../../../../../lib/ksdk_platform_lib/kds/KL25Z4/debug/libksdk_platform.a(fsl_mcg_hal_modes.o)
                0x00003690                CLOCK_HAL_SetPbeMode
 .text.__assert_func
                0x00003790       0x3c c:/freescale/kds_v3/toolchain/bin/../lib/gcc/arm-none-eabi/4.8.4/../../../../arm-none-eabi/lib/armv6-m\libg_s.a(lib_a-assert.o)
                0x00003790                __assert_func
 .text.__errno  0x000037cc        0xc c:/freescale/kds_v3/toolchain/bin/../lib/gcc/arm-none-eabi/4.8.4/../../../../arm-none-eabi/lib/armv6-m\libg_s.a(lib_a-errno.o)
                0x000037cc                __errno
 .text.exit     0x000037d8       0x2c c:/freescale/kds_v3/toolchain/bin/../lib/gcc/arm-none-eabi/4.8.4/../../../../arm-none-eabi/lib/armv6-m\libg_s.a(lib_a-exit.o)
                0x000037d8                exit
 .text.fprintf  0x00003804       0x24 c:/freescale/kds_v3/toolchain/bin/../lib/gcc/arm-none-eabi/4.8.4/../../../../arm-none-eabi/lib/armv6-m\libg_s.a(lib_a-fprintf.o)
                0x00003804                fiprintf
                0x00003804                fprintf
 .text.__libc_init_array
                0x00003828       0x4c c:/freescale/kds_v3/toolchain/bin/../lib/gcc/arm-none-eabi/4.8.4/../../../../arm-none-eabi/lib/armv6-m\libg_s.a(lib_a-init.o)
                0x00003828                __libc_init_array
 .text.memalign
                0x00003874       0x18 c:/freescale/kds_v3/toolchain/bin/../lib/gcc/arm-none-eabi/4.8.4/../../../../arm-none-eabi/lib/armv6-m\libg_s.a(lib_a-malign.o)
                0x00003874                memalign
 .text.malloc   0x0000388c       0x14 c:/freescale/kds_v3/toolchain/bin/../lib/gcc/arm-none-eabi/4.8.4/../../../../arm-none-eabi/lib/armv6-m\libg_s.a(lib_a-malloc.o)
                0x0000388c                malloc
 .text.memset   0x000038a0       0x10 c:/freescale/kds_v3/toolchain/bin/../lib/gcc/arm-none-eabi/4.8.4/../../../../arm-none-eabi/lib/armv6-m\libg_s.a(lib_a-memset.o)
                0x000038a0                memset
 .text._calloc_r
                0x000038b0       0x1c c:/freescale/kds_v3/toolchain/bin/../lib/gcc/arm-none-eabi/4.8.4/../../../../arm-none-eabi/lib/armv6-m\libg_s.a(lib_a-nano-callocr.o)
                0x000038b0                _calloc_r
 .text._free_r  0x000038cc       0x90 c:/freescale/kds_v3/toolchain/bin/../lib/gcc/arm-none-eabi/4.8.4/../../../../arm-none-eabi/lib/armv6-m\libg_s.a(lib_a-nano-freer.o)
                0x000038cc                _free_r
 .text._memalign_r
                0x0000395c       0x86 c:/freescale/kds_v3/toolchain/bin/../lib/gcc/arm-none-eabi/4.8.4/../../../../arm-none-eabi/lib/armv6-m\libg_s.a(lib_a-nano-malignr.o)
                0x0000395c                _memalign_r
 *fill*         0x000039e2        0x2 
 .text._malloc_r
                0x000039e4       0xa8 c:/freescale/kds_v3/toolchain/bin/../lib/gcc/arm-none-eabi/4.8.4/../../../../arm-none-eabi/lib/armv6-m\libg_s.a(lib_a-nano-mallocr.o)
                0x000039e4                _malloc_r
 .text._sbrk_r  0x00003a8c       0x24 c:/freescale/kds_v3/toolchain/bin/../lib/gcc/arm-none-eabi/4.8.4/../../../../arm-none-eabi/lib/armv6-m\libg_s.a(lib_a-sbrkr.o)
                0x00003a8c                _sbrk_r
 .text.sprintf  0x00003ab0       0x44 c:/freescale/kds_v3/toolchain/bin/../lib/gcc/arm-none-eabi/4.8.4/../../../../arm-none-eabi/lib/armv6-m\libg_s.a(lib_a-sprintf.o)
                0x00003ab0                siprintf
                0x00003ab0                sprintf
 .text.strlen   0x00003af4        0xe c:/freescale/kds_v3/toolchain/bin/../lib/gcc/arm-none-eabi/4.8.4/../../../../arm-none-eabi/lib/armv6-m\libg_s.a(lib_a-strlen.o)
                0x00003af4                strlen
 *fill*         0x00003b02        0x2 
 .text.__ssputs_r
                0x00003b04       0xc0 c:/freescale/kds_v3/toolchain/bin/../lib/gcc/arm-none-eabi/4.8.4/../../../../arm-none-eabi/lib/armv6-m\libg_s.a(lib_a-svfprintf.o)
                0x00003b04                __ssputs_r
 .text._svfprintf_r
                0x00003bc4      0x1e0 c:/freescale/kds_v3/toolchain/bin/../lib/gcc/arm-none-eabi/4.8.4/../../../../arm-none-eabi/lib/armv6-m\libg_s.a(lib_a-svfprintf.o)
                0x00003bc4                _svfiprintf_r
                0x00003bc4                _svfprintf_r
 .text.__sfputc_r
                0x00003da4       0x2a c:/freescale/kds_v3/toolchain/bin/../lib/gcc/arm-none-eabi/4.8.4/../../../../arm-none-eabi/lib/armv6-m\libg_s.a(lib_a-vfprintf.o)
 .text.__sfputs_r
                0x00003dce       0x24 c:/freescale/kds_v3/toolchain/bin/../lib/gcc/arm-none-eabi/4.8.4/../../../../arm-none-eabi/lib/armv6-m\libg_s.a(lib_a-vfprintf.o)
                0x00003dce                __sfputs_r
 *fill*         0x00003df2        0x2 
 .text._vfprintf_r
                0x00003df4      0x210 c:/freescale/kds_v3/toolchain/bin/../lib/gcc/arm-none-eabi/4.8.4/../../../../arm-none-eabi/lib/armv6-m\libg_s.a(lib_a-vfprintf.o)
                0x00003df4                _vfprintf_r
                0x00003df4                _vfiprintf_r
 *fill*         0x00004004        0x4 
 .text.__cvt    0x00004008       0xd0 c:/freescale/kds_v3/toolchain/bin/../lib/gcc/arm-none-eabi/4.8.4/../../../../arm-none-eabi/lib/armv6-m\libg_s.a(lib_a-vfprintf_float.o)
                0x00004008                __cvt
 .text.__exponent
                0x000040d8       0x6a c:/freescale/kds_v3/toolchain/bin/../lib/gcc/arm-none-eabi/4.8.4/../../../../arm-none-eabi/lib/armv6-m\libg_s.a(lib_a-vfprintf_float.o)
                0x000040d8                __exponent
 *fill*         0x00004142        0x6 
 .text._printf_float
                0x00004148      0x458 c:/freescale/kds_v3/toolchain/bin/../lib/gcc/arm-none-eabi/4.8.4/../../../../arm-none-eabi/lib/armv6-m\libg_s.a(lib_a-vfprintf_float.o)
                0x00004148                _printf_float
 .text._printf_common
                0x000045a0       0xe8 c:/freescale/kds_v3/toolchain/bin/../lib/gcc/arm-none-eabi/4.8.4/../../../../arm-none-eabi/lib/armv6-m\libg_s.a(lib_a-vfprintf_i.o)
                0x000045a0                _printf_common
 .text._printf_i
                0x00004688      0x22c c:/freescale/kds_v3/toolchain/bin/../lib/gcc/arm-none-eabi/4.8.4/../../../../arm-none-eabi/lib/armv6-m\libg_s.a(lib_a-vfprintf_i.o)
                0x00004688                _printf_i
 .text.__swbuf_r
                0x000048b4       0xb0 c:/freescale/kds_v3/toolchain/bin/../lib/gcc/arm-none-eabi/4.8.4/../../../../arm-none-eabi/lib/armv6-m\libg_s.a(lib_a-wbuf.o)
                0x000048b4                __swbuf_r
 .text.__swsetup_r
                0x00004964       0xe4 c:/freescale/kds_v3/toolchain/bin/../lib/gcc/arm-none-eabi/4.8.4/../../../../arm-none-eabi/lib/armv6-m\libg_s.a(lib_a-wsetup.o)
                0x00004964                __swsetup_r
 .text.abort    0x00004a48        0xe c:/freescale/kds_v3/toolchain/bin/../lib/gcc/arm-none-eabi/4.8.4/../../../../arm-none-eabi/lib/armv6-m\libg_s.a(lib_a-abort.o)
                0x00004a48                abort
 .text.quorem   0x00004a56      0x118 c:/freescale/kds_v3/toolchain/bin/../lib/gcc/arm-none-eabi/4.8.4/../../../../arm-none-eabi/lib/armv6-m\libg_s.a(lib_a-dtoa.o)
 *fill*         0x00004b6e        0x2 
 .text._dtoa_r  0x00004b70      0xbb8 c:/freescale/kds_v3/toolchain/bin/../lib/gcc/arm-none-eabi/4.8.4/../../../../arm-none-eabi/lib/armv6-m\libg_s.a(lib_a-dtoa.o)
                0x00004b70                _dtoa_r
 .text.__sflush_r
                0x00005728      0x112 c:/freescale/kds_v3/toolchain/bin/../lib/gcc/arm-none-eabi/4.8.4/../../../../arm-none-eabi/lib/armv6-m\libg_s.a(lib_a-fflush.o)
                0x00005728                __sflush_r
 *fill*         0x0000583a        0x2 
 .text._fflush_r
                0x0000583c       0x58 c:/freescale/kds_v3/toolchain/bin/../lib/gcc/arm-none-eabi/4.8.4/../../../../arm-none-eabi/lib/armv6-m\libg_s.a(lib_a-fflush.o)
                0x0000583c                _fflush_r
 .text._cleanup_r
                0x00005894       0x34 c:/freescale/kds_v3/toolchain/bin/../lib/gcc/arm-none-eabi/4.8.4/../../../../arm-none-eabi/lib/armv6-m\libg_s.a(lib_a-findfp.o)
                0x00005894                _cleanup_r
 .text.std.isra.0
                0x000058c8       0x48 c:/freescale/kds_v3/toolchain/bin/../lib/gcc/arm-none-eabi/4.8.4/../../../../arm-none-eabi/lib/armv6-m\libg_s.a(lib_a-findfp.o)
 .text.__sfmoreglue
                0x00005910       0x2c c:/freescale/kds_v3/toolchain/bin/../lib/gcc/arm-none-eabi/4.8.4/../../../../arm-none-eabi/lib/armv6-m\libg_s.a(lib_a-findfp.o)
                0x00005910                __sfmoreglue
 .text.__sinit  0x0000593c       0x64 c:/freescale/kds_v3/toolchain/bin/../lib/gcc/arm-none-eabi/4.8.4/../../../../arm-none-eabi/lib/armv6-m\libg_s.a(lib_a-findfp.o)
                0x0000593c                __sinit
 .text.__sfp    0x000059a0       0x7c c:/freescale/kds_v3/toolchain/bin/../lib/gcc/arm-none-eabi/4.8.4/../../../../arm-none-eabi/lib/armv6-m\libg_s.a(lib_a-findfp.o)
                0x000059a0                __sfp
 .text._localeconv_r
                0x00005a1c        0x8 c:/freescale/kds_v3/toolchain/bin/../lib/gcc/arm-none-eabi/4.8.4/../../../../arm-none-eabi/lib/armv6-m\libg_s.a(lib_a-locale.o)
                0x00005a1c                _localeconv_r
 .text.__smakebuf_r
                0x00005a24       0xa0 c:/freescale/kds_v3/toolchain/bin/../lib/gcc/arm-none-eabi/4.8.4/../../../../arm-none-eabi/lib/armv6-m\libg_s.a(lib_a-makebuf.o)
                0x00005a24                __smakebuf_r
 .text.memchr   0x00005ac4       0x16 c:/freescale/kds_v3/toolchain/bin/../lib/gcc/arm-none-eabi/4.8.4/../../../../arm-none-eabi/lib/armv6-m\libg_s.a(lib_a-memchr-stub.o)
                0x00005ac4                memchr
 .text.memcpy   0x00005ada       0x12 c:/freescale/kds_v3/toolchain/bin/../lib/gcc/arm-none-eabi/4.8.4/../../../../arm-none-eabi/lib/armv6-m\libg_s.a(lib_a-memcpy-stub.o)
                0x00005ada                memcpy
 .text.memmove  0x00005aec       0x32 c:/freescale/kds_v3/toolchain/bin/../lib/gcc/arm-none-eabi/4.8.4/../../../../arm-none-eabi/lib/armv6-m\libg_s.a(lib_a-memmove.o)
                0x00005aec                memmove
 .text._Balloc  0x00005b1e       0x70 c:/freescale/kds_v3/toolchain/bin/../lib/gcc/arm-none-eabi/4.8.4/../../../../arm-none-eabi/lib/armv6-m\libg_s.a(lib_a-mprec.o)
                0x00005b1e                _Balloc
 .text._Bfree   0x00005b8e       0x32 c:/freescale/kds_v3/toolchain/bin/../lib/gcc/arm-none-eabi/4.8.4/../../../../arm-none-eabi/lib/armv6-m\libg_s.a(lib_a-mprec.o)
                0x00005b8e                _Bfree
 .text.__multadd
                0x00005bc0       0x7c c:/freescale/kds_v3/toolchain/bin/../lib/gcc/arm-none-eabi/4.8.4/../../../../arm-none-eabi/lib/armv6-m\libg_s.a(lib_a-mprec.o)
                0x00005bc0                __multadd
 .text.__hi0bits
                0x00005c3c       0x38 c:/freescale/kds_v3/toolchain/bin/../lib/gcc/arm-none-eabi/4.8.4/../../../../arm-none-eabi/lib/armv6-m\libg_s.a(lib_a-mprec.o)
                0x00005c3c                __hi0bits
 .text.__lo0bits
                0x00005c74       0x5a c:/freescale/kds_v3/toolchain/bin/../lib/gcc/arm-none-eabi/4.8.4/../../../../arm-none-eabi/lib/armv6-m\libg_s.a(lib_a-mprec.o)
                0x00005c74                __lo0bits
 .text.__i2b    0x00005cce       0x12 c:/freescale/kds_v3/toolchain/bin/../lib/gcc/arm-none-eabi/4.8.4/../../../../arm-none-eabi/lib/armv6-m\libg_s.a(lib_a-mprec.o)
                0x00005cce                __i2b
 .text.__multiply
                0x00005ce0      0x11e c:/freescale/kds_v3/toolchain/bin/../lib/gcc/arm-none-eabi/4.8.4/../../../../arm-none-eabi/lib/armv6-m\libg_s.a(lib_a-mprec.o)
                0x00005ce0                __multiply
 *fill*         0x00005dfe        0x2 
 .text.__pow5mult
                0x00005e00       0xa4 c:/freescale/kds_v3/toolchain/bin/../lib/gcc/arm-none-eabi/4.8.4/../../../../arm-none-eabi/lib/armv6-m\libg_s.a(lib_a-mprec.o)
                0x00005e00                __pow5mult
 .text.__lshift
                0x00005ea4       0xa4 c:/freescale/kds_v3/toolchain/bin/../lib/gcc/arm-none-eabi/4.8.4/../../../../arm-none-eabi/lib/armv6-m\libg_s.a(lib_a-mprec.o)
                0x00005ea4                __lshift
 .text.__mcmp   0x00005f48       0x36 c:/freescale/kds_v3/toolchain/bin/../lib/gcc/arm-none-eabi/4.8.4/../../../../arm-none-eabi/lib/armv6-m\libg_s.a(lib_a-mprec.o)
                0x00005f48                __mcmp
 .text.__mdiff  0x00005f7e       0xcc c:/freescale/kds_v3/toolchain/bin/../lib/gcc/arm-none-eabi/4.8.4/../../../../arm-none-eabi/lib/armv6-m\libg_s.a(lib_a-mprec.o)
                0x00005f7e                __mdiff
 *fill*         0x0000604a        0x2 
 .text.__d2b    0x0000604c       0xb0 c:/freescale/kds_v3/toolchain/bin/../lib/gcc/arm-none-eabi/4.8.4/../../../../arm-none-eabi/lib/armv6-m\libg_s.a(lib_a-mprec.o)
                0x0000604c                __d2b
 .text._realloc_r
                0x000060fc       0x4c c:/freescale/kds_v3/toolchain/bin/../lib/gcc/arm-none-eabi/4.8.4/../../../../arm-none-eabi/lib/armv6-m\libg_s.a(lib_a-nano-reallocr.o)
                0x000060fc                _realloc_r
 .text.__fpclassifyd
                0x00006148       0x54 c:/freescale/kds_v3/toolchain/bin/../lib/gcc/arm-none-eabi/4.8.4/../../../../arm-none-eabi/lib/armv6-m\libg_s.a(lib_a-s_fpclassify.o)
                0x00006148                __fpclassifyd
 .text._raise_r
                0x0000619c       0x56 c:/freescale/kds_v3/toolchain/bin/../lib/gcc/arm-none-eabi/4.8.4/../../../../arm-none-eabi/lib/armv6-m\libg_s.a(lib_a-signal.o)
                0x0000619c                _raise_r
 *fill*         0x000061f2        0x2 
 .text.raise    0x000061f4       0x14 c:/freescale/kds_v3/toolchain/bin/../lib/gcc/arm-none-eabi/4.8.4/../../../../arm-none-eabi/lib/armv6-m\libg_s.a(lib_a-signal.o)
                0x000061f4                raise
 .text._kill_r  0x00006208       0x24 c:/freescale/kds_v3/toolchain/bin/../lib/gcc/arm-none-eabi/4.8.4/../../../../arm-none-eabi/lib/armv6-m\libg_s.a(lib_a-signalr.o)
                0x00006208                _kill_r
 .text._getpid_r
                0x0000622c        0x8 c:/freescale/kds_v3/toolchain/bin/../lib/gcc/arm-none-eabi/4.8.4/../../../../arm-none-eabi/lib/armv6-m\libg_s.a(lib_a-signalr.o)
                0x0000622c                _getpid_r
 .text.__sread  0x00006234       0x28 c:/freescale/kds_v3/toolchain/bin/../lib/gcc/arm-none-eabi/4.8.4/../../../../arm-none-eabi/lib/armv6-m\libg_s.a(lib_a-stdio.o)
                0x00006234                __sread
 .text.__swrite
                0x0000625c       0x38 c:/freescale/kds_v3/toolchain/bin/../lib/gcc/arm-none-eabi/4.8.4/../../../../arm-none-eabi/lib/armv6-m\libg_s.a(lib_a-stdio.o)
                0x0000625c                __swrite
 .text.__sseek  0x00006294       0x2c c:/freescale/kds_v3/toolchain/bin/../lib/gcc/arm-none-eabi/4.8.4/../../../../arm-none-eabi/lib/armv6-m\libg_s.a(lib_a-stdio.o)
                0x00006294                __sseek
 .text.__sclose
                0x000062c0        0xc c:/freescale/kds_v3/toolchain/bin/../lib/gcc/arm-none-eabi/4.8.4/../../../../arm-none-eabi/lib/armv6-m\libg_s.a(lib_a-stdio.o)
                0x000062c0                __sclose
 .text._write_r
                0x000062cc       0x28 c:/freescale/kds_v3/toolchain/bin/../lib/gcc/arm-none-eabi/4.8.4/../../../../arm-none-eabi/lib/armv6-m\libg_s.a(lib_a-writer.o)
                0x000062cc                _write_r
 .text._close_r
                0x000062f4       0x24 c:/freescale/kds_v3/toolchain/bin/../lib/gcc/arm-none-eabi/4.8.4/../../../../arm-none-eabi/lib/armv6-m\libg_s.a(lib_a-closer.o)
                0x000062f4                _close_r
 .text._fstat_r
                0x00006318       0x24 c:/freescale/kds_v3/toolchain/bin/../lib/gcc/arm-none-eabi/4.8.4/../../../../arm-none-eabi/lib/armv6-m\libg_s.a(lib_a-fstatr.o)
                0x00006318                _fstat_r
 .text._isatty_r
                0x0000633c       0x24 c:/freescale/kds_v3/toolchain/bin/../lib/gcc/arm-none-eabi/4.8.4/../../../../arm-none-eabi/lib/armv6-m\libg_s.a(lib_a-isattyr.o)
                0x0000633c                _isatty_r
 .text._lseek_r
                0x00006360       0x28 c:/freescale/kds_v3/toolchain/bin/../lib/gcc/arm-none-eabi/4.8.4/../../../../arm-none-eabi/lib/armv6-m\libg_s.a(lib_a-lseekr.o)
                0x00006360                _lseek_r
 .text._malloc_usable_size_r
                0x00006388       0x12 c:/freescale/kds_v3/toolchain/bin/../lib/gcc/arm-none-eabi/4.8.4/../../../../arm-none-eabi/lib/armv6-m\libg_s.a(lib_a-nano-msizer.o)
                0x00006388                _malloc_usable_size_r
 *fill*         0x0000639a        0x2 
 .text._read_r  0x0000639c       0x28 c:/freescale/kds_v3/toolchain/bin/../lib/gcc/arm-none-eabi/4.8.4/../../../../arm-none-eabi/lib/armv6-m\libg_s.a(lib_a-readr.o)
                0x0000639c                _read_r
 .text._close   0x000063c4       0x10 c:/freescale/kds_v3/toolchain/bin/../lib/gcc/arm-none-eabi/4.8.4/../../../../arm-none-eabi/lib/armv6-m\libnosys.a(close.o)
                0x000063c4                _close
 .text._fstat   0x000063d4       0x10 c:/freescale/kds_v3/toolchain/bin/../lib/gcc/arm-none-eabi/4.8.4/../../../../arm-none-eabi/lib/armv6-m\libnosys.a(fstat.o)
                0x000063d4                _fstat
 .text._getpid  0x000063e4       0x10 c:/freescale/kds_v3/toolchain/bin/../lib/gcc/arm-none-eabi/4.8.4/../../../../arm-none-eabi/lib/armv6-m\libnosys.a(getpid.o)
                0x000063e4                _getpid
 .text._isatty  0x000063f4       0x10 c:/freescale/kds_v3/toolchain/bin/../lib/gcc/arm-none-eabi/4.8.4/../../../../arm-none-eabi/lib/armv6-m\libnosys.a(isatty.o)
                0x000063f4                _isatty
 .text._kill    0x00006404       0x10 c:/freescale/kds_v3/toolchain/bin/../lib/gcc/arm-none-eabi/4.8.4/../../../../arm-none-eabi/lib/armv6-m\libnosys.a(kill.o)
                0x00006404                _kill
 .text._lseek   0x00006414       0x10 c:/freescale/kds_v3/toolchain/bin/../lib/gcc/arm-none-eabi/4.8.4/../../../../arm-none-eabi/lib/armv6-m\libnosys.a(lseek.o)
                0x00006414                _lseek
 .text._exit    0x00006424        0x4 c:/freescale/kds_v3/toolchain/bin/../lib/gcc/arm-none-eabi/4.8.4/../../../../arm-none-eabi/lib/armv6-m\libnosys.a(_exit.o)
                0x00006424                _exit
 *(.rodata)
 .rodata        0x00006428       0x44 ./source/main.o
 .rodata        0x0000646c       0x44 ./board/board.o
 .rodata        0x000064b0       0x4c ./Custom_Sources/project_3.o
 .rodata        0x000064fc      0x22c C:/Freescale/KSDK_1.3.0/examples/frdmkl25z/demo_apps/adc_hw_trigger/lptmr/kds/../../../../../../lib/ksdk_platform_lib/kds/KL25Z4/debug/libksdk_platform.a(fsl_clock_MKL25Z4.o)
 .rodata        0x00006728       0xcc C:/Freescale/KSDK_1.3.0/examples/frdmkl25z/demo_apps/adc_hw_trigger/lptmr/kds/../../../../../../lib/ksdk_platform_lib/kds/KL25Z4/debug/libksdk_platform.a(fsl_clock_manager.o)
 .rodata        0x000067f4      0x148 C:/Freescale/KSDK_1.3.0/examples/frdmkl25z/demo_apps/adc_hw_trigger/lptmr/kds/../../../../../../lib/ksdk_platform_lib/kds/KL25Z4/debug/libksdk_platform.a(fsl_adc16_driver.o)
 .rodata        0x0000693c       0x40 c:/freescale/kds_v3/toolchain/bin/../lib/gcc/arm-none-eabi/4.8.4/armv6-m\libgcc.a(divdf3.o)
 .rodata        0x0000697c       0x40 c:/freescale/kds_v3/toolchain/bin/../lib/gcc/arm-none-eabi/4.8.4/armv6-m\libgcc.a(muldf3.o)
 *(.rodata*)
 .rodata.g_defaultClockConfigRun
                0x000069bc       0x14 ./board/board.o
                0x000069bc                g_defaultClockConfigRun
 .rodata.__func__.4998
                0x000069d0       0x14 ./board/board.o
 .rodata.portGateTable
                0x000069e4        0x8 C:/Freescale/KSDK_1.3.0/examples/frdmkl25z/demo_apps/adc_hw_trigger/lptmr/kds/../../../../../../lib/ksdk_platform_lib/kds/KL25Z4/debug/libksdk_platform.a(fsl_clock_MKL25Z4.o)
 .rodata.__func__.6456
                0x000069ec       0x1c C:/Freescale/KSDK_1.3.0/examples/frdmkl25z/demo_apps/adc_hw_trigger/lptmr/kds/../../../../../../lib/ksdk_platform_lib/kds/KL25Z4/debug/libksdk_platform.a(fsl_clock_MKL25Z4.o)
 .rodata.__func__.6614
                0x00006a08       0x14 C:/Freescale/KSDK_1.3.0/examples/frdmkl25z/demo_apps/adc_hw_trigger/lptmr/kds/../../../../../../lib/ksdk_platform_lib/kds/KL25Z4/debug/libksdk_platform.a(fsl_clock_manager.o)
 .rodata.g_oscBase
                0x00006a1c        0x4 C:/Freescale/KSDK_1.3.0/examples/frdmkl25z/demo_apps/adc_hw_trigger/lptmr/kds/../../../../../../lib/ksdk_platform_lib/kds/KL25Z4/debug/libksdk_platform.a(fsl_clock_manager_common.o)
                0x00006a1c                g_oscBase
 .rodata.__func__.5063
                0x00006a20       0x24 C:/Freescale/KSDK_1.3.0/examples/frdmkl25z/demo_apps/adc_hw_trigger/lptmr/kds/../../../../../../lib/ksdk_platform_lib/kds/KL25Z4/debug/libksdk_platform.a(fsl_adc16_driver.o)
 .rodata.__func__.5077
                0x00006a44       0x1c C:/Freescale/KSDK_1.3.0/examples/frdmkl25z/demo_apps/adc_hw_trigger/lptmr/kds/../../../../../../lib/ksdk_platform_lib/kds/KL25Z4/debug/libksdk_platform.a(fsl_adc16_driver.o)
 .rodata.__func__.6518
                0x00006a60       0x1c C:/Freescale/KSDK_1.3.0/examples/frdmkl25z/demo_apps/adc_hw_trigger/lptmr/kds/../../../../../../lib/ksdk_platform_lib/kds/KL25Z4/debug/libksdk_platform.a(fsl_adc16_driver.o)
 .rodata.__func__.6541
                0x00006a7c       0x18 C:/Freescale/KSDK_1.3.0/examples/frdmkl25z/demo_apps/adc_hw_trigger/lptmr/kds/../../../../../../lib/ksdk_platform_lib/kds/KL25Z4/debug/libksdk_platform.a(fsl_adc16_driver.o)
 .rodata.g_adcBase
                0x00006a94        0x4 C:/Freescale/KSDK_1.3.0/examples/frdmkl25z/demo_apps/adc_hw_trigger/lptmr/kds/../../../../../../lib/ksdk_platform_lib/kds/KL25Z4/debug/libksdk_platform.a(fsl_adc16_common.o)
                0x00006a94                g_adcBase
 .rodata.str1.1
                0x00006a98       0x3c c:/freescale/kds_v3/toolchain/bin/../lib/gcc/arm-none-eabi/4.8.4/../../../../arm-none-eabi/lib/armv6-m\libg_s.a(lib_a-assert.o)
                                 0x3d (size before relaxing)
 .rodata.str1.1
                0x00006ad4        0x2 c:/freescale/kds_v3/toolchain/bin/../lib/gcc/arm-none-eabi/4.8.4/../../../../arm-none-eabi/lib/armv6-m\libg_s.a(lib_a-impure.o)
 *fill*         0x00006ad6        0x2 
 .rodata._global_impure_ptr
                0x00006ad8        0x4 c:/freescale/kds_v3/toolchain/bin/../lib/gcc/arm-none-eabi/4.8.4/../../../../arm-none-eabi/lib/armv6-m\libg_s.a(lib_a-impure.o)
                0x00006ad8                _global_impure_ptr
 .rodata.str1.1
                0x00006adc       0x11 c:/freescale/kds_v3/toolchain/bin/../lib/gcc/arm-none-eabi/4.8.4/../../../../arm-none-eabi/lib/armv6-m\libg_s.a(lib_a-svfprintf.o)
 .rodata.str1.1
                0x00000000       0x11 c:/freescale/kds_v3/toolchain/bin/../lib/gcc/arm-none-eabi/4.8.4/../../../../arm-none-eabi/lib/armv6-m\libg_s.a(lib_a-vfprintf.o)
 .rodata.str1.1
                0x00006aed       0x12 c:/freescale/kds_v3/toolchain/bin/../lib/gcc/arm-none-eabi/4.8.4/../../../../arm-none-eabi/lib/armv6-m\libg_s.a(lib_a-vfprintf_float.o)
 .rodata.str1.1
                0x00006aff       0x22 c:/freescale/kds_v3/toolchain/bin/../lib/gcc/arm-none-eabi/4.8.4/../../../../arm-none-eabi/lib/armv6-m\libg_s.a(lib_a-vfprintf_i.o)
 .rodata.str1.1
                0x00006b21        0xd c:/freescale/kds_v3/toolchain/bin/../lib/gcc/arm-none-eabi/4.8.4/../../../../arm-none-eabi/lib/armv6-m\libg_s.a(lib_a-dtoa.o)
                                  0xf (size before relaxing)
 *fill*         0x00006b2e        0x2 
 .rodata.__sf_fake_stdin
                0x00006b30       0x20 c:/freescale/kds_v3/toolchain/bin/../lib/gcc/arm-none-eabi/4.8.4/../../../../arm-none-eabi/lib/armv6-m\libg_s.a(lib_a-findfp.o)
                0x00006b30                __sf_fake_stdin
 .rodata.__sf_fake_stdout
                0x00006b50       0x20 c:/freescale/kds_v3/toolchain/bin/../lib/gcc/arm-none-eabi/4.8.4/../../../../arm-none-eabi/lib/armv6-m\libg_s.a(lib_a-findfp.o)
                0x00006b50                __sf_fake_stdout
 .rodata.__sf_fake_stderr
                0x00006b70       0x20 c:/freescale/kds_v3/toolchain/bin/../lib/gcc/arm-none-eabi/4.8.4/../../../../arm-none-eabi/lib/armv6-m\libg_s.a(lib_a-findfp.o)
                0x00006b70                __sf_fake_stderr
 .rodata.str1.1
                0x00006b90        0x8 c:/freescale/kds_v3/toolchain/bin/../lib/gcc/arm-none-eabi/4.8.4/../../../../arm-none-eabi/lib/armv6-m\libg_s.a(lib_a-locale.o)
                                  0xb (size before relaxing)
 .rodata.__mprec_tens
                0x00006b98       0xc8 c:/freescale/kds_v3/toolchain/bin/../lib/gcc/arm-none-eabi/4.8.4/../../../../arm-none-eabi/lib/armv6-m\libg_s.a(lib_a-mprec.o)
                0x00006b98                __mprec_tens
 .rodata.__mprec_bigtens
                0x00006c60       0x28 c:/freescale/kds_v3/toolchain/bin/../lib/gcc/arm-none-eabi/4.8.4/../../../../arm-none-eabi/lib/armv6-m\libg_s.a(lib_a-mprec.o)
                0x00006c60                __mprec_bigtens
 .rodata.p05.5281
                0x00006c88        0xc c:/freescale/kds_v3/toolchain/bin/../lib/gcc/arm-none-eabi/4.8.4/../../../../arm-none-eabi/lib/armv6-m\libg_s.a(lib_a-mprec.o)
 *(.glue_7)
 .glue_7        0x00000000        0x0 linker stubs
 *(.glue_7t)
 .glue_7t       0x00000000        0x0 linker stubs
 *(.eh_frame)
 .eh_frame      0x00006c94        0x0 c:/freescale/kds_v3/toolchain/bin/../lib/gcc/arm-none-eabi/4.8.4/armv6-m/crtbegin.o
 *(.init)
 .init          0x00006c94        0x4 c:/freescale/kds_v3/toolchain/bin/../lib/gcc/arm-none-eabi/4.8.4/armv6-m/crti.o
                0x00006c94                _init
 .init          0x00006c98        0x8 c:/freescale/kds_v3/toolchain/bin/../lib/gcc/arm-none-eabi/4.8.4/armv6-m/crtn.o
 *(.fini)
 .fini          0x00006ca0        0x4 c:/freescale/kds_v3/toolchain/bin/../lib/gcc/arm-none-eabi/4.8.4/armv6-m/crti.o
                0x00006ca0                _fini
 .fini          0x00006ca4        0x8 c:/freescale/kds_v3/toolchain/bin/../lib/gcc/arm-none-eabi/4.8.4/armv6-m/crtn.o
                0x00006cac                . = ALIGN (0x4)

.vfp11_veneer   0x00006cac        0x0
 .vfp11_veneer  0x00000000        0x0 linker stubs

.v4_bx          0x00006cac        0x0
 .v4_bx         0x00000000        0x0 linker stubs

.iplt           0x00006cac        0x0
 .iplt          0x00000000        0x0 c:/freescale/kds_v3/toolchain/bin/../lib/gcc/arm-none-eabi/4.8.4/armv6-m/crtbegin.o

.ARM.extab
 *(.ARM.extab* .gnu.linkonce.armextab.*)

.ARM            0x00006cac        0x8
                0x00006cac                __exidx_start = .
 *(.ARM.exidx*)
 .ARM.exidx     0x00006cac        0x8 c:/freescale/kds_v3/toolchain/bin/../lib/gcc/arm-none-eabi/4.8.4/../../../../arm-none-eabi/lib/armv6-m/crt0.o
                0x00006cb4                __exidx_end = .

.rel.dyn        0x00006cb4        0x0
 .rel.iplt      0x00000000        0x0 c:/freescale/kds_v3/toolchain/bin/../lib/gcc/arm-none-eabi/4.8.4/armv6-m/crtbegin.o

.ctors          0x00006cb4        0x0
                0x00006cb4                __CTOR_LIST__ = .
 *crtbegin.o(.ctors)
 *crtbegin?.o(.ctors)
 *(EXCLUDE_FILE(*crtend.o *crtend?.o) .ctors)
 *(SORT(.ctors.*))
 *(.ctors)
                0x00006cb4                __CTOR_END__ = .

.dtors          0x00006cb4        0x0
                0x00006cb4                __DTOR_LIST__ = .
 *crtbegin.o(.dtors)
 *crtbegin?.o(.dtors)
 *(EXCLUDE_FILE(*crtend.o *crtend?.o) .dtors)
 *(SORT(.dtors.*))
 *(.dtors)
                0x00006cb4                __DTOR_END__ = .

.preinit_array  0x00006cb4        0x0
                0x00006cb4                PROVIDE (__preinit_array_start, .)
 *(.preinit_array*)
                0x00006cb4                PROVIDE (__preinit_array_end, .)

.init_array     0x00006cb4        0x4
                0x00006cb4                PROVIDE (__init_array_start, .)
 *(SORT(.init_array.*))
 *(.init_array*)
 .init_array    0x00006cb4        0x4 c:/freescale/kds_v3/toolchain/bin/../lib/gcc/arm-none-eabi/4.8.4/armv6-m/crtbegin.o
                0x00006cb8                PROVIDE (__init_array_end, .)

.fini_array     0x00006cb8        0x4
                0x00006cb8                PROVIDE (__fini_array_start, .)
 *(SORT(.fini_array.*))
 *(.fini_array*)
 .fini_array    0x00006cb8        0x4 c:/freescale/kds_v3/toolchain/bin/../lib/gcc/arm-none-eabi/4.8.4/armv6-m/crtbegin.o
                0x00006cbc                PROVIDE (__fini_array_end, .)
                0x00006cbc                __etext = .
                0x00006cbc                __DATA_ROM = .

.mtb            0x1ffff000        0x0
                0x1ffff000                . = ALIGN (0x8)
                0x1ffff000                _mtb_start = .
 *(.mtb_buf)
                0x1ffff000                . = ALIGN (0x8)
                0x1ffff000                _mtb_end = .

.interrupts_ram
                0x1ffff000      0x100
                0x1ffff000                . = ALIGN (0x4)
                0x1ffff000                __VECTOR_RAM__ = .
                0x1ffff000                __interrupts_ram_start__ = .
 *(.m_interrupts_ram)
                0x1ffff100                . = (. + M_VECTOR_RAM_SIZE)
 *fill*         0x1ffff000      0x100 
                0x1ffff100                . = ALIGN (0x4)
                0x1ffff100                __interrupts_ram_end__ = .
                0x00000000                __VECTOR_RAM = DEFINED (__ram_vector_table__)?__VECTOR_RAM__:ORIGIN (m_interrupts)
                0x00000000                __RAM_VECTOR_TABLE_SIZE_BYTES = DEFINED (__ram_vector_table__)?(__interrupts_ram_end__ - __interrupts_ram_start__):0x0

.data           0x1ffff100       0xa4 load address 0x00006cbc
                0x1ffff100                . = ALIGN (0x4)
                0x1ffff100                __DATA_RAM = .
                0x1ffff100                __data_start__ = .
 *(.data)
 *(.data*)
 .data.SystemCoreClock
                0x1ffff100        0x4 ./startup/system_MKL25Z4.o
                0x1ffff100                SystemCoreClock
 .data.impure_data
                0x1ffff104       0x60 c:/freescale/kds_v3/toolchain/bin/../lib/gcc/arm-none-eabi/4.8.4/../../../../arm-none-eabi/lib/armv6-m\libg_s.a(lib_a-impure.o)
 .data._impure_ptr
                0x1ffff164        0x4 c:/freescale/kds_v3/toolchain/bin/../lib/gcc/arm-none-eabi/4.8.4/../../../../arm-none-eabi/lib/armv6-m\libg_s.a(lib_a-impure.o)
                0x1ffff164                _impure_ptr
 .data.lconv    0x1ffff168       0x38 c:/freescale/kds_v3/toolchain/bin/../lib/gcc/arm-none-eabi/4.8.4/../../../../arm-none-eabi/lib/armv6-m\libg_s.a(lib_a-locale.o)
 *(.jcr*)
 .jcr           0x1ffff1a0        0x0 c:/freescale/kds_v3/toolchain/bin/../lib/gcc/arm-none-eabi/4.8.4/armv6-m/crtbegin.o
 .jcr           0x1ffff1a0        0x4 c:/freescale/kds_v3/toolchain/bin/../lib/gcc/arm-none-eabi/4.8.4/armv6-m/crtend.o
                0x1ffff1a4                . = ALIGN (0x4)
                0x1ffff1a4                __data_end__ = .
                0x00006d60                __DATA_END = (__DATA_ROM + (__data_end__ - __data_start__))
                0x00020000                text_end = (ORIGIN (m_text) + 0x1fbf0)
                0x00000001                ASSERT ((__DATA_END <= text_end), region m_text overflowed with text and data)

.igot.plt       0x1ffff1a4        0x0 load address 0x00006d60
 .igot.plt      0x00000000        0x0 c:/freescale/kds_v3/toolchain/bin/../lib/gcc/arm-none-eabi/4.8.4/armv6-m/crtbegin.o

.bss            0x1ffff1a4       0x60 load address 0x00006d60
                0x1ffff1a4                . = ALIGN (0x4)
                0x1ffff1a4                __START_BSS = .
                0x1ffff1a4                __bss_start__ = .
 *(.bss)
 .bss           0x1ffff1a4       0x1c c:/freescale/kds_v3/toolchain/bin/../lib/gcc/arm-none-eabi/4.8.4/armv6-m/crtbegin.o
 *(.bss*)
 .bss.s_debugConsole
                0x1ffff1c0       0x10 ./utilities/fsl_debug_console.o
 .bss.heap_end.5140
                0x1ffff1d0        0x4 ./utilities/fsl_misc_utilities.o
 .bss.g_AdcTestCallback
                0x1ffff1d4        0x8 ./source/fsl_adc_irq.o
                0x1ffff1d4                g_AdcTestCallback
 .bss.g_AdcValueInt
                0x1ffff1dc        0x4 ./source/fsl_adc_irq.o
                0x1ffff1dc                g_AdcValueInt
 .bss.DMA_Buffer
                0x1ffff1e0        0x4 ./source/main.o
                0x1ffff1e0                DMA_Buffer
 .bss.DMA_Buffer2
                0x1ffff1e4        0x4 ./source/main.o
                0x1ffff1e4                DMA_Buffer2
 .bss.var_ptr   0x1ffff1e8        0x4 ./source/main.o
                0x1ffff1e8                var_ptr
 .bss.volt      0x1ffff1ec        0x4 ./source/main.o
                0x1ffff1ec                volt
 .bss.ready     0x1ffff1f0        0x1 ./source/main.o
                0x1ffff1f0                ready
 .bss.buff      0x1ffff1f1        0x1 ./source/main.o
                0x1ffff1f1                buff
 *fill*         0x1ffff1f2        0x2 
 .bss.g_xtal0ClkFreq
                0x1ffff1f4        0x4 C:/Freescale/KSDK_1.3.0/examples/frdmkl25z/demo_apps/adc_hw_trigger/lptmr/kds/../../../../../../lib/ksdk_platform_lib/kds/KL25Z4/debug/libksdk_platform.a(fsl_mcg_hal.o)
                0x1ffff1f4                g_xtal0ClkFreq
 .bss.__malloc_sbrk_start
                0x1ffff1f8        0x4 c:/freescale/kds_v3/toolchain/bin/../lib/gcc/arm-none-eabi/4.8.4/../../../../arm-none-eabi/lib/armv6-m\libg_s.a(lib_a-nano-mallocr.o)
                0x1ffff1f8                __malloc_sbrk_start
 .bss.__malloc_free_list
                0x1ffff1fc        0x4 c:/freescale/kds_v3/toolchain/bin/../lib/gcc/arm-none-eabi/4.8.4/../../../../arm-none-eabi/lib/armv6-m\libg_s.a(lib_a-nano-mallocr.o)
                0x1ffff1fc                __malloc_free_list
 *(COMMON)
 COMMON         0x1ffff200        0x4 c:/freescale/kds_v3/toolchain/bin/../lib/gcc/arm-none-eabi/4.8.4/../../../../arm-none-eabi/lib/armv6-m\libg_s.a(lib_a-reent.o)
                0x1ffff200                errno
                0x1ffff204                . = ALIGN (0x4)
                0x1ffff204                __bss_end__ = .
                0x1ffff204                __END_BSS = .

.heap           0x1ffff204      0x204 load address 0x00006dc0
                0x1ffff208                . = ALIGN (0x8)
 *fill*         0x1ffff204        0x4 
                0x1ffff208                __end__ = .
                0x1ffff208                PROVIDE (end, .)
                0x1ffff208                __HeapBase = .
                0x1ffff408                . = (. + HEAP_SIZE)
 *fill*         0x1ffff208      0x200 
                0x1ffff408                __HeapLimit = .

.stack          0x1ffff408      0x400 load address 0x00006fc4
                0x1ffff408                . = ALIGN (0x8)
                0x1ffff808                . = (. + STACK_SIZE)
 *fill*         0x1ffff408      0x400 
                0x20003000                __StackTop = (ORIGIN (m_data) + 0x4000)
                0x20002c00                __StackLimit = (__StackTop - STACK_SIZE)
                0x20003000                PROVIDE (__stack, __StackTop)

.ARM.attributes
                0x00000000       0x28
 *(.ARM.attributes)
 .ARM.attributes
                0x00000000       0x1e c:/freescale/kds_v3/toolchain/bin/../lib/gcc/arm-none-eabi/4.8.4/armv6-m/crti.o
 .ARM.attributes
                0x0000001e       0x2c c:/freescale/kds_v3/toolchain/bin/../lib/gcc/arm-none-eabi/4.8.4/armv6-m/crtbegin.o
 .ARM.attributes
                0x0000004a       0x1b c:/freescale/kds_v3/toolchain/bin/../lib/gcc/arm-none-eabi/4.8.4/../../../../arm-none-eabi/lib/armv6-m/crt0.o
 .ARM.attributes
                0x00000065       0x32 ./utilities/fsl_debug_console.o
 .ARM.attributes
                0x00000097       0x32 ./utilities/fsl_misc_utilities.o
 .ARM.attributes
                0x000000c9       0x32 ./startup/startup.o
 .ARM.attributes
                0x000000fb       0x1b ./startup/startup_MKL25Z4.o
 .ARM.attributes
                0x00000116       0x32 ./startup/system_MKL25Z4.o
 .ARM.attributes
                0x00000148       0x32 ./source/fsl_adc_irq.o
 .ARM.attributes
                0x0000017a       0x32 ./source/main.o
 .ARM.attributes
                0x000001ac       0x32 ./board/board.o
 .ARM.attributes
                0x000001de       0x32 ./board/hardware_init.o
 .ARM.attributes
                0x00000210       0x32 ./Custom_Sources/Custom_UART.o
 .ARM.attributes
                0x00000242       0x32 ./Custom_Sources/project_3.o
 .ARM.attributes
                0x00000274       0x32 C:/Freescale/KSDK_1.3.0/examples/frdmkl25z/demo_apps/adc_hw_trigger/lptmr/kds/../../../../../../lib/ksdk_platform_lib/kds/KL25Z4/debug/libksdk_platform.a(fsl_sim_hal_MKL25Z4.o)
 .ARM.attributes
                0x000002a6       0x32 C:/Freescale/KSDK_1.3.0/examples/frdmkl25z/demo_apps/adc_hw_trigger/lptmr/kds/../../../../../../lib/ksdk_platform_lib/kds/KL25Z4/debug/libksdk_platform.a(fsl_clock_MKL25Z4.o)
 .ARM.attributes
                0x000002d8       0x32 C:/Freescale/KSDK_1.3.0/examples/frdmkl25z/demo_apps/adc_hw_trigger/lptmr/kds/../../../../../../lib/ksdk_platform_lib/kds/KL25Z4/debug/libksdk_platform.a(fsl_clock_manager.o)
 .ARM.attributes
                0x0000030a       0x32 C:/Freescale/KSDK_1.3.0/examples/frdmkl25z/demo_apps/adc_hw_trigger/lptmr/kds/../../../../../../lib/ksdk_platform_lib/kds/KL25Z4/debug/libksdk_platform.a(fsl_clock_manager_common.o)
 .ARM.attributes
                0x0000033c       0x32 C:/Freescale/KSDK_1.3.0/examples/frdmkl25z/demo_apps/adc_hw_trigger/lptmr/kds/../../../../../../lib/ksdk_platform_lib/kds/KL25Z4/debug/libksdk_platform.a(fsl_adc16_driver.o)
 .ARM.attributes
                0x0000036e       0x32 C:/Freescale/KSDK_1.3.0/examples/frdmkl25z/demo_apps/adc_hw_trigger/lptmr/kds/../../../../../../lib/ksdk_platform_lib/kds/KL25Z4/debug/libksdk_platform.a(fsl_osc_hal.o)
 .ARM.attributes
                0x000003a0       0x32 C:/Freescale/KSDK_1.3.0/examples/frdmkl25z/demo_apps/adc_hw_trigger/lptmr/kds/../../../../../../lib/ksdk_platform_lib/kds/KL25Z4/debug/libksdk_platform.a(fsl_mcg_hal.o)
 .ARM.attributes
                0x000003d2       0x32 C:/Freescale/KSDK_1.3.0/examples/frdmkl25z/demo_apps/adc_hw_trigger/lptmr/kds/../../../../../../lib/ksdk_platform_lib/kds/KL25Z4/debug/libksdk_platform.a(fsl_mcg_hal_modes.o)
 .ARM.attributes
                0x00000404       0x32 C:/Freescale/KSDK_1.3.0/examples/frdmkl25z/demo_apps/adc_hw_trigger/lptmr/kds/../../../../../../lib/ksdk_platform_lib/kds/KL25Z4/debug/libksdk_platform.a(fsl_adc16_common.o)
 .ARM.attributes
                0x00000436       0x2c c:/freescale/kds_v3/toolchain/bin/../lib/gcc/arm-none-eabi/4.8.4/../../../../arm-none-eabi/lib/armv6-m\libg_s.a(lib_a-assert.o)
 .ARM.attributes
                0x00000462       0x2c c:/freescale/kds_v3/toolchain/bin/../lib/gcc/arm-none-eabi/4.8.4/../../../../arm-none-eabi/lib/armv6-m\libg_s.a(lib_a-errno.o)
 .ARM.attributes
                0x0000048e       0x2c c:/freescale/kds_v3/toolchain/bin/../lib/gcc/arm-none-eabi/4.8.4/../../../../arm-none-eabi/lib/armv6-m\libg_s.a(lib_a-exit.o)
 .ARM.attributes
                0x000004ba       0x2c c:/freescale/kds_v3/toolchain/bin/../lib/gcc/arm-none-eabi/4.8.4/../../../../arm-none-eabi/lib/armv6-m\libg_s.a(lib_a-fprintf.o)
 .ARM.attributes
                0x000004e6       0x2c c:/freescale/kds_v3/toolchain/bin/../lib/gcc/arm-none-eabi/4.8.4/../../../../arm-none-eabi/lib/armv6-m\libg_s.a(lib_a-impure.o)
 .ARM.attributes
                0x00000512       0x2c c:/freescale/kds_v3/toolchain/bin/../lib/gcc/arm-none-eabi/4.8.4/../../../../arm-none-eabi/lib/armv6-m\libg_s.a(lib_a-init.o)
 .ARM.attributes
                0x0000053e       0x2c c:/freescale/kds_v3/toolchain/bin/../lib/gcc/arm-none-eabi/4.8.4/../../../../arm-none-eabi/lib/armv6-m\libg_s.a(lib_a-malign.o)
 .ARM.attributes
                0x0000056a       0x2c c:/freescale/kds_v3/toolchain/bin/../lib/gcc/arm-none-eabi/4.8.4/../../../../arm-none-eabi/lib/armv6-m\libg_s.a(lib_a-malloc.o)
 .ARM.attributes
                0x00000596       0x2c c:/freescale/kds_v3/toolchain/bin/../lib/gcc/arm-none-eabi/4.8.4/../../../../arm-none-eabi/lib/armv6-m\libg_s.a(lib_a-memset.o)
 .ARM.attributes
                0x000005c2       0x2c c:/freescale/kds_v3/toolchain/bin/../lib/gcc/arm-none-eabi/4.8.4/../../../../arm-none-eabi/lib/armv6-m\libg_s.a(lib_a-nano-callocr.o)
 .ARM.attributes
                0x000005ee       0x2c c:/freescale/kds_v3/toolchain/bin/../lib/gcc/arm-none-eabi/4.8.4/../../../../arm-none-eabi/lib/armv6-m\libg_s.a(lib_a-nano-freer.o)
 .ARM.attributes
                0x0000061a       0x2c c:/freescale/kds_v3/toolchain/bin/../lib/gcc/arm-none-eabi/4.8.4/../../../../arm-none-eabi/lib/armv6-m\libg_s.a(lib_a-nano-malignr.o)
 .ARM.attributes
                0x00000646       0x2c c:/freescale/kds_v3/toolchain/bin/../lib/gcc/arm-none-eabi/4.8.4/../../../../arm-none-eabi/lib/armv6-m\libg_s.a(lib_a-nano-mallocr.o)
 .ARM.attributes
                0x00000672       0x2c c:/freescale/kds_v3/toolchain/bin/../lib/gcc/arm-none-eabi/4.8.4/../../../../arm-none-eabi/lib/armv6-m\libg_s.a(lib_a-sbrkr.o)
 .ARM.attributes
                0x0000069e       0x2c c:/freescale/kds_v3/toolchain/bin/../lib/gcc/arm-none-eabi/4.8.4/../../../../arm-none-eabi/lib/armv6-m\libg_s.a(lib_a-sprintf.o)
 .ARM.attributes
                0x000006ca       0x2c c:/freescale/kds_v3/toolchain/bin/../lib/gcc/arm-none-eabi/4.8.4/../../../../arm-none-eabi/lib/armv6-m\libg_s.a(lib_a-strlen.o)
 .ARM.attributes
                0x000006f6       0x2c c:/freescale/kds_v3/toolchain/bin/../lib/gcc/arm-none-eabi/4.8.4/../../../../arm-none-eabi/lib/armv6-m\libg_s.a(lib_a-svfprintf.o)
 .ARM.attributes
                0x00000722       0x2c c:/freescale/kds_v3/toolchain/bin/../lib/gcc/arm-none-eabi/4.8.4/../../../../arm-none-eabi/lib/armv6-m\libg_s.a(lib_a-vfprintf.o)
 .ARM.attributes
                0x0000074e       0x2c c:/freescale/kds_v3/toolchain/bin/../lib/gcc/arm-none-eabi/4.8.4/../../../../arm-none-eabi/lib/armv6-m\libg_s.a(lib_a-vfprintf_float.o)
 .ARM.attributes
                0x0000077a       0x2c c:/freescale/kds_v3/toolchain/bin/../lib/gcc/arm-none-eabi/4.8.4/../../../../arm-none-eabi/lib/armv6-m\libg_s.a(lib_a-vfprintf_i.o)
 .ARM.attributes
                0x000007a6       0x2c c:/freescale/kds_v3/toolchain/bin/../lib/gcc/arm-none-eabi/4.8.4/../../../../arm-none-eabi/lib/armv6-m\libg_s.a(lib_a-wbuf.o)
 .ARM.attributes
                0x000007d2       0x2c c:/freescale/kds_v3/toolchain/bin/../lib/gcc/arm-none-eabi/4.8.4/../../../../arm-none-eabi/lib/armv6-m\libg_s.a(lib_a-wsetup.o)
 .ARM.attributes
                0x000007fe       0x2c c:/freescale/kds_v3/toolchain/bin/../lib/gcc/arm-none-eabi/4.8.4/../../../../arm-none-eabi/lib/armv6-m\libg_s.a(lib_a-abort.o)
 .ARM.attributes
                0x0000082a       0x2c c:/freescale/kds_v3/toolchain/bin/../lib/gcc/arm-none-eabi/4.8.4/../../../../arm-none-eabi/lib/armv6-m\libg_s.a(lib_a-dtoa.o)
 .ARM.attributes
                0x00000856       0x2c c:/freescale/kds_v3/toolchain/bin/../lib/gcc/arm-none-eabi/4.8.4/../../../../arm-none-eabi/lib/armv6-m\libg_s.a(lib_a-fflush.o)
 .ARM.attributes
                0x00000882       0x2c c:/freescale/kds_v3/toolchain/bin/../lib/gcc/arm-none-eabi/4.8.4/../../../../arm-none-eabi/lib/armv6-m\libg_s.a(lib_a-findfp.o)
 .ARM.attributes
                0x000008ae       0x2c c:/freescale/kds_v3/toolchain/bin/../lib/gcc/arm-none-eabi/4.8.4/../../../../arm-none-eabi/lib/armv6-m\libg_s.a(lib_a-locale.o)
 .ARM.attributes
                0x000008da       0x2c c:/freescale/kds_v3/toolchain/bin/../lib/gcc/arm-none-eabi/4.8.4/../../../../arm-none-eabi/lib/armv6-m\libg_s.a(lib_a-makebuf.o)
 .ARM.attributes
                0x00000906       0x2c c:/freescale/kds_v3/toolchain/bin/../lib/gcc/arm-none-eabi/4.8.4/../../../../arm-none-eabi/lib/armv6-m\libg_s.a(lib_a-memchr-stub.o)
 .ARM.attributes
                0x00000932       0x2c c:/freescale/kds_v3/toolchain/bin/../lib/gcc/arm-none-eabi/4.8.4/../../../../arm-none-eabi/lib/armv6-m\libg_s.a(lib_a-memcpy-stub.o)
 .ARM.attributes
                0x0000095e       0x2c c:/freescale/kds_v3/toolchain/bin/../lib/gcc/arm-none-eabi/4.8.4/../../../../arm-none-eabi/lib/armv6-m\libg_s.a(lib_a-memmove.o)
 .ARM.attributes
                0x0000098a       0x2c c:/freescale/kds_v3/toolchain/bin/../lib/gcc/arm-none-eabi/4.8.4/../../../../arm-none-eabi/lib/armv6-m\libg_s.a(lib_a-mprec.o)
 .ARM.attributes
                0x000009b6       0x2c c:/freescale/kds_v3/toolchain/bin/../lib/gcc/arm-none-eabi/4.8.4/../../../../arm-none-eabi/lib/armv6-m\libg_s.a(lib_a-nano-reallocr.o)
 .ARM.attributes
                0x000009e2       0x2c c:/freescale/kds_v3/toolchain/bin/../lib/gcc/arm-none-eabi/4.8.4/../../../../arm-none-eabi/lib/armv6-m\libg_s.a(lib_a-reent.o)
 .ARM.attributes
                0x00000a0e       0x2c c:/freescale/kds_v3/toolchain/bin/../lib/gcc/arm-none-eabi/4.8.4/../../../../arm-none-eabi/lib/armv6-m\libg_s.a(lib_a-s_fpclassify.o)
 .ARM.attributes
                0x00000a3a       0x2c c:/freescale/kds_v3/toolchain/bin/../lib/gcc/arm-none-eabi/4.8.4/../../../../arm-none-eabi/lib/armv6-m\libg_s.a(lib_a-signal.o)
 .ARM.attributes
                0x00000a66       0x2c c:/freescale/kds_v3/toolchain/bin/../lib/gcc/arm-none-eabi/4.8.4/../../../../arm-none-eabi/lib/armv6-m\libg_s.a(lib_a-signalr.o)
 .ARM.attributes
                0x00000a92       0x2c c:/freescale/kds_v3/toolchain/bin/../lib/gcc/arm-none-eabi/4.8.4/../../../../arm-none-eabi/lib/armv6-m\libg_s.a(lib_a-stdio.o)
 .ARM.attributes
                0x00000abe       0x2c c:/freescale/kds_v3/toolchain/bin/../lib/gcc/arm-none-eabi/4.8.4/../../../../arm-none-eabi/lib/armv6-m\libg_s.a(lib_a-writer.o)
 .ARM.attributes
                0x00000aea       0x2c c:/freescale/kds_v3/toolchain/bin/../lib/gcc/arm-none-eabi/4.8.4/../../../../arm-none-eabi/lib/armv6-m\libg_s.a(lib_a-closer.o)
 .ARM.attributes
                0x00000b16       0x2c c:/freescale/kds_v3/toolchain/bin/../lib/gcc/arm-none-eabi/4.8.4/../../../../arm-none-eabi/lib/armv6-m\libg_s.a(lib_a-fstatr.o)
 .ARM.attributes
                0x00000b42       0x2c c:/freescale/kds_v3/toolchain/bin/../lib/gcc/arm-none-eabi/4.8.4/../../../../arm-none-eabi/lib/armv6-m\libg_s.a(lib_a-isattyr.o)
 .ARM.attributes
                0x00000b6e       0x2c c:/freescale/kds_v3/toolchain/bin/../lib/gcc/arm-none-eabi/4.8.4/../../../../arm-none-eabi/lib/armv6-m\libg_s.a(lib_a-lseekr.o)
 .ARM.attributes
                0x00000b9a       0x2c c:/freescale/kds_v3/toolchain/bin/../lib/gcc/arm-none-eabi/4.8.4/../../../../arm-none-eabi/lib/armv6-m\libg_s.a(lib_a-nano-msizer.o)
 .ARM.attributes
                0x00000bc6       0x2c c:/freescale/kds_v3/toolchain/bin/../lib/gcc/arm-none-eabi/4.8.4/../../../../arm-none-eabi/lib/armv6-m\libg_s.a(lib_a-readr.o)
 .ARM.attributes
                0x00000bf2       0x1e c:/freescale/kds_v3/toolchain/bin/../lib/gcc/arm-none-eabi/4.8.4/armv6-m\libgcc.a(_thumb1_case_uqi.o)
 .ARM.attributes
                0x00000c10       0x1e c:/freescale/kds_v3/toolchain/bin/../lib/gcc/arm-none-eabi/4.8.4/armv6-m\libgcc.a(_udivsi3.o)
 .ARM.attributes
                0x00000c2e       0x1e c:/freescale/kds_v3/toolchain/bin/../lib/gcc/arm-none-eabi/4.8.4/armv6-m\libgcc.a(_divsi3.o)
 .ARM.attributes
                0x00000c4c       0x1e c:/freescale/kds_v3/toolchain/bin/../lib/gcc/arm-none-eabi/4.8.4/armv6-m\libgcc.a(_dvmd_tls.o)
 .ARM.attributes
                0x00000c6a       0x1e c:/freescale/kds_v3/toolchain/bin/../lib/gcc/arm-none-eabi/4.8.4/armv6-m\libgcc.a(_arm_cmpdf2.o)
 .ARM.attributes
                0x00000c88       0x2c c:/freescale/kds_v3/toolchain/bin/../lib/gcc/arm-none-eabi/4.8.4/armv6-m\libgcc.a(_fixunsdfsi.o)
 .ARM.attributes
                0x00000cb4       0x2c c:/freescale/kds_v3/toolchain/bin/../lib/gcc/arm-none-eabi/4.8.4/armv6-m\libgcc.a(adddf3.o)
 .ARM.attributes
                0x00000ce0       0x2c c:/freescale/kds_v3/toolchain/bin/../lib/gcc/arm-none-eabi/4.8.4/armv6-m\libgcc.a(divdf3.o)
 .ARM.attributes
                0x00000d0c       0x2c c:/freescale/kds_v3/toolchain/bin/../lib/gcc/arm-none-eabi/4.8.4/armv6-m\libgcc.a(eqdf2.o)
 .ARM.attributes
                0x00000d38       0x2c c:/freescale/kds_v3/toolchain/bin/../lib/gcc/arm-none-eabi/4.8.4/armv6-m\libgcc.a(gedf2.o)
 .ARM.attributes
                0x00000d64       0x2c c:/freescale/kds_v3/toolchain/bin/../lib/gcc/arm-none-eabi/4.8.4/armv6-m\libgcc.a(ledf2.o)
 .ARM.attributes
                0x00000d90       0x2c c:/freescale/kds_v3/toolchain/bin/../lib/gcc/arm-none-eabi/4.8.4/armv6-m\libgcc.a(muldf3.o)
 .ARM.attributes
                0x00000dbc       0x2c c:/freescale/kds_v3/toolchain/bin/../lib/gcc/arm-none-eabi/4.8.4/armv6-m\libgcc.a(subdf3.o)
 .ARM.attributes
                0x00000de8       0x2c c:/freescale/kds_v3/toolchain/bin/../lib/gcc/arm-none-eabi/4.8.4/armv6-m\libgcc.a(fixdfsi.o)
 .ARM.attributes
                0x00000e14       0x2c c:/freescale/kds_v3/toolchain/bin/../lib/gcc/arm-none-eabi/4.8.4/armv6-m\libgcc.a(floatsidf.o)
 .ARM.attributes
                0x00000e40       0x2c c:/freescale/kds_v3/toolchain/bin/../lib/gcc/arm-none-eabi/4.8.4/armv6-m\libgcc.a(floatunsidf.o)
 .ARM.attributes
                0x00000e6c       0x1e c:/freescale/kds_v3/toolchain/bin/../lib/gcc/arm-none-eabi/4.8.4/armv6-m\libgcc.a(_clzsi2.o)
 .ARM.attributes
                0x00000e8a       0x2c c:/freescale/kds_v3/toolchain/bin/../lib/gcc/arm-none-eabi/4.8.4/../../../../arm-none-eabi/lib/armv6-m\libnosys.a(close.o)
 .ARM.attributes
                0x00000eb6       0x2c c:/freescale/kds_v3/toolchain/bin/../lib/gcc/arm-none-eabi/4.8.4/../../../../arm-none-eabi/lib/armv6-m\libnosys.a(fstat.o)
 .ARM.attributes
                0x00000ee2       0x2c c:/freescale/kds_v3/toolchain/bin/../lib/gcc/arm-none-eabi/4.8.4/../../../../arm-none-eabi/lib/armv6-m\libnosys.a(getpid.o)
 .ARM.attributes
                0x00000f0e       0x2c c:/freescale/kds_v3/toolchain/bin/../lib/gcc/arm-none-eabi/4.8.4/../../../../arm-none-eabi/lib/armv6-m\libnosys.a(isatty.o)
 .ARM.attributes
                0x00000f3a       0x2c c:/freescale/kds_v3/toolchain/bin/../lib/gcc/arm-none-eabi/4.8.4/../../../../arm-none-eabi/lib/armv6-m\libnosys.a(kill.o)
 .ARM.attributes
                0x00000f66       0x2c c:/freescale/kds_v3/toolchain/bin/../lib/gcc/arm-none-eabi/4.8.4/../../../../arm-none-eabi/lib/armv6-m\libnosys.a(lseek.o)
 .ARM.attributes
                0x00000f92       0x2c c:/freescale/kds_v3/toolchain/bin/../lib/gcc/arm-none-eabi/4.8.4/../../../../arm-none-eabi/lib/armv6-m\libnosys.a(_exit.o)
 .ARM.attributes
                0x00000fbe       0x2c c:/freescale/kds_v3/toolchain/bin/../lib/gcc/arm-none-eabi/4.8.4/armv6-m/crtend.o
 .ARM.attributes
                0x00000fea       0x1e c:/freescale/kds_v3/toolchain/bin/../lib/gcc/arm-none-eabi/4.8.4/armv6-m/crtn.o
                0x00000001                ASSERT ((__StackLimit >= __HeapLimit), region m_data overflowed with stack and heap)
OUTPUT(adc_lptmr_trigger_frdmkl25z.elf elf32-littlearm)

.debug_info     0x00000000     0x9877
 .debug_info    0x00000000      0xa4c ./utilities/fsl_debug_console.o
 .debug_info    0x00000a4c      0x16e ./utilities/fsl_misc_utilities.o
 .debug_info    0x00000bba      0x27c ./startup/startup.o
 .debug_info    0x00000e36       0xcb ./startup/startup_MKL25Z4.o
 .debug_info    0x00000f01      0x3cf ./startup/system_MKL25Z4.o
 .debug_info    0x000012d0      0x1d4 ./source/fsl_adc_irq.o
 .debug_info    0x000014a4      0x362 ./source/main.o
 .debug_info    0x00001806      0xa43 ./board/board.o
 .debug_info    0x00002249       0xd3 ./board/hardware_init.o
 .debug_info    0x0000231c      0x480 ./Custom_Sources/Custom_UART.o
 .debug_info    0x0000279c      0x9e2 ./Custom_Sources/project_3.o
 .debug_info    0x0000317e      0x953 C:/Freescale/KSDK_1.3.0/examples/frdmkl25z/demo_apps/adc_hw_trigger/lptmr/kds/../../../../../../lib/ksdk_platform_lib/kds/KL25Z4/debug/libksdk_platform.a(fsl_sim_hal_MKL25Z4.o)
 .debug_info    0x00003ad1     0x17a4 C:/Freescale/KSDK_1.3.0/examples/frdmkl25z/demo_apps/adc_hw_trigger/lptmr/kds/../../../../../../lib/ksdk_platform_lib/kds/KL25Z4/debug/libksdk_platform.a(fsl_clock_MKL25Z4.o)
 .debug_info    0x00005275     0x1682 C:/Freescale/KSDK_1.3.0/examples/frdmkl25z/demo_apps/adc_hw_trigger/lptmr/kds/../../../../../../lib/ksdk_platform_lib/kds/KL25Z4/debug/libksdk_platform.a(fsl_clock_manager.o)
 .debug_info    0x000068f7      0x448 C:/Freescale/KSDK_1.3.0/examples/frdmkl25z/demo_apps/adc_hw_trigger/lptmr/kds/../../../../../../lib/ksdk_platform_lib/kds/KL25Z4/debug/libksdk_platform.a(fsl_clock_manager_common.o)
 .debug_info    0x00006d3f     0x1273 C:/Freescale/KSDK_1.3.0/examples/frdmkl25z/demo_apps/adc_hw_trigger/lptmr/kds/../../../../../../lib/ksdk_platform_lib/kds/KL25Z4/debug/libksdk_platform.a(fsl_adc16_driver.o)
 .debug_info    0x00007fb2       0xef C:/Freescale/KSDK_1.3.0/examples/frdmkl25z/demo_apps/adc_hw_trigger/lptmr/kds/../../../../../../lib/ksdk_platform_lib/kds/KL25Z4/debug/libksdk_platform.a(fsl_osc_hal.o)
 .debug_info    0x000080a1      0xc23 C:/Freescale/KSDK_1.3.0/examples/frdmkl25z/demo_apps/adc_hw_trigger/lptmr/kds/../../../../../../lib/ksdk_platform_lib/kds/KL25Z4/debug/libksdk_platform.a(fsl_mcg_hal.o)
 .debug_info    0x00008cc4      0x850 C:/Freescale/KSDK_1.3.0/examples/frdmkl25z/demo_apps/adc_hw_trigger/lptmr/kds/../../../../../../lib/ksdk_platform_lib/kds/KL25Z4/debug/libksdk_platform.a(fsl_mcg_hal_modes.o)
 .debug_info    0x00009514      0x363 C:/Freescale/KSDK_1.3.0/examples/frdmkl25z/demo_apps/adc_hw_trigger/lptmr/kds/../../../../../../lib/ksdk_platform_lib/kds/KL25Z4/debug/libksdk_platform.a(fsl_adc16_common.o)

.debug_abbrev   0x00000000     0x1c39
 .debug_abbrev  0x00000000      0x237 ./utilities/fsl_debug_console.o
 .debug_abbrev  0x00000237       0xc1 ./utilities/fsl_misc_utilities.o
 .debug_abbrev  0x000002f8       0xe6 ./startup/startup.o
 .debug_abbrev  0x000003de       0x14 ./startup/startup_MKL25Z4.o
 .debug_abbrev  0x000003f2      0x106 ./startup/system_MKL25Z4.o
 .debug_abbrev  0x000004f8      0x10d ./source/fsl_adc_irq.o
 .debug_abbrev  0x00000605      0x103 ./source/main.o
 .debug_abbrev  0x00000708      0x253 ./board/board.o
 .debug_abbrev  0x0000095b       0x72 ./board/hardware_init.o
 .debug_abbrev  0x000009cd      0x127 ./Custom_Sources/Custom_UART.o
 .debug_abbrev  0x00000af4      0x1d4 ./Custom_Sources/project_3.o
 .debug_abbrev  0x00000cc8      0x188 C:/Freescale/KSDK_1.3.0/examples/frdmkl25z/demo_apps/adc_hw_trigger/lptmr/kds/../../../../../../lib/ksdk_platform_lib/kds/KL25Z4/debug/libksdk_platform.a(fsl_sim_hal_MKL25Z4.o)
 .debug_abbrev  0x00000e50      0x2ef C:/Freescale/KSDK_1.3.0/examples/frdmkl25z/demo_apps/adc_hw_trigger/lptmr/kds/../../../../../../lib/ksdk_platform_lib/kds/KL25Z4/debug/libksdk_platform.a(fsl_clock_MKL25Z4.o)
 .debug_abbrev  0x0000113f      0x2a9 C:/Freescale/KSDK_1.3.0/examples/frdmkl25z/demo_apps/adc_hw_trigger/lptmr/kds/../../../../../../lib/ksdk_platform_lib/kds/KL25Z4/debug/libksdk_platform.a(fsl_clock_manager.o)
 .debug_abbrev  0x000013e8       0xdb C:/Freescale/KSDK_1.3.0/examples/frdmkl25z/demo_apps/adc_hw_trigger/lptmr/kds/../../../../../../lib/ksdk_platform_lib/kds/KL25Z4/debug/libksdk_platform.a(fsl_clock_manager_common.o)
 .debug_abbrev  0x000014c3      0x239 C:/Freescale/KSDK_1.3.0/examples/frdmkl25z/demo_apps/adc_hw_trigger/lptmr/kds/../../../../../../lib/ksdk_platform_lib/kds/KL25Z4/debug/libksdk_platform.a(fsl_adc16_driver.o)
 .debug_abbrev  0x000016fc       0x99 C:/Freescale/KSDK_1.3.0/examples/frdmkl25z/demo_apps/adc_hw_trigger/lptmr/kds/../../../../../../lib/ksdk_platform_lib/kds/KL25Z4/debug/libksdk_platform.a(fsl_osc_hal.o)
 .debug_abbrev  0x00001795      0x234 C:/Freescale/KSDK_1.3.0/examples/frdmkl25z/demo_apps/adc_hw_trigger/lptmr/kds/../../../../../../lib/ksdk_platform_lib/kds/KL25Z4/debug/libksdk_platform.a(fsl_mcg_hal.o)
 .debug_abbrev  0x000019c9      0x1a4 C:/Freescale/KSDK_1.3.0/examples/frdmkl25z/demo_apps/adc_hw_trigger/lptmr/kds/../../../../../../lib/ksdk_platform_lib/kds/KL25Z4/debug/libksdk_platform.a(fsl_mcg_hal_modes.o)
 .debug_abbrev  0x00001b6d       0xcc C:/Freescale/KSDK_1.3.0/examples/frdmkl25z/demo_apps/adc_hw_trigger/lptmr/kds/../../../../../../lib/ksdk_platform_lib/kds/KL25Z4/debug/libksdk_platform.a(fsl_adc16_common.o)

.debug_aranges  0x00000000      0x978
 .debug_aranges
                0x00000000       0xa0 ./utilities/fsl_debug_console.o
 .debug_aranges
                0x000000a0       0x28 ./utilities/fsl_misc_utilities.o
 .debug_aranges
                0x000000c8       0x20 ./startup/startup.o
 .debug_aranges
                0x000000e8       0x20 ./startup/startup_MKL25Z4.o
 .debug_aranges
                0x00000108       0x28 ./startup/system_MKL25Z4.o
 .debug_aranges
                0x00000130       0x38 ./source/fsl_adc_irq.o
 .debug_aranges
                0x00000168       0x20 ./source/main.o
 .debug_aranges
                0x00000188       0x70 ./board/board.o
 .debug_aranges
                0x000001f8       0x20 ./board/hardware_init.o
 .debug_aranges
                0x00000218       0x38 ./Custom_Sources/Custom_UART.o
 .debug_aranges
                0x00000250       0x58 ./Custom_Sources/project_3.o
 .debug_aranges
                0x000002a8       0x90 C:/Freescale/KSDK_1.3.0/examples/frdmkl25z/demo_apps/adc_hw_trigger/lptmr/kds/../../../../../../lib/ksdk_platform_lib/kds/KL25Z4/debug/libksdk_platform.a(fsl_sim_hal_MKL25Z4.o)
 .debug_aranges
                0x00000338      0x210 C:/Freescale/KSDK_1.3.0/examples/frdmkl25z/demo_apps/adc_hw_trigger/lptmr/kds/../../../../../../lib/ksdk_platform_lib/kds/KL25Z4/debug/libksdk_platform.a(fsl_clock_MKL25Z4.o)
 .debug_aranges
                0x00000548      0x150 C:/Freescale/KSDK_1.3.0/examples/frdmkl25z/demo_apps/adc_hw_trigger/lptmr/kds/../../../../../../lib/ksdk_platform_lib/kds/KL25Z4/debug/libksdk_platform.a(fsl_clock_manager.o)
 .debug_aranges
                0x00000698       0x18 C:/Freescale/KSDK_1.3.0/examples/frdmkl25z/demo_apps/adc_hw_trigger/lptmr/kds/../../../../../../lib/ksdk_platform_lib/kds/KL25Z4/debug/libksdk_platform.a(fsl_clock_manager_common.o)
 .debug_aranges
                0x000006b0      0x108 C:/Freescale/KSDK_1.3.0/examples/frdmkl25z/demo_apps/adc_hw_trigger/lptmr/kds/../../../../../../lib/ksdk_platform_lib/kds/KL25Z4/debug/libksdk_platform.a(fsl_adc16_driver.o)
 .debug_aranges
                0x000007b8       0x20 C:/Freescale/KSDK_1.3.0/examples/frdmkl25z/demo_apps/adc_hw_trigger/lptmr/kds/../../../../../../lib/ksdk_platform_lib/kds/KL25Z4/debug/libksdk_platform.a(fsl_osc_hal.o)
 .debug_aranges
                0x000007d8       0xf0 C:/Freescale/KSDK_1.3.0/examples/frdmkl25z/demo_apps/adc_hw_trigger/lptmr/kds/../../../../../../lib/ksdk_platform_lib/kds/KL25Z4/debug/libksdk_platform.a(fsl_mcg_hal.o)
 .debug_aranges
                0x000008c8       0x98 C:/Freescale/KSDK_1.3.0/examples/frdmkl25z/demo_apps/adc_hw_trigger/lptmr/kds/../../../../../../lib/ksdk_platform_lib/kds/KL25Z4/debug/libksdk_platform.a(fsl_mcg_hal_modes.o)
 .debug_aranges
                0x00000960       0x18 C:/Freescale/KSDK_1.3.0/examples/frdmkl25z/demo_apps/adc_hw_trigger/lptmr/kds/../../../../../../lib/ksdk_platform_lib/kds/KL25Z4/debug/libksdk_platform.a(fsl_adc16_common.o)

.debug_ranges   0x00000000      0x818
 .debug_ranges  0x00000000       0x90 ./utilities/fsl_debug_console.o
 .debug_ranges  0x00000090       0x18 ./utilities/fsl_misc_utilities.o
 .debug_ranges  0x000000a8       0x10 ./startup/startup.o
 .debug_ranges  0x000000b8       0x18 ./startup/system_MKL25Z4.o
 .debug_ranges  0x000000d0       0x28 ./source/fsl_adc_irq.o
 .debug_ranges  0x000000f8       0x10 ./source/main.o
 .debug_ranges  0x00000108       0x60 ./board/board.o
 .debug_ranges  0x00000168       0x10 ./board/hardware_init.o
 .debug_ranges  0x00000178       0x28 ./Custom_Sources/Custom_UART.o
 .debug_ranges  0x000001a0       0x48 ./Custom_Sources/project_3.o
 .debug_ranges  0x000001e8       0x80 C:/Freescale/KSDK_1.3.0/examples/frdmkl25z/demo_apps/adc_hw_trigger/lptmr/kds/../../../../../../lib/ksdk_platform_lib/kds/KL25Z4/debug/libksdk_platform.a(fsl_sim_hal_MKL25Z4.o)
 .debug_ranges  0x00000268      0x200 C:/Freescale/KSDK_1.3.0/examples/frdmkl25z/demo_apps/adc_hw_trigger/lptmr/kds/../../../../../../lib/ksdk_platform_lib/kds/KL25Z4/debug/libksdk_platform.a(fsl_clock_MKL25Z4.o)
 .debug_ranges  0x00000468      0x140 C:/Freescale/KSDK_1.3.0/examples/frdmkl25z/demo_apps/adc_hw_trigger/lptmr/kds/../../../../../../lib/ksdk_platform_lib/kds/KL25Z4/debug/libksdk_platform.a(fsl_clock_manager.o)
 .debug_ranges  0x000005a8       0xf8 C:/Freescale/KSDK_1.3.0/examples/frdmkl25z/demo_apps/adc_hw_trigger/lptmr/kds/../../../../../../lib/ksdk_platform_lib/kds/KL25Z4/debug/libksdk_platform.a(fsl_adc16_driver.o)
 .debug_ranges  0x000006a0       0x10 C:/Freescale/KSDK_1.3.0/examples/frdmkl25z/demo_apps/adc_hw_trigger/lptmr/kds/../../../../../../lib/ksdk_platform_lib/kds/KL25Z4/debug/libksdk_platform.a(fsl_osc_hal.o)
 .debug_ranges  0x000006b0       0xe0 C:/Freescale/KSDK_1.3.0/examples/frdmkl25z/demo_apps/adc_hw_trigger/lptmr/kds/../../../../../../lib/ksdk_platform_lib/kds/KL25Z4/debug/libksdk_platform.a(fsl_mcg_hal.o)
 .debug_ranges  0x00000790       0x88 C:/Freescale/KSDK_1.3.0/examples/frdmkl25z/demo_apps/adc_hw_trigger/lptmr/kds/../../../../../../lib/ksdk_platform_lib/kds/KL25Z4/debug/libksdk_platform.a(fsl_mcg_hal_modes.o)

.debug_line     0x00000000     0x3786
 .debug_line    0x00000000      0x3af ./utilities/fsl_debug_console.o
 .debug_line    0x000003af       0xd5 ./utilities/fsl_misc_utilities.o
 .debug_line    0x00000484      0x124 ./startup/startup.o
 .debug_line    0x000005a8       0x88 ./startup/startup_MKL25Z4.o
 .debug_line    0x00000630      0x167 ./startup/system_MKL25Z4.o
 .debug_line    0x00000797      0x15a ./source/fsl_adc_irq.o
 .debug_line    0x000008f1      0x1a5 ./source/main.o
 .debug_line    0x00000a96      0x3b9 ./board/board.o
 .debug_line    0x00000e4f      0x12d ./board/hardware_init.o
 .debug_line    0x00000f7c      0x1b5 ./Custom_Sources/Custom_UART.o
 .debug_line    0x00001131      0x218 ./Custom_Sources/project_3.o
 .debug_line    0x00001349      0x362 C:/Freescale/KSDK_1.3.0/examples/frdmkl25z/demo_apps/adc_hw_trigger/lptmr/kds/../../../../../../lib/ksdk_platform_lib/kds/KL25Z4/debug/libksdk_platform.a(fsl_sim_hal_MKL25Z4.o)
 .debug_line    0x000016ab      0x893 C:/Freescale/KSDK_1.3.0/examples/frdmkl25z/demo_apps/adc_hw_trigger/lptmr/kds/../../../../../../lib/ksdk_platform_lib/kds/KL25Z4/debug/libksdk_platform.a(fsl_clock_MKL25Z4.o)
 .debug_line    0x00001f3e      0x76d C:/Freescale/KSDK_1.3.0/examples/frdmkl25z/demo_apps/adc_hw_trigger/lptmr/kds/../../../../../../lib/ksdk_platform_lib/kds/KL25Z4/debug/libksdk_platform.a(fsl_clock_manager.o)
 .debug_line    0x000026ab      0x14b C:/Freescale/KSDK_1.3.0/examples/frdmkl25z/demo_apps/adc_hw_trigger/lptmr/kds/../../../../../../lib/ksdk_platform_lib/kds/KL25Z4/debug/libksdk_platform.a(fsl_clock_manager_common.o)
 .debug_line    0x000027f6      0x59b C:/Freescale/KSDK_1.3.0/examples/frdmkl25z/demo_apps/adc_hw_trigger/lptmr/kds/../../../../../../lib/ksdk_platform_lib/kds/KL25Z4/debug/libksdk_platform.a(fsl_adc16_driver.o)
 .debug_line    0x00002d91       0xfb C:/Freescale/KSDK_1.3.0/examples/frdmkl25z/demo_apps/adc_hw_trigger/lptmr/kds/../../../../../../lib/ksdk_platform_lib/kds/KL25Z4/debug/libksdk_platform.a(fsl_osc_hal.o)
 .debug_line    0x00002e8c      0x455 C:/Freescale/KSDK_1.3.0/examples/frdmkl25z/demo_apps/adc_hw_trigger/lptmr/kds/../../../../../../lib/ksdk_platform_lib/kds/KL25Z4/debug/libksdk_platform.a(fsl_mcg_hal.o)
 .debug_line    0x000032e1      0x3b0 C:/Freescale/KSDK_1.3.0/examples/frdmkl25z/demo_apps/adc_hw_trigger/lptmr/kds/../../../../../../lib/ksdk_platform_lib/kds/KL25Z4/debug/libksdk_platform.a(fsl_mcg_hal_modes.o)
 .debug_line    0x00003691       0xf5 C:/Freescale/KSDK_1.3.0/examples/frdmkl25z/demo_apps/adc_hw_trigger/lptmr/kds/../../../../../../lib/ksdk_platform_lib/kds/KL25Z4/debug/libksdk_platform.a(fsl_adc16_common.o)

.debug_str      0x00000000     0x5028
 .debug_str     0x00000000      0xb98 ./utilities/fsl_debug_console.o
                                0xbeb (size before relaxing)
 .debug_str     0x00000b98       0x9d ./utilities/fsl_misc_utilities.o
                                0x282 (size before relaxing)
 .debug_str     0x00000c35      0x12a ./startup/startup.o
                                0x30c (size before relaxing)
 .debug_str     0x00000d5f      0x183 ./startup/system_MKL25Z4.o
                                0x365 (size before relaxing)
 .debug_str     0x00000ee2      0x14e ./source/fsl_adc_irq.o
                                0x340 (size before relaxing)
 .debug_str     0x00001030       0xf0 ./source/main.o
                                0x327 (size before relaxing)
 .debug_str     0x00001120      0x79b ./board/board.o
                                0xb50 (size before relaxing)
 .debug_str     0x000018bb       0x62 ./board/hardware_init.o
                                0x25e (size before relaxing)
 .debug_str     0x0000191d       0xa1 ./Custom_Sources/Custom_UART.o
                                0x398 (size before relaxing)
 .debug_str     0x000019be      0x34d ./Custom_Sources/project_3.o
                                0x6c7 (size before relaxing)
 .debug_str     0x00001d0b      0x4cf C:/Freescale/KSDK_1.3.0/examples/frdmkl25z/demo_apps/adc_hw_trigger/lptmr/kds/../../../../../../lib/ksdk_platform_lib/kds/KL25Z4/debug/libksdk_platform.a(fsl_sim_hal_MKL25Z4.o)
                                0x778 (size before relaxing)
 .debug_str     0x000021da      0xd80 C:/Freescale/KSDK_1.3.0/examples/frdmkl25z/demo_apps/adc_hw_trigger/lptmr/kds/../../../../../../lib/ksdk_platform_lib/kds/KL25Z4/debug/libksdk_platform.a(fsl_clock_MKL25Z4.o)
                               0x1508 (size before relaxing)
 .debug_str     0x00002f5a      0xbb3 C:/Freescale/KSDK_1.3.0/examples/frdmkl25z/demo_apps/adc_hw_trigger/lptmr/kds/../../../../../../lib/ksdk_platform_lib/kds/KL25Z4/debug/libksdk_platform.a(fsl_clock_manager.o)
                               0x16ee (size before relaxing)
 .debug_str     0x00003b0d       0x61 C:/Freescale/KSDK_1.3.0/examples/frdmkl25z/demo_apps/adc_hw_trigger/lptmr/kds/../../../../../../lib/ksdk_platform_lib/kds/KL25Z4/debug/libksdk_platform.a(fsl_clock_manager_common.o)
                                0x34e (size before relaxing)
 .debug_str     0x00003b6e      0xcee C:/Freescale/KSDK_1.3.0/examples/frdmkl25z/demo_apps/adc_hw_trigger/lptmr/kds/../../../../../../lib/ksdk_platform_lib/kds/KL25Z4/debug/libksdk_platform.a(fsl_adc16_driver.o)
                               0x1238 (size before relaxing)
 .debug_str     0x0000485c       0x58 C:/Freescale/KSDK_1.3.0/examples/frdmkl25z/demo_apps/adc_hw_trigger/lptmr/kds/../../../../../../lib/ksdk_platform_lib/kds/KL25Z4/debug/libksdk_platform.a(fsl_osc_hal.o)
                                0x233 (size before relaxing)
 .debug_str     0x000048b4      0x5c9 C:/Freescale/KSDK_1.3.0/examples/frdmkl25z/demo_apps/adc_hw_trigger/lptmr/kds/../../../../../../lib/ksdk_platform_lib/kds/KL25Z4/debug/libksdk_platform.a(fsl_mcg_hal.o)
                                0xb5b (size before relaxing)
 .debug_str     0x00004e7d      0x165 C:/Freescale/KSDK_1.3.0/examples/frdmkl25z/demo_apps/adc_hw_trigger/lptmr/kds/../../../../../../lib/ksdk_platform_lib/kds/KL25Z4/debug/libksdk_platform.a(fsl_mcg_hal_modes.o)
                                0x8d4 (size before relaxing)
 .debug_str     0x00004fe2       0x46 C:/Freescale/KSDK_1.3.0/examples/frdmkl25z/demo_apps/adc_hw_trigger/lptmr/kds/../../../../../../lib/ksdk_platform_lib/kds/KL25Z4/debug/libksdk_platform.a(fsl_adc16_common.o)
                                0x451 (size before relaxing)

.comment        0x00000000       0x70
 .comment       0x00000000       0x70 ./utilities/fsl_debug_console.o
                                 0x71 (size before relaxing)
 .comment       0x00000000       0x71 ./utilities/fsl_misc_utilities.o
 .comment       0x00000000       0x71 ./startup/startup.o
 .comment       0x00000000       0x71 ./startup/system_MKL25Z4.o
 .comment       0x00000000       0x71 ./source/fsl_adc_irq.o
 .comment       0x00000000       0x71 ./source/main.o
 .comment       0x00000000       0x71 ./board/board.o
 .comment       0x00000000       0x71 ./board/hardware_init.o
 .comment       0x00000000       0x71 ./Custom_Sources/Custom_UART.o
 .comment       0x00000000       0x71 ./Custom_Sources/project_3.o
 .comment       0x00000000       0x71 C:/Freescale/KSDK_1.3.0/examples/frdmkl25z/demo_apps/adc_hw_trigger/lptmr/kds/../../../../../../lib/ksdk_platform_lib/kds/KL25Z4/debug/libksdk_platform.a(fsl_sim_hal_MKL25Z4.o)
 .comment       0x00000000       0x71 C:/Freescale/KSDK_1.3.0/examples/frdmkl25z/demo_apps/adc_hw_trigger/lptmr/kds/../../../../../../lib/ksdk_platform_lib/kds/KL25Z4/debug/libksdk_platform.a(fsl_clock_MKL25Z4.o)
 .comment       0x00000000       0x71 C:/Freescale/KSDK_1.3.0/examples/frdmkl25z/demo_apps/adc_hw_trigger/lptmr/kds/../../../../../../lib/ksdk_platform_lib/kds/KL25Z4/debug/libksdk_platform.a(fsl_clock_manager.o)
 .comment       0x00000000       0x71 C:/Freescale/KSDK_1.3.0/examples/frdmkl25z/demo_apps/adc_hw_trigger/lptmr/kds/../../../../../../lib/ksdk_platform_lib/kds/KL25Z4/debug/libksdk_platform.a(fsl_clock_manager_common.o)
 .comment       0x00000000       0x71 C:/Freescale/KSDK_1.3.0/examples/frdmkl25z/demo_apps/adc_hw_trigger/lptmr/kds/../../../../../../lib/ksdk_platform_lib/kds/KL25Z4/debug/libksdk_platform.a(fsl_adc16_driver.o)
 .comment       0x00000000       0x71 C:/Freescale/KSDK_1.3.0/examples/frdmkl25z/demo_apps/adc_hw_trigger/lptmr/kds/../../../../../../lib/ksdk_platform_lib/kds/KL25Z4/debug/libksdk_platform.a(fsl_osc_hal.o)
 .comment       0x00000000       0x71 C:/Freescale/KSDK_1.3.0/examples/frdmkl25z/demo_apps/adc_hw_trigger/lptmr/kds/../../../../../../lib/ksdk_platform_lib/kds/KL25Z4/debug/libksdk_platform.a(fsl_mcg_hal.o)
 .comment       0x00000000       0x71 C:/Freescale/KSDK_1.3.0/examples/frdmkl25z/demo_apps/adc_hw_trigger/lptmr/kds/../../../../../../lib/ksdk_platform_lib/kds/KL25Z4/debug/libksdk_platform.a(fsl_mcg_hal_modes.o)
 .comment       0x00000000       0x71 C:/Freescale/KSDK_1.3.0/examples/frdmkl25z/demo_apps/adc_hw_trigger/lptmr/kds/../../../../../../lib/ksdk_platform_lib/kds/KL25Z4/debug/libksdk_platform.a(fsl_adc16_common.o)

.debug_frame    0x00000000     0x30c4
 .debug_frame   0x00000000      0x230 ./utilities/fsl_debug_console.o
 .debug_frame   0x00000230       0x50 ./utilities/fsl_misc_utilities.o
 .debug_frame   0x00000280       0x30 ./startup/startup.o
 .debug_frame   0x000002b0       0x4c ./startup/system_MKL25Z4.o
 .debug_frame   0x000002fc       0x8c ./source/fsl_adc_irq.o
 .debug_frame   0x00000388       0x30 ./source/main.o
 .debug_frame   0x000003b8      0x164 ./board/board.o
 .debug_frame   0x0000051c       0x2c ./board/hardware_init.o
 .debug_frame   0x00000548       0x8c ./Custom_Sources/Custom_UART.o
 .debug_frame   0x000005d4       0xfc ./Custom_Sources/project_3.o
 .debug_frame   0x000006d0      0x1f0 C:/Freescale/KSDK_1.3.0/examples/frdmkl25z/demo_apps/adc_hw_trigger/lptmr/kds/../../../../../../lib/ksdk_platform_lib/kds/KL25Z4/debug/libksdk_platform.a(fsl_sim_hal_MKL25Z4.o)
 .debug_frame   0x000008c0      0x7dc C:/Freescale/KSDK_1.3.0/examples/frdmkl25z/demo_apps/adc_hw_trigger/lptmr/kds/../../../../../../lib/ksdk_platform_lib/kds/KL25Z4/debug/libksdk_platform.a(fsl_clock_MKL25Z4.o)
 .debug_frame   0x0000109c      0x4ec C:/Freescale/KSDK_1.3.0/examples/frdmkl25z/demo_apps/adc_hw_trigger/lptmr/kds/../../../../../../lib/ksdk_platform_lib/kds/KL25Z4/debug/libksdk_platform.a(fsl_clock_manager.o)
 .debug_frame   0x00001588      0x3d0 C:/Freescale/KSDK_1.3.0/examples/frdmkl25z/demo_apps/adc_hw_trigger/lptmr/kds/../../../../../../lib/ksdk_platform_lib/kds/KL25Z4/debug/libksdk_platform.a(fsl_adc16_driver.o)
 .debug_frame   0x00001958       0x30 C:/Freescale/KSDK_1.3.0/examples/frdmkl25z/demo_apps/adc_hw_trigger/lptmr/kds/../../../../../../lib/ksdk_platform_lib/kds/KL25Z4/debug/libksdk_platform.a(fsl_osc_hal.o)
 .debug_frame   0x00001988      0x370 C:/Freescale/KSDK_1.3.0/examples/frdmkl25z/demo_apps/adc_hw_trigger/lptmr/kds/../../../../../../lib/ksdk_platform_lib/kds/KL25Z4/debug/libksdk_platform.a(fsl_mcg_hal.o)