Archive member included because of file (symbol)

C:/Freescale/KSDK_1.3.0/examples/frdmkl25z/demo_apps/adc_hw_trigger/lptmr/kds/../../../../../../lib/ksdk_platform_lib/kds/KL25Z4/debug/libksdk_platform.a(fsl_uart_hal.o)
                              ./utilities/fsl_debug_console.o (UART_HAL_SetBaudRate)
C:/Freescale/KSDK_1.3.0/examples/frdmkl25z/demo_apps/adc_hw_trigger/lptmr/kds/../../../../../../lib/ksdk_platform_lib/kds/KL25Z4/debug/libksdk_platform.a(fsl_sim_hal_MKL25Z4.o)
                              ./source/lptmr_trigger.o (SIM_HAL_SetAdcAlternativeTriggerCmd)
C:/Freescale/KSDK_1.3.0/examples/frdmkl25z/demo_apps/adc_hw_trigger/lptmr/kds/../../../../../../lib/ksdk_platform_lib/kds/KL25Z4/debug/libksdk_platform.a(fsl_lptmr_driver.o)
                              ./source/lptmr_trigger.o (LPTMR_DRV_Init)
C:/Freescale/KSDK_1.3.0/examples/frdmkl25z/demo_apps/adc_hw_trigger/lptmr/kds/../../../../../../lib/ksdk_platform_lib/kds/KL25Z4/debug/libksdk_platform.a(fsl_lpsci_hal.o)
                              ./utilities/fsl_debug_console.o (LPSCI_HAL_SetBaudRate)
C:/Freescale/KSDK_1.3.0/examples/frdmkl25z/demo_apps/adc_hw_trigger/lptmr/kds/../../../../../../lib/ksdk_platform_lib/kds/KL25Z4/debug/libksdk_platform.a(fsl_clock_MKL25Z4.o)
                              ./board/board.o (CLOCK_SYS_SetSimConfigration)
C:/Freescale/KSDK_1.3.0/examples/frdmkl25z/demo_apps/adc_hw_trigger/lptmr/kds/../../../../../../lib/ksdk_platform_lib/kds/KL25Z4/debug/libksdk_platform.a(fsl_clock_manager.o)
                              C:/Freescale/KSDK_1.3.0/examples/frdmkl25z/demo_apps/adc_hw_trigger/lptmr/kds/../../../../../../lib/ksdk_platform_lib/kds/KL25Z4/debug/libksdk_platform.a(fsl_clock_MKL25Z4.o) (CLOCK_SYS_GetSystickFreq)
C:/Freescale/KSDK_1.3.0/examples/frdmkl25z/demo_apps/adc_hw_trigger/lptmr/kds/../../../../../../lib/ksdk_platform_lib/kds/KL25Z4/debug/libksdk_platform.a(fsl_clock_manager_common.o)
                              C:/Freescale/KSDK_1.3.0/examples/frdmkl25z/demo_apps/adc_hw_trigger/lptmr/kds/../../../../../../lib/ksdk_platform_lib/kds/KL25Z4/debug/libksdk_platform.a(fsl_clock_MKL25Z4.o) (g_oscBase)
C:/Freescale/KSDK_1.3.0/examples/frdmkl25z/demo_apps/adc_hw_trigger/lptmr/kds/../../../../../../lib/ksdk_platform_lib/kds/KL25Z4/debug/libksdk_platform.a(fsl_adc16_driver.o)
                              ./source/fsl_adc_irq.o (ADC16_DRV_GetConvValueRAW)
C:/Freescale/KSDK_1.3.0/examples/frdmkl25z/demo_apps/adc_hw_trigger/lptmr/kds/../../../../../../lib/ksdk_platform_lib/kds/KL25Z4/debug/libksdk_platform.a(fsl_os_abstraction_bm.o)
                              C:/Freescale/KSDK_1.3.0/examples/frdmkl25z/demo_apps/adc_hw_trigger/lptmr/kds/../../../../../../lib/ksdk_platform_lib/kds/KL25Z4/debug/libksdk_platform.a(fsl_clock_manager.o) (OSA_EnterCritical)
C:/Freescale/KSDK_1.3.0/examples/frdmkl25z/demo_apps/adc_hw_trigger/lptmr/kds/../../../../../../lib/ksdk_platform_lib/kds/KL25Z4/debug/libksdk_platform.a(fsl_osc_hal.o)
                              C:/Freescale/KSDK_1.3.0/examples/frdmkl25z/demo_apps/adc_hw_trigger/lptmr/kds/../../../../../../lib/ksdk_platform_lib/kds/KL25Z4/debug/libksdk_platform.a(fsl_clock_manager.o) (OSC_HAL_SetCapacitor)
C:/Freescale/KSDK_1.3.0/examples/frdmkl25z/demo_apps/adc_hw_trigger/lptmr/kds/../../../../../../lib/ksdk_platform_lib/kds/KL25Z4/debug/libksdk_platform.a(fsl_mcg_hal.o)
                              C:/Freescale/KSDK_1.3.0/examples/frdmkl25z/demo_apps/adc_hw_trigger/lptmr/kds/../../../../../../lib/ksdk_platform_lib/kds/KL25Z4/debug/libksdk_platform.a(fsl_clock_MKL25Z4.o) (g_xtal0ClkFreq)
C:/Freescale/KSDK_1.3.0/examples/frdmkl25z/demo_apps/adc_hw_trigger/lptmr/kds/../../../../../../lib/ksdk_platform_lib/kds/KL25Z4/debug/libksdk_platform.a(fsl_mcg_hal_modes.o)
                              C:/Freescale/KSDK_1.3.0/examples/frdmkl25z/demo_apps/adc_hw_trigger/lptmr/kds/../../../../../../lib/ksdk_platform_lib/kds/KL25Z4/debug/libksdk_platform.a(fsl_clock_manager.o) (CLOCK_HAL_GetMcgMode)
C:/Freescale/KSDK_1.3.0/examples/frdmkl25z/demo_apps/adc_hw_trigger/lptmr/kds/../../../../../../lib/ksdk_platform_lib/kds/KL25Z4/debug/libksdk_platform.a(fsl_lptmr_hal.o)
                              C:/Freescale/KSDK_1.3.0/examples/frdmkl25z/demo_apps/adc_hw_trigger/lptmr/kds/../../../../../../lib/ksdk_platform_lib/kds/KL25Z4/debug/libksdk_platform.a(fsl_lptmr_driver.o) (LPTMR_HAL_Init)
C:/Freescale/KSDK_1.3.0/examples/frdmkl25z/demo_apps/adc_hw_trigger/lptmr/kds/../../../../../../lib/ksdk_platform_lib/kds/KL25Z4/debug/libksdk_platform.a(fsl_lptmr_common.o)
                              C:/Freescale/KSDK_1.3.0/examples/frdmkl25z/demo_apps/adc_hw_trigger/lptmr/kds/../../../../../../lib/ksdk_platform_lib/kds/KL25Z4/debug/libksdk_platform.a(fsl_lptmr_driver.o) (g_lptmrBase)
C:/Freescale/KSDK_1.3.0/examples/frdmkl25z/demo_apps/adc_hw_trigger/lptmr/kds/../../../../../../lib/ksdk_platform_lib/kds/KL25Z4/debug/libksdk_platform.a(fsl_interrupt_manager.o)
[...]
Memory Configuration

Name             Origin             Length             Attributes
m_interrupts     0x00000000         0x00000100         xr
m_flash_config   0x00000400         0x00000010         xr
m_text           0x00000410         0x0001fbf0         xr
m_data           0x1ffff000         0x00004000         rw
*default*        0x00000000         0xffffffff

Linker script and memory map

LOAD c:/freescale/kds_v3/toolchain/bin/../lib/gcc/arm-none-eabi/4.8.4/armv6-m/crti.o
LOAD c:/freescale/kds_v3/toolchain/bin/../lib/gcc/arm-none-eabi/4.8.4/armv6-m/crtbegin.o
LOAD c:/freescale/kds_v3/toolchain/bin/../lib/gcc/arm-none-eabi/4.8.4/../../../../arm-none-eabi/lib/armv6-m/crt0.o
                0x00000400                __stack_size__ = 0x400
                0x00000200                __heap_size__ = 0x200
                0x00000001                __ram_vector_table__ = 0x1
START GROUP
LOAD ./utilities/fsl_debug_console.o
LOAD ./utilities/fsl_misc_utilities.o
LOAD ./utilities/print_scan.o
LOAD ./startup/startup.o
LOAD ./startup/startup_MKL25Z4.o
LOAD ./startup/system_MKL25Z4.o
LOAD ./source/fsl_adc_irq.o
LOAD ./source/lptmr_trigger.o
LOAD ./source/main.o
LOAD ./board/board.o
LOAD ./board/gpio_pins.o
LOAD ./board/hardware_init.o
LOAD ./board/pin_mux.o
LOAD ./Custom_Sources/Custom_ASCII_Counter.o
LOAD ./Custom_Sources/Custom_Circular_Buffer.o
LOAD ./Custom_Sources/Custom_UART.o
LOAD C:/Freescale/KSDK_1.3.0/examples/frdmkl25z/demo_apps/adc_hw_trigger/lptmr/kds/../../../../../../lib/ksdk_platform_lib/kds/KL25Z4/debug/libksdk_platform.a
LOAD c:/freescale/kds_v3/toolchain/bin/../lib/gcc/arm-none-eabi/4.8.4/../../../../arm-none-eabi/lib/armv6-m\libm.a
LOAD c:/freescale/kds_v3/toolchain/bin/../lib/gcc/arm-none-eabi/4.8.4/../../../../arm-none-eabi/lib/armv6-m\libg_s.a
LOAD c:/freescale/kds_v3/toolchain/bin/../lib/gcc/arm-none-eabi/4.8.4/armv6-m\libgcc.a
LOAD c:/freescale/kds_v3/toolchain/bin/../lib/gcc/arm-none-eabi/4.8.4/../../../../arm-none-eabi/lib/armv6-m\libnosys.a
END GROUP
START GROUP
LOAD c:/freescale/kds_v3/toolchain/bin/../lib/gcc/arm-none-eabi/4.8.4/armv6-m\libgcc.a
LOAD c:/freescale/kds_v3/toolchain/bin/../lib/gcc/arm-none-eabi/4.8.4/../../../../arm-none-eabi/lib/armv6-m\libg_s.a
LOAD c:/freescale/kds_v3/toolchain/bin/../lib/gcc/arm-none-eabi/4.8.4/../../../../arm-none-eabi/lib/armv6-m\libc_s.a
END GROUP
START GROUP
LOAD c:/freescale/kds_v3/toolchain/bin/../lib/gcc/arm-none-eabi/4.8.4/armv6-m\libgcc.a
LOAD c:/freescale/kds_v3/toolchain/bin/../lib/gcc/arm-none-eabi/4.8.4/../../../../arm-none-eabi/lib/armv6-m\libc_s.a
END GROUP
LOAD c:/freescale/kds_v3/toolchain/bin/../lib/gcc/arm-none-eabi/4.8.4/armv6-m/crtend.o
LOAD c:/freescale/kds_v3/toolchain/bin/../lib/gcc/arm-none-eabi/4.8.4/armv6-m/crtn.o
                0x00000400                HEAP_SIZE = DEFINED (__heap_size__)?__heap_size__:0x400
                0x00000400                STACK_SIZE = DEFINED (__stack_size__)?__stack_size__:0x400
                0x00000000                M_VECTOR_RAM_SIZE = DEFINED (__ram_vector_table__)?0x100:0x0

.interrupts     0x00000000       0xc0
                0x00000000                __VECTOR_TABLE = .
                0x00000000                . = ALIGN (0x4)
 *(.isr_vector)
 .isr_vector    0x00000000       0xc0 ./startup/startup_MKL25Z4.o
                0x00000000                __isr_vector
                0x000000c0                . = ALIGN (0x4)

.flash_config   0x00000400       0x10
                0x00000400                . = ALIGN (0x4)
 *(.FlashConfig)
 .FlashConfig   0x00000400       0x10 ./startup/startup_MKL25Z4.o
                0x00000410                . = ALIGN (0x4)

.text           0x00000410     0x3d54
                0x00000410                . = ALIGN (0x4)
 *(.text)
 .text          0x00000410       0x60 c:/freescale/kds_v3/toolchain/bin/../lib/gcc/arm-none-eabi/4.8.4/armv6-m/crtbegin.o
 .text          0x00000470       0x78 c:/freescale/kds_v3/toolchain/bin/../lib/gcc/arm-none-eabi/4.8.4/../../../../arm-none-eabi/lib/armv6-m/crt0.o
                0x00000470                _start
                0x00000470                _mainCRTStartup
 .text          0x000004e8       0x18 ./startup/startup_MKL25Z4.o
                0x000004e8                Reset_Handler
                0x000004f8                HardFault_Handler
                0x000004f8                SysTick_Handler
                0x000004f8                PendSV_Handler
                0x000004f8                NMI_Handler
                0x000004f8                I2C1_IRQHandler
                0x000004f8                UART1_IRQHandler
                0x000004f8                DMA2_IRQHandler
                0x000004f8                TPM0_IRQHandler
                0x000004f8                LLWU_IRQHandler
                0x000004f8                TSI0_IRQHandler
                0x000004f8                Reserved39_IRQHandler
                0x000004f8                SPI1_IRQHandler
                0x000004f8                DefaultISR
                0x000004f8                PORTD_IRQHandler
                0x000004f8                TPM2_IRQHandler
                0x000004f8                RTC_IRQHandler
                0x000004f8                I2C0_IRQHandler
                0x000004f8                RTC_Seconds_IRQHandler
                0x000004f8                MCG_IRQHandler
                0x000004f8                UART2_IRQHandler
                0x000004f8                Reserved20_IRQHandler
                0x000004f8                USB0_IRQHandler
                0x000004f8                PIT_IRQHandler
                0x000004f8                SVC_Handler
                0x000004f8                DMA3_IRQHandler
                0x000004f8                DMA0_IRQHandler
                0x000004f8                DAC0_IRQHandler
                0x000004f8                Reserved45_IRQHandler
                0x000004f8                TPM1_IRQHandler
                0x000004f8                LVD_LVW_IRQHandler
                0x000004f8                SPI0_IRQHandler
                0x000004f8                PORTA_IRQHandler
                0x000004f8                FTFA_IRQHandler
                0x000004f8                LPTMR0_IRQHandler
                0x000004f8                CMP0_IRQHandler
                0x000004f8                DMA1_IRQHandler
 .text          0x00000500       0x9c c:/freescale/kds_v3/toolchain/bin/../lib/gcc/arm-none-eabi/4.8.4/armv6-m\libgcc.a(_udivsi3.o)
                0x00000500                __aeabi_uidiv
                0x00000500                __udivsi3
                0x00000588                __aeabi_uidivmod
 .text          0x0000059c        0x4 c:/freescale/kds_v3/toolchain/bin/../lib/gcc/arm-none-eabi/4.8.4/armv6-m\libgcc.a(_dvmd_tls.o)
                0x0000059c                __aeabi_idiv0
                0x0000059c                __aeabi_ldiv0
 *(.text*)
 .text._write   0x000005a0       0x5c ./utilities/fsl_debug_console.o
                0x000005a0                _write
 .text._read    0x000005fc       0x48 ./utilities/fsl_debug_console.o
                0x000005fc                _read
 .text._sbrk    0x00000644       0x5c ./utilities/fsl_misc_utilities.o
                0x00000644                _sbrk
 .text.init_data_bss
                0x000006a0       0xc8 ./startup/startup.o
                0x000006a0                init_data_bss
 .text.SystemInit
                0x00000768       0x18 ./startup/system_MKL25Z4.o
                0x00000768                SystemInit
 .text.ADC_TEST_IRQHandler
                0x00000780       0x7c ./source/fsl_adc_irq.o
 .text.ADC0_IRQHandler
                0x000007fc       0x10 ./source/fsl_adc_irq.o
                0x000007fc                ADC0_IRQHandler
 .text.FGETS    0x0000080c       0x84 ./source/main.o
                0x0000080c                FGETS
 .text.main     0x00000890      0x284 ./source/main.o
                0x00000890                main
 .text.PORT_HAL_SetMuxMode
                0x00000b14       0x4c ./board/board.o
 .text.SMC_HAL_SetProtection
                0x00000b60       0x1c ./board/board.o
 .text.BOARD_InitOsc0
                0x00000b7c       0x40 ./board/board.o
                0x00000b7c                BOARD_InitOsc0
 .text.CLOCK_SetBootConfig
                0x00000bbc       0x3c ./board/board.o
 .text.BOARD_ClockInit
                0x00000bf8       0x44 ./board/board.o
                0x00000bf8                BOARD_ClockInit
 .text.hardware_init
                0x00000c3c       0x2c ./board/hardware_init.o
                0x00000c3c                hardware_init
 .text.ASCII_Counter_Init
                0x00000c68       0x54 ./Custom_Sources/Custom_ASCII_Counter.o
                0x00000c68                ASCII_Counter_Init
 .text.ASCII_Counter
                0x00000cbc      0x1fc ./Custom_Sources/Custom_ASCII_Counter.o
                0x00000cbc                ASCII_Counter
 .text.String_to_Decimal
                0x00000eb8       0x98 ./Custom_Sources/Custom_Circular_Buffer.o
                0x00000eb8                String_to_Decimal
 .text.CBuffer_Assign
                0x00000f50       0xe4 ./Custom_Sources/Custom_Circular_Buffer.o
                0x00000f50                CBuffer_Assign
 .text.CBuffer_Init
                0x00001034      0x130 ./Custom_Sources/Custom_Circular_Buffer.o
                0x00001034                CBuffer_Init
 .text.CBuffer_Byte_Write
                0x00001164      0x2c4 ./Custom_Sources/Custom_Circular_Buffer.o
                0x00001164                CBuffer_Byte_Write
 .text.CBuffer_Byte_Read
                0x00001428      0x288 ./Custom_Sources/Custom_Circular_Buffer.o
                0x00001428                CBuffer_Byte_Read
 .text.NVIC_EnableIRQ
                0x000016b0       0x2c ./Custom_Sources/Custom_UART.o
 .text.Custom_UART0_Init
                0x000016dc       0xd8 ./Custom_Sources/Custom_UART.o
                0x000016dc                Custom_UART0_Init
 .text.Custom_UART0_Tx_String
                0x000017b4       0x88 ./Custom_Sources/Custom_UART.o
                0x000017b4                Custom_UART0_Tx_String
 .text.UART0_IRQHandler
                0x0000183c       0xf8 ./Custom_Sources/Custom_UART.o
                0x0000183c                UART0_IRQHandler
 .text.CLOCK_HAL_SetOutDiv
                0x00001934       0x50 C:/Freescale/KSDK_1.3.0/examples/frdmkl25z/demo_apps/adc_hw_trigger/lptmr/kds/../../../../../../lib/ksdk_platform_lib/kds/KL25Z4/debug/libksdk_platform.a(fsl_sim_hal_MKL25Z4.o)
                0x00001934                CLOCK_HAL_SetOutDiv
 .text.SIM_HAL_EnableClock
                0x00001984       0x58 C:/Freescale/KSDK_1.3.0/examples/frdmkl25z/demo_apps/adc_hw_trigger/lptmr/kds/../../../../../../lib/ksdk_platform_lib/kds/KL25Z4/debug/libksdk_platform.a(fsl_clock_MKL25Z4.o)
 .text.CLOCK_HAL_SetExternalRefClock32kSrc
                0x000019dc       0x28 C:/Freescale/KSDK_1.3.0/examples/frdmkl25z/demo_apps/adc_hw_trigger/lptmr/kds/../../../../../../lib/ksdk_platform_lib/kds/KL25Z4/debug/libksdk_platform.a(fsl_clock_MKL25Z4.o)
 .text.CLOCK_HAL_SetPllfllSel
                0x00001a04       0x2c C:/Freescale/KSDK_1.3.0/examples/frdmkl25z/demo_apps/adc_hw_trigger/lptmr/kds/../../../../../../lib/ksdk_platform_lib/kds/KL25Z4/debug/libksdk_platform.a(fsl_clock_MKL25Z4.o)
 .text.CLOCK_SYS_SetSimConfigration
                0x00001a30       0x48 C:/Freescale/KSDK_1.3.0/examples/frdmkl25z/demo_apps/adc_hw_trigger/lptmr/kds/../../../../../../lib/ksdk_platform_lib/kds/KL25Z4/debug/libksdk_platform.a(fsl_clock_MKL25Z4.o)
                0x00001a30                CLOCK_SYS_SetSimConfigration
 .text.CLOCK_SYS_EnablePortClock
                0x00001a78       0x4c C:/Freescale/KSDK_1.3.0/examples/frdmkl25z/demo_apps/adc_hw_trigger/lptmr/kds/../../../../../../lib/ksdk_platform_lib/kds/KL25Z4/debug/libksdk_platform.a(fsl_clock_MKL25Z4.o)
                0x00001a78                CLOCK_SYS_EnablePortClock
 .text.CLOCK_HAL_SetClkOutSrc
                0x00001ac4       0x28 C:/Freescale/KSDK_1.3.0/examples/frdmkl25z/demo_apps/adc_hw_trigger/lptmr/kds/../../../../../../lib/ksdk_platform_lib/kds/KL25Z4/debug/libksdk_platform.a(fsl_clock_manager.o)
 .text.CLOCK_HAL_SetClksFrdivIrefs
                0x00001aec       0x60 C:/Freescale/KSDK_1.3.0/examples/frdmkl25z/demo_apps/adc_hw_trigger/lptmr/kds/../../../../../../lib/ksdk_platform_lib/kds/KL25Z4/debug/libksdk_platform.a(fsl_clock_manager.o)
 .text.CLOCK_HAL_GetClkOutStat
                0x00001b4c       0x20 C:/Freescale/KSDK_1.3.0/examples/frdmkl25z/demo_apps/adc_hw_trigger/lptmr/kds/../../../../../../lib/ksdk_platform_lib/kds/KL25Z4/debug/libksdk_platform.a(fsl_clock_manager.o)
 .text.CLOCK_HAL_GetFllSrc
                0x00001b6c       0x20 C:/Freescale/KSDK_1.3.0/examples/frdmkl25z/demo_apps/adc_hw_trigger/lptmr/kds/../../../../../../lib/ksdk_platform_lib/kds/KL25Z4/debug/libksdk_platform.a(fsl_clock_manager.o)
 .text.CLOCK_HAL_IsOsc0Stable
                0x00001b8c       0x24 C:/Freescale/KSDK_1.3.0/examples/frdmkl25z/demo_apps/adc_hw_trigger/lptmr/kds/../../../../../../lib/ksdk_platform_lib/kds/KL25Z4/debug/libksdk_platform.a(fsl_clock_manager.o)
 .text.OSC_HAL_SetExternalRefClkCmd
                0x00001bb0       0x28 C:/Freescale/KSDK_1.3.0/examples/frdmkl25z/demo_apps/adc_hw_trigger/lptmr/kds/../../../../../../lib/ksdk_platform_lib/kds/KL25Z4/debug/libksdk_platform.a(fsl_clock_manager.o)
 .text.OSC_HAL_SetExternalRefClkInStopModeCmd
                0x00001bd8       0x28 C:/Freescale/KSDK_1.3.0/examples/frdmkl25z/demo_apps/adc_hw_trigger/lptmr/kds/../../../../../../lib/ksdk_platform_lib/kds/KL25Z4/debug/libksdk_platform.a(fsl_clock_manager.o)
 .text.CLOCK_SYS_BootToPee
                0x00001c00       0xd0 C:/Freescale/KSDK_1.3.0/examples/frdmkl25z/demo_apps/adc_hw_trigger/lptmr/kds/../../../../../../lib/ksdk_platform_lib/kds/KL25Z4/debug/libksdk_platform.a(fsl_clock_manager.o)
                0x00001c00                CLOCK_SYS_BootToPee
 .text.CLOCK_SYS_OscInit
                0x00001cd0       0xf0 C:/Freescale/KSDK_1.3.0/examples/frdmkl25z/demo_apps/adc_hw_trigger/lptmr/kds/../../../../../../lib/ksdk_platform_lib/kds/KL25Z4/debug/libksdk_platform.a(fsl_clock_manager.o)
                0x00001cd0                CLOCK_SYS_OscInit
 .text.CLOCK_SYS_SetOscerConfigration
                0x00001dc0       0x3c C:/Freescale/KSDK_1.3.0/examples/frdmkl25z/demo_apps/adc_hw_trigger/lptmr/kds/../../../../../../lib/ksdk_platform_lib/kds/KL25Z4/debug/libksdk_platform.a(fsl_clock_manager.o)
                0x00001dc0                CLOCK_SYS_SetOscerConfigration
 .text.ADC16_HAL_GetChnConvCompletedFlag
                0x00001dfc       0x4c C:/Freescale/KSDK_1.3.0/examples/frdmkl25z/demo_apps/adc_hw_trigger/lptmr/kds/../../../../../../lib/ksdk_platform_lib/kds/KL25Z4/debug/libksdk_platform.a(fsl_adc16_driver.o)
 .text.ADC16_HAL_GetChnConvValue
                0x00001e48       0x48 C:/Freescale/KSDK_1.3.0/examples/frdmkl25z/demo_apps/adc_hw_trigger/lptmr/kds/../../../../../../lib/ksdk_platform_lib/kds/KL25Z4/debug/libksdk_platform.a(fsl_adc16_driver.o)
 .text.ADC16_DRV_GetConvValueRAW
                0x00001e90       0x50 C:/Freescale/KSDK_1.3.0/examples/frdmkl25z/demo_apps/adc_hw_trigger/lptmr/kds/../../../../../../lib/ksdk_platform_lib/kds/KL25Z4/debug/libksdk_platform.a(fsl_adc16_driver.o)
                0x00001e90                ADC16_DRV_GetConvValueRAW
 .text.ADC16_DRV_GetChnFlag
                0x00001ee0       0x74 C:/Freescale/KSDK_1.3.0/examples/frdmkl25z/demo_apps/adc_hw_trigger/lptmr/kds/../../../../../../lib/ksdk_platform_lib/kds/KL25Z4/debug/libksdk_platform.a(fsl_adc16_driver.o)
                0x00001ee0                ADC16_DRV_GetChnFlag
 .text.OSC_HAL_SetCapacitor
                0x00001f54       0x28 C:/Freescale/KSDK_1.3.0/examples/frdmkl25z/demo_apps/adc_hw_trigger/lptmr/kds/../../../../../../lib/ksdk_platform_lib/kds/KL25Z4/debug/libksdk_platform.a(fsl_osc_hal.o)
                0x00001f54                OSC_HAL_SetCapacitor
 .text.CLOCK_HAL_SetInternalRefClkMode
                0x00001f7c       0x24 C:/Freescale/KSDK_1.3.0/examples/frdmkl25z/demo_apps/adc_hw_trigger/lptmr/kds/../../../../../../lib/ksdk_platform_lib/kds/KL25Z4/debug/libksdk_platform.a(fsl_mcg_hal.o)
 .text.CLOCK_HAL_GetInternalRefClkMode
                0x00001fa0       0x20 C:/Freescale/KSDK_1.3.0/examples/frdmkl25z/demo_apps/adc_hw_trigger/lptmr/kds/../../../../../../lib/ksdk_platform_lib/kds/KL25Z4/debug/libksdk_platform.a(fsl_mcg_hal.o)
 .text.CLOCK_HAL_IsOsc0Stable
                0x00001fc0       0x24 C:/Freescale/KSDK_1.3.0/examples/frdmkl25z/demo_apps/adc_hw_trigger/lptmr/kds/../../../../../../lib/ksdk_platform_lib/kds/KL25Z4/debug/libksdk_platform.a(fsl_mcg_hal.o)
 .text.CLOCK_HAL_PrepareOsc
                0x00001fe4       0x3c C:/Freescale/KSDK_1.3.0/examples/frdmkl25z/demo_apps/adc_hw_trigger/lptmr/kds/../../../../../../lib/ksdk_platform_lib/kds/KL25Z4/debug/libksdk_platform.a(fsl_mcg_hal.o)
                0x00001fe4                CLOCK_HAL_PrepareOsc
 .text.CLOCK_HAL_UpdateFastClkInternalRefDiv
                0x00002020       0xb8 C:/Freescale/KSDK_1.3.0/examples/frdmkl25z/demo_apps/adc_hw_trigger/lptmr/kds/../../../../../../lib/ksdk_platform_lib/kds/KL25Z4/debug/libksdk_platform.a(fsl_mcg_hal.o)
                0x00002020                CLOCK_HAL_UpdateFastClkInternalRefDiv
 .text.CLOCK_HAL_UpdateInternalRefClk
                0x000020d8       0x8c C:/Freescale/KSDK_1.3.0/examples/frdmkl25z/demo_apps/adc_hw_trigger/lptmr/kds/../../../../../../lib/ksdk_platform_lib/kds/KL25Z4/debug/libksdk_platform.a(fsl_mcg_hal.o)
                0x000020d8                CLOCK_HAL_UpdateInternalRefClk
 .text.CLOCK_HAL_SetOsc0Mode
                0x00002164       0x68 C:/Freescale/KSDK_1.3.0/examples/frdmkl25z/demo_apps/adc_hw_trigger/lptmr/kds/../../../../../../lib/ksdk_platform_lib/kds/KL25Z4/debug/libksdk_platform.a(fsl_mcg_hal.o)
                0x00002164                CLOCK_HAL_SetOsc0Mode
 .text.CLOCK_HAL_GetClkOutStat
                0x000021cc       0x20 C:/Freescale/KSDK_1.3.0/examples/frdmkl25z/demo_apps/adc_hw_trigger/lptmr/kds/../../../../../../lib/ksdk_platform_lib/kds/KL25Z4/debug/libksdk_platform.a(fsl_mcg_hal_modes.o)
 .text.CLOCK_HAL_SetPll0EnableCmd
                0x000021ec       0x28 C:/Freescale/KSDK_1.3.0/examples/frdmkl25z/demo_apps/adc_hw_trigger/lptmr/kds/../../../../../../lib/ksdk_platform_lib/kds/KL25Z4/debug/libksdk_platform.a(fsl_mcg_hal_modes.o)
 .text.CLOCK_HAL_IsPll0Locked
                0x00002214       0x24 C:/Freescale/KSDK_1.3.0/examples/frdmkl25z/demo_apps/adc_hw_trigger/lptmr/kds/../../../../../../lib/ksdk_platform_lib/kds/KL25Z4/debug/libksdk_platform.a(fsl_mcg_hal_modes.o)
 .text.CLOCK_HAL_IsPllSelected
                0x00002238       0x24 C:/Freescale/KSDK_1.3.0/examples/frdmkl25z/demo_apps/adc_hw_trigger/lptmr/kds/../../../../../../lib/ksdk_platform_lib/kds/KL25Z4/debug/libksdk_platform.a(fsl_mcg_hal_modes.o)
 .text.CLOCK_HAL_SetPbeMode
                0x0000225c      0x100 C:/Freescale/KSDK_1.3.0/examples/frdmkl25z/demo_apps/adc_hw_trigger/lptmr/kds/../../../../../../lib/ksdk_platform_lib/kds/KL25Z4/debug/libksdk_platform.a(fsl_mcg_hal_modes.o)
                0x0000225c                CLOCK_HAL_SetPbeMode
 .text.__assert_func
                0x0000235c       0x3c c:/freescale/kds_v3/toolchain/bin/../lib/gcc/arm-none-eabi/4.8.4/../../../../arm-none-eabi/lib/armv6-m\libg_s.a(lib_a-assert.o)
                0x0000235c                __assert_func
 .text.atoi     0x00002398        0xc c:/freescale/kds_v3/toolchain/bin/../lib/gcc/arm-none-eabi/4.8.4/../../../../arm-none-eabi/lib/armv6-m\libg_s.a(lib_a-atoi.o)
                0x00002398                atoi
 .text.__errno  0x000023a4        0xc c:/freescale/kds_v3/toolchain/bin/../lib/gcc/arm-none-eabi/4.8.4/../../../../arm-none-eabi/lib/armv6-m\libg_s.a(lib_a-errno.o)
                0x000023a4                __errno
 .text.exit     0x000023b0       0x2c c:/freescale/kds_v3/toolchain/bin/../lib/gcc/arm-none-eabi/4.8.4/../../../../arm-none-eabi/lib/armv6-m\libg_s.a(lib_a-exit.o)
                0x000023b0                exit
 .text.fprintf  0x000023dc       0x24 c:/freescale/kds_v3/toolchain/bin/../lib/gcc/arm-none-eabi/4.8.4/../../../../arm-none-eabi/lib/armv6-m\libg_s.a(lib_a-fprintf.o)
                0x000023dc                fiprintf
                0x000023dc                fprintf
 .text.__libc_init_array
                0x00002400       0x4c c:/freescale/kds_v3/toolchain/bin/../lib/gcc/arm-none-eabi/4.8.4/../../../../arm-none-eabi/lib/armv6-m\libg_s.a(lib_a-init.o)
                0x00002400                __libc_init_array
 .text.isdigit  0x0000244c       0x14 c:/freescale/kds_v3/toolchain/bin/../lib/gcc/arm-none-eabi/4.8.4/../../../../arm-none-eabi/lib/armv6-m\libg_s.a(lib_a-isdigit.o)
                0x0000244c                isdigit
 .text.malloc   0x00002460       0x14 c:/freescale/kds_v3/toolchain/bin/../lib/gcc/arm-none-eabi/4.8.4/../../../../arm-none-eabi/lib/armv6-m\libg_s.a(lib_a-malloc.o)
                0x00002460                malloc
 .text.memset   0x00002474       0x10 c:/freescale/kds_v3/toolchain/bin/../lib/gcc/arm-none-eabi/4.8.4/../../../../arm-none-eabi/lib/armv6-m\libg_s.a(lib_a-memset.o)
                0x00002474                memset
 .text._free_r  0x00002484       0x90 c:/freescale/kds_v3/toolchain/bin/../lib/gcc/arm-none-eabi/4.8.4/../../../../arm-none-eabi/lib/armv6-m\libg_s.a(lib_a-nano-freer.o)
                0x00002484                _free_r
 .text._malloc_r
                0x00002514       0xa8 c:/freescale/kds_v3/toolchain/bin/../lib/gcc/arm-none-eabi/4.8.4/../../../../arm-none-eabi/lib/armv6-m\libg_s.a(lib_a-nano-mallocr.o)
                0x00002514                _malloc_r
 .text.realloc  0x000025bc       0x18 c:/freescale/kds_v3/toolchain/bin/../lib/gcc/arm-none-eabi/4.8.4/../../../../arm-none-eabi/lib/armv6-m\libg_s.a(lib_a-realloc.o)
                0x000025bc                realloc
 .text._sbrk_r  0x000025d4       0x24 c:/freescale/kds_v3/toolchain/bin/../lib/gcc/arm-none-eabi/4.8.4/../../../../arm-none-eabi/lib/armv6-m\libg_s.a(lib_a-sbrkr.o)
                0x000025d4                _sbrk_r
 .text.sprintf  0x000025f8       0x44 c:/freescale/kds_v3/toolchain/bin/../lib/gcc/arm-none-eabi/4.8.4/../../../../arm-none-eabi/lib/armv6-m\libg_s.a(lib_a-sprintf.o)
                0x000025f8                siprintf
                0x000025f8                sprintf
 .text.strlen   0x0000263c        0xe c:/freescale/kds_v3/toolchain/bin/../lib/gcc/arm-none-eabi/4.8.4/../../../../arm-none-eabi/lib/armv6-m\libg_s.a(lib_a-strlen.o)
                0x0000263c                strlen
 *fill*         0x0000264a        0x2 
 .text._strtol_r
                0x0000264c      0x114 c:/freescale/kds_v3/toolchain/bin/../lib/gcc/arm-none-eabi/4.8.4/../../../../arm-none-eabi/lib/armv6-m\libg_s.a(lib_a-strtol.o)
                0x0000264c                _strtol_r
 .text.strtol   0x00002760       0x1c c:/freescale/kds_v3/toolchain/bin/../lib/gcc/arm-none-eabi/4.8.4/../../../../arm-none-eabi/lib/armv6-m\libg_s.a(lib_a-strtol.o)
                0x00002760                strtol
 .text.__ssputs_r
                0x0000277c       0xc0 c:/freescale/kds_v3/toolchain/bin/../lib/gcc/arm-none-eabi/4.8.4/../../../../arm-none-eabi/lib/armv6-m\libg_s.a(lib_a-svfprintf.o)
                0x0000277c                __ssputs_r
 .text._svfprintf_r
                0x0000283c      0x1e0 c:/freescale/kds_v3/toolchain/bin/../lib/gcc/arm-none-eabi/4.8.4/../../../../arm-none-eabi/lib/armv6-m\libg_s.a(lib_a-svfprintf.o)
                0x0000283c                _svfiprintf_r
                0x0000283c                _svfprintf_r
 .text.__sfputc_r
                0x00002a1c       0x2a c:/freescale/kds_v3/toolchain/bin/../lib/gcc/arm-none-eabi/4.8.4/../../../../arm-none-eabi/lib/armv6-m\libg_s.a(lib_a-vfprintf.o)
 .text.__sfputs_r
                0x00002a46       0x24 c:/freescale/kds_v3/toolchain/bin/../lib/gcc/arm-none-eabi/4.8.4/../../../../arm-none-eabi/lib/armv6-m\libg_s.a(lib_a-vfprintf.o)
                0x00002a46                __sfputs_r
 *fill*         0x00002a6a        0x2 
 .text._vfprintf_r
                0x00002a6c      0x210 c:/freescale/kds_v3/toolchain/bin/../lib/gcc/arm-none-eabi/4.8.4/../../../../arm-none-eabi/lib/armv6-m\libg_s.a(lib_a-vfprintf.o)
                0x00002a6c                _vfprintf_r
                0x00002a6c                _vfiprintf_r
 .text._printf_common
                0x00002c7c       0xe8 c:/freescale/kds_v3/toolchain/bin/../lib/gcc/arm-none-eabi/4.8.4/../../../../arm-none-eabi/lib/armv6-m\libg_s.a(lib_a-vfprintf_i.o)
                0x00002c7c                _printf_common
 .text._printf_i
                0x00002d64      0x22c c:/freescale/kds_v3/toolchain/bin/../lib/gcc/arm-none-eabi/4.8.4/../../../../arm-none-eabi/lib/armv6-m\libg_s.a(lib_a-vfprintf_i.o)
                0x00002d64                _printf_i
 .text.__swbuf_r
                0x00002f90       0xb0 c:/freescale/kds_v3/toolchain/bin/../lib/gcc/arm-none-eabi/4.8.4/../../../../arm-none-eabi/lib/armv6-m\libg_s.a(lib_a-wbuf.o)
                0x00002f90                __swbuf_r
 .text.__swsetup_r
                0x00003040       0xe4 c:/freescale/kds_v3/toolchain/bin/../lib/gcc/arm-none-eabi/4.8.4/../../../../arm-none-eabi/lib/armv6-m\libg_s.a(lib_a-wsetup.o)
                0x00003040                __swsetup_r
 .text.abort    0x00003124        0xe c:/freescale/kds_v3/toolchain/bin/../lib/gcc/arm-none-eabi/4.8.4/../../../../arm-none-eabi/lib/armv6-m\libg_s.a(lib_a-abort.o)
                0x00003124                abort
 .text.__sflush_r
                0x00003132      0x112 c:/freescale/kds_v3/toolchain/bin/../lib/gcc/arm-none-eabi/4.8.4/../../../../arm-none-eabi/lib/armv6-m\libg_s.a(lib_a-fflush.o)
                0x00003132                __sflush_r
 .text._fflush_r
                0x00003244       0x58 c:/freescale/kds_v3/toolchain/bin/../lib/gcc/arm-none-eabi/4.8.4/../../../../arm-none-eabi/lib/armv6-m\libg_s.a(lib_a-fflush.o)
                0x00003244                _fflush_r
 .text._cleanup_r
                0x0000329c       0x34 c:/freescale/kds_v3/toolchain/bin/../lib/gcc/arm-none-eabi/4.8.4/../../../../arm-none-eabi/lib/armv6-m\libg_s.a(lib_a-findfp.o)
                0x0000329c                _cleanup_r
 .text.std.isra.0
                0x000032d0       0x48 c:/freescale/kds_v3/toolchain/bin/../lib/gcc/arm-none-eabi/4.8.4/../../../../arm-none-eabi/lib/armv6-m\libg_s.a(lib_a-findfp.o)
 .text.__sfmoreglue
                0x00003318       0x2c c:/freescale/kds_v3/toolchain/bin/../lib/gcc/arm-none-eabi/4.8.4/../../../../arm-none-eabi/lib/armv6-m\libg_s.a(lib_a-findfp.o)
                0x00003318                __sfmoreglue
 .text.__sinit  0x00003344       0x64 c:/freescale/kds_v3/toolchain/bin/../lib/gcc/arm-none-eabi/4.8.4/../../../../arm-none-eabi/lib/armv6-m\libg_s.a(lib_a-findfp.o)
                0x00003344                __sinit
 .text.__sfp    0x000033a8       0x7c c:/freescale/kds_v3/toolchain/bin/../lib/gcc/arm-none-eabi/4.8.4/../../../../arm-none-eabi/lib/armv6-m\libg_s.a(lib_a-findfp.o)
                0x000033a8                __sfp
 .text.__smakebuf_r
                0x00003424       0xa0 c:/freescale/kds_v3/toolchain/bin/../lib/gcc/arm-none-eabi/4.8.4/../../../../arm-none-eabi/lib/armv6-m\libg_s.a(lib_a-makebuf.o)
                0x00003424                __smakebuf_r
 .text.memchr   0x000034c4       0x16 c:/freescale/kds_v3/toolchain/bin/../lib/gcc/arm-none-eabi/4.8.4/../../../../arm-none-eabi/lib/armv6-m\libg_s.a(lib_a-memchr-stub.o)
                0x000034c4                memchr
 .text.memcpy   0x000034da       0x12 c:/freescale/kds_v3/toolchain/bin/../lib/gcc/arm-none-eabi/4.8.4/../../../../arm-none-eabi/lib/armv6-m\libg_s.a(lib_a-memcpy-stub.o)
                0x000034da                memcpy
 .text.memmove  0x000034ec       0x32 c:/freescale/kds_v3/toolchain/bin/../lib/gcc/arm-none-eabi/4.8.4/../../../../arm-none-eabi/lib/armv6-m\libg_s.a(lib_a-memmove.o)
                0x000034ec                memmove
 .text._realloc_r
                0x0000351e       0x4c c:/freescale/kds_v3/toolchain/bin/../lib/gcc/arm-none-eabi/4.8.4/../../../../arm-none-eabi/lib/armv6-m\libg_s.a(lib_a-nano-reallocr.o)
                0x0000351e                _realloc_r
 .text._raise_r
                0x0000356a       0x56 c:/freescale/kds_v3/toolchain/bin/../lib/gcc/arm-none-eabi/4.8.4/../../../../arm-none-eabi/lib/armv6-m\libg_s.a(lib_a-signal.o)
                0x0000356a                _raise_r
 .text.raise    0x000035c0       0x14 c:/freescale/kds_v3/toolchain/bin/../lib/gcc/arm-none-eabi/4.8.4/../../../../arm-none-eabi/lib/armv6-m\libg_s.a(lib_a-signal.o)
                0x000035c0                raise
 .text._kill_r  0x000035d4       0x24 c:/freescale/kds_v3/toolchain/bin/../lib/gcc/arm-none-eabi/4.8.4/../../../../arm-none-eabi/lib/armv6-m\libg_s.a(lib_a-signalr.o)
                0x000035d4                _kill_r
 .text._getpid_r
                0x000035f8        0x8 c:/freescale/kds_v3/toolchain/bin/../lib/gcc/arm-none-eabi/4.8.4/../../../../arm-none-eabi/lib/armv6-m\libg_s.a(lib_a-signalr.o)
                0x000035f8                _getpid_r
 .text.__sread  0x00003600       0x28 c:/freescale/kds_v3/toolchain/bin/../lib/gcc/arm-none-eabi/4.8.4/../../../../arm-none-eabi/lib/armv6-m\libg_s.a(lib_a-stdio.o)
                0x00003600                __sread
 .text.__swrite
                0x00003628       0x38 c:/freescale/kds_v3/toolchain/bin/../lib/gcc/arm-none-eabi/4.8.4/../../../../arm-none-eabi/lib/armv6-m\libg_s.a(lib_a-stdio.o)
                0x00003628                __swrite
 .text.__sseek  0x00003660       0x2c c:/freescale/kds_v3/toolchain/bin/../lib/gcc/arm-none-eabi/4.8.4/../../../../arm-none-eabi/lib/armv6-m\libg_s.a(lib_a-stdio.o)
                0x00003660                __sseek
 .text.__sclose
                0x0000368c        0xc c:/freescale/kds_v3/toolchain/bin/../lib/gcc/arm-none-eabi/4.8.4/../../../../arm-none-eabi/lib/armv6-m\libg_s.a(lib_a-stdio.o)
                0x0000368c                __sclose
 .text._write_r
                0x00003698       0x28 c:/freescale/kds_v3/toolchain/bin/../lib/gcc/arm-none-eabi/4.8.4/../../../../arm-none-eabi/lib/armv6-m\libg_s.a(lib_a-writer.o)
                0x00003698                _write_r
 .text._close_r
                0x000036c0       0x24 c:/freescale/kds_v3/toolchain/bin/../lib/gcc/arm-none-eabi/4.8.4/../../../../arm-none-eabi/lib/armv6-m\libg_s.a(lib_a-closer.o)
                0x000036c0                _close_r
 .text._fstat_r
                0x000036e4       0x24 c:/freescale/kds_v3/toolchain/bin/../lib/gcc/arm-none-eabi/4.8.4/../../../../arm-none-eabi/lib/armv6-m\libg_s.a(lib_a-fstatr.o)
                0x000036e4                _fstat_r
 .text._isatty_r
                0x00003708       0x24 c:/freescale/kds_v3/toolchain/bin/../lib/gcc/arm-none-eabi/4.8.4/../../../../arm-none-eabi/lib/armv6-m\libg_s.a(lib_a-isattyr.o)
                0x00003708                _isatty_r
 .text._lseek_r
                0x0000372c       0x28 c:/freescale/kds_v3/toolchain/bin/../lib/gcc/arm-none-eabi/4.8.4/../../../../arm-none-eabi/lib/armv6-m\libg_s.a(lib_a-lseekr.o)
                0x0000372c                _lseek_r
 .text._malloc_usable_size_r
                0x00003754       0x12 c:/freescale/kds_v3/toolchain/bin/../lib/gcc/arm-none-eabi/4.8.4/../../../../arm-none-eabi/lib/armv6-m\libg_s.a(lib_a-nano-msizer.o)
                0x00003754                _malloc_usable_size_r
 *fill*         0x00003766        0x2 
 .text._read_r  0x00003768       0x28 c:/freescale/kds_v3/toolchain/bin/../lib/gcc/arm-none-eabi/4.8.4/../../../../arm-none-eabi/lib/armv6-m\libg_s.a(lib_a-readr.o)
                0x00003768                _read_r
 .text._close   0x00003790       0x10 c:/freescale/kds_v3/toolchain/bin/../lib/gcc/arm-none-eabi/4.8.4/../../../../arm-none-eabi/lib/armv6-m\libnosys.a(close.o)
                0x00003790                _close
 .text._fstat   0x000037a0       0x10 c:/freescale/kds_v3/toolchain/bin/../lib/gcc/arm-none-eabi/4.8.4/../../../../arm-none-eabi/lib/armv6-m\libnosys.a(fstat.o)
                0x000037a0                _fstat
 .text._getpid  0x000037b0       0x10 c:/freescale/kds_v3/toolchain/bin/../lib/gcc/arm-none-eabi/4.8.4/../../../../arm-none-eabi/lib/armv6-m\libnosys.a(getpid.o)
                0x000037b0                _getpid
 .text._isatty  0x000037c0       0x10 c:/freescale/kds_v3/toolchain/bin/../lib/gcc/arm-none-eabi/4.8.4/../../../../arm-none-eabi/lib/armv6-m\libnosys.a(isatty.o)
                0x000037c0                _isatty
 .text._kill    0x000037d0       0x10 c:/freescale/kds_v3/toolchain/bin/../lib/gcc/arm-none-eabi/4.8.4/../../../../arm-none-eabi/lib/armv6-m\libnosys.a(kill.o)
                0x000037d0                _kill
 .text._lseek   0x000037e0       0x10 c:/freescale/kds_v3/toolchain/bin/../lib/gcc/arm-none-eabi/4.8.4/../../../../arm-none-eabi/lib/armv6-m\libnosys.a(lseek.o)
                0x000037e0                _lseek
 .text._exit    0x000037f0        0x4 c:/freescale/kds_v3/toolchain/bin/../lib/gcc/arm-none-eabi/4.8.4/../../../../arm-none-eabi/lib/armv6-m\libnosys.a(_exit.o)
                0x000037f0                _exit
 *(.rodata)
 .rodata        0x000037f4       0x74 ./source/main.o
 .rodata        0x00003868       0x44 ./board/board.o
 .rodata        0x000038ac       0x78 ./Custom_Sources/Custom_ASCII_Counter.o
 .rodata        0x00003924      0x114 ./Custom_Sources/Custom_Circular_Buffer.o
 .rodata        0x00003a38      0x22c C:/Freescale/KSDK_1.3.0/examples/frdmkl25z/demo_apps/adc_hw_trigger/lptmr/kds/../../../../../../lib/ksdk_platform_lib/kds/KL25Z4/debug/libksdk_platform.a(fsl_clock_MKL25Z4.o)
 .rodata        0x00003c64       0xcc C:/Freescale/KSDK_1.3.0/examples/frdmkl25z/demo_apps/adc_hw_trigger/lptmr/kds/../../../../../../lib/ksdk_platform_lib/kds/KL25Z4/debug/libksdk_platform.a(fsl_clock_manager.o)
 .rodata        0x00003d30      0x148 C:/Freescale/KSDK_1.3.0/examples/frdmkl25z/demo_apps/adc_hw_trigger/lptmr/kds/../../../../../../lib/ksdk_platform_lib/kds/KL25Z4/debug/libksdk_platform.a(fsl_adc16_driver.o)
 *(.rodata*)
 .rodata.main   0x00003e78       0x20 ./source/main.o
 .rodata.g_defaultClockConfigRun
                0x00003e98       0x14 ./board/board.o
                0x00003e98                g_defaultClockConfigRun
 .rodata.__func__.4998
                0x00003eac       0x14 ./board/board.o
 .rodata.portGateTable
                0x00003ec0        0x8 C:/Freescale/KSDK_1.3.0/examples/frdmkl25z/demo_apps/adc_hw_trigger/lptmr/kds/../../../../../../lib/ksdk_platform_lib/kds/KL25Z4/debug/libksdk_platform.a(fsl_clock_MKL25Z4.o)
 .rodata.__func__.6456
                0x00003ec8       0x1c C:/Freescale/KSDK_1.3.0/examples/frdmkl25z/demo_apps/adc_hw_trigger/lptmr/kds/../../../../../../lib/ksdk_platform_lib/kds/KL25Z4/debug/libksdk_platform.a(fsl_clock_MKL25Z4.o)
 .rodata.__func__.6614
                0x00003ee4       0x14 C:/Freescale/KSDK_1.3.0/examples/frdmkl25z/demo_apps/adc_hw_trigger/lptmr/kds/../../../../../../lib/ksdk_platform_lib/kds/KL25Z4/debug/libksdk_platform.a(fsl_clock_manager.o)
 .rodata.g_oscBase
                0x00003ef8        0x4 C:/Freescale/KSDK_1.3.0/examples/frdmkl25z/demo_apps/adc_hw_trigger/lptmr/kds/../../../../../../lib/ksdk_platform_lib/kds/KL25Z4/debug/libksdk_platform.a(fsl_clock_manager_common.o)
                0x00003ef8                g_oscBase
 .rodata.__func__.5063
                0x00003efc       0x24 C:/Freescale/KSDK_1.3.0/examples/frdmkl25z/demo_apps/adc_hw_trigger/lptmr/kds/../../../../../../lib/ksdk_platform_lib/kds/KL25Z4/debug/libksdk_platform.a(fsl_adc16_driver.o)
 .rodata.__func__.5077
                0x00003f20       0x1c C:/Freescale/KSDK_1.3.0/examples/frdmkl25z/demo_apps/adc_hw_trigger/lptmr/kds/../../../../../../lib/ksdk_platform_lib/kds/KL25Z4/debug/libksdk_platform.a(fsl_adc16_driver.o)
 .rodata.__func__.6518
                0x00003f3c       0x1c C:/Freescale/KSDK_1.3.0/examples/frdmkl25z/demo_apps/adc_hw_trigger/lptmr/kds/../../../../../../lib/ksdk_platform_lib/kds/KL25Z4/debug/libksdk_platform.a(fsl_adc16_driver.o)
 .rodata.__func__.6541
                0x00003f58       0x18 C:/Freescale/KSDK_1.3.0/examples/frdmkl25z/demo_apps/adc_hw_trigger/lptmr/kds/../../../../../../lib/ksdk_platform_lib/kds/KL25Z4/debug/libksdk_platform.a(fsl_adc16_driver.o)
 .rodata.g_adcBase
                0x00003f70        0x4 C:/Freescale/KSDK_1.3.0/examples/frdmkl25z/demo_apps/adc_hw_trigger/lptmr/kds/../../../../../../lib/ksdk_platform_lib/kds/KL25Z4/debug/libksdk_platform.a(fsl_adc16_common.o)
                0x00003f70                g_adcBase
 .rodata.str1.1
                0x00003f74       0x3c c:/freescale/kds_v3/toolchain/bin/../lib/gcc/arm-none-eabi/4.8.4/../../../../arm-none-eabi/lib/armv6-m\libg_s.a(lib_a-assert.o)
                                 0x3d (size before relaxing)
 .rodata.str1.1
                0x00003fb0        0x2 c:/freescale/kds_v3/toolchain/bin/../lib/gcc/arm-none-eabi/4.8.4/../../../../arm-none-eabi/lib/armv6-m\libg_s.a(lib_a-impure.o)
 *fill*         0x00003fb2        0x2 
 .rodata._global_impure_ptr
                0x00003fb4        0x4 c:/freescale/kds_v3/toolchain/bin/../lib/gcc/arm-none-eabi/4.8.4/../../../../arm-none-eabi/lib/armv6-m\libg_s.a(lib_a-impure.o)
                0x00003fb4                _global_impure_ptr
 .rodata.str1.1
                0x00003fb8       0x11 c:/freescale/kds_v3/toolchain/bin/../lib/gcc/arm-none-eabi/4.8.4/../../../../arm-none-eabi/lib/armv6-m\libg_s.a(lib_a-svfprintf.o)
 .rodata.str1.1
                0x00000000       0x11 c:/freescale/kds_v3/toolchain/bin/../lib/gcc/arm-none-eabi/4.8.4/../../../../arm-none-eabi/lib/armv6-m\libg_s.a(lib_a-vfprintf.o)
 .rodata.str1.1
                0x00003fc9       0x22 c:/freescale/kds_v3/toolchain/bin/../lib/gcc/arm-none-eabi/4.8.4/../../../../arm-none-eabi/lib/armv6-m\libg_s.a(lib_a-vfprintf_i.o)
 .rodata._ctype_
                0x00003feb      0x101 c:/freescale/kds_v3/toolchain/bin/../lib/gcc/arm-none-eabi/4.8.4/../../../../arm-none-eabi/lib/armv6-m\libg_s.a(lib_a-ctype_.o)
                0x00003feb                _ctype_
 .rodata.__sf_fake_stdin
                0x000040ec       0x20 c:/freescale/kds_v3/toolchain/bin/../lib/gcc/arm-none-eabi/4.8.4/../../../../arm-none-eabi/lib/armv6-m\libg_s.a(lib_a-findfp.o)
                0x000040ec                __sf_fake_stdin
 .rodata.__sf_fake_stdout
                0x0000410c       0x20 c:/freescale/kds_v3/toolchain/bin/../lib/gcc/arm-none-eabi/4.8.4/../../../../arm-none-eabi/lib/armv6-m\libg_s.a(lib_a-findfp.o)
                0x0000410c                __sf_fake_stdout
 .rodata.__sf_fake_stderr
                0x0000412c       0x20 c:/freescale/kds_v3/toolchain/bin/../lib/gcc/arm-none-eabi/4.8.4/../../../../arm-none-eabi/lib/armv6-m\libg_s.a(lib_a-findfp.o)
                0x0000412c                __sf_fake_stderr
 *(.glue_7)
 .glue_7        0x00000000        0x0 linker stubs
 *(.glue_7t)
 .glue_7t       0x00000000        0x0 linker stubs
 *(.eh_frame)
 .eh_frame      0x0000414c        0x0 c:/freescale/kds_v3/toolchain/bin/../lib/gcc/arm-none-eabi/4.8.4/armv6-m/crtbegin.o
 *(.init)
 .init          0x0000414c        0x4 c:/freescale/kds_v3/toolchain/bin/../lib/gcc/arm-none-eabi/4.8.4/armv6-m/crti.o
                0x0000414c                _init
 .init          0x00004150        0x8 c:/freescale/kds_v3/toolchain/bin/../lib/gcc/arm-none-eabi/4.8.4/armv6-m/crtn.o
 *(.fini)
 .fini          0x00004158        0x4 c:/freescale/kds_v3/toolchain/bin/../lib/gcc/arm-none-eabi/4.8.4/armv6-m/crti.o
                0x00004158                _fini
 .fini          0x0000415c        0x8 c:/freescale/kds_v3/toolchain/bin/../lib/gcc/arm-none-eabi/4.8.4/armv6-m/crtn.o
                0x00004164                . = ALIGN (0x4)

.vfp11_veneer   0x00004164        0x0
 .vfp11_veneer  0x00000000        0x0 linker stubs

.v4_bx          0x00004164        0x0
 .v4_bx         0x00000000        0x0 linker stubs

.iplt           0x00004164        0x0
 .iplt          0x00000000        0x0 c:/freescale/kds_v3/toolchain/bin/../lib/gcc/arm-none-eabi/4.8.4/armv6-m/crtbegin.o

.ARM.extab
 *(.ARM.extab* .gnu.linkonce.armextab.*)

.ARM            0x00004164        0x8
                0x00004164                __exidx_start = .
 *(.ARM.exidx*)
 .ARM.exidx     0x00004164        0x8 c:/freescale/kds_v3/toolchain/bin/../lib/gcc/arm-none-eabi/4.8.4/../../../../arm-none-eabi/lib/armv6-m/crt0.o
                0x0000416c                __exidx_end = .

.rel.dyn        0x0000416c        0x0
 .rel.iplt      0x00000000        0x0 c:/freescale/kds_v3/toolchain/bin/../lib/gcc/arm-none-eabi/4.8.4/armv6-m/crtbegin.o

.ctors          0x0000416c        0x0
                0x0000416c                __CTOR_LIST__ = .
 *crtbegin.o(.ctors)
 *crtbegin?.o(.ctors)
 *(EXCLUDE_FILE(*crtend.o *crtend?.o) .ctors)
 *(SORT(.ctors.*))
 *(.ctors)
                0x0000416c                __CTOR_END__ = .

.dtors          0x0000416c        0x0
                0x0000416c                __DTOR_LIST__ = .
 *crtbegin.o(.dtors)
 *crtbegin?.o(.dtors)
 *(EXCLUDE_FILE(*crtend.o *crtend?.o) .dtors)
 *(SORT(.dtors.*))
 *(.dtors)
                0x0000416c                __DTOR_END__ = .

.preinit_array  0x0000416c        0x0
                0x0000416c                PROVIDE (__preinit_array_start, .)
 *(.preinit_array*)
                0x0000416c                PROVIDE (__preinit_array_end, .)

.init_array     0x0000416c        0x4
                0x0000416c                PROVIDE (__init_array_start, .)
 *(SORT(.init_array.*))
 *(.init_array*)
 .init_array    0x0000416c        0x4 c:/freescale/kds_v3/toolchain/bin/../lib/gcc/arm-none-eabi/4.8.4/armv6-m/crtbegin.o
                0x00004170                PROVIDE (__init_array_end, .)

.fini_array     0x00004170        0x4
                0x00004170                PROVIDE (__fini_array_start, .)
 *(SORT(.fini_array.*))
 *(.fini_array*)
 .fini_array    0x00004170        0x4 c:/freescale/kds_v3/toolchain/bin/../lib/gcc/arm-none-eabi/4.8.4/armv6-m/crtbegin.o
                0x00004174                PROVIDE (__fini_array_end, .)
                0x00004174                __etext = .
                0x00004174                __DATA_ROM = .

.mtb            0x1ffff000        0x0
                0x1ffff000                . = ALIGN (0x8)
                0x1ffff000                _mtb_start = .
 *(.mtb_buf)
                0x1ffff000                . = ALIGN (0x8)
                0x1ffff000                _mtb_end = .

.interrupts_ram
                0x1ffff000      0x100
                0x1ffff000                . = ALIGN (0x4)
                0x1ffff000                __VECTOR_RAM__ = .
                0x1ffff000                __interrupts_ram_start__ = .
 *(.m_interrupts_ram)
                0x1ffff100                . = (. + M_VECTOR_RAM_SIZE)
 *fill*         0x1ffff000      0x100 
                0x1ffff100                . = ALIGN (0x4)
                0x1ffff100                __interrupts_ram_end__ = .
                0x00000000                __VECTOR_RAM = DEFINED (__ram_vector_table__)?__VECTOR_RAM__:ORIGIN (m_interrupts)
                0x00000000                __RAM_VECTOR_TABLE_SIZE_BYTES = DEFINED (__ram_vector_table__)?(__interrupts_ram_end__ - __interrupts_ram_start__):0x0

.data           0x1ffff100       0x74 load address 0x00004174
                0x1ffff100                . = ALIGN (0x4)
                0x1ffff100                __DATA_RAM = .
                0x1ffff100                __data_start__ = .
 *(.data)
 *(.data*)
 .data.SystemCoreClock
                0x1ffff100        0x4 ./startup/system_MKL25Z4.o
                0x1ffff100                SystemCoreClock
 .data.Fib_2    0x1ffff104        0x4 ./source/main.o
                0x1ffff104                Fib_2
 .data.impure_data
                0x1ffff108       0x60 c:/freescale/kds_v3/toolchain/bin/../lib/gcc/arm-none-eabi/4.8.4/../../../../arm-none-eabi/lib/armv6-m\libg_s.a(lib_a-impure.o)
 .data._impure_ptr
                0x1ffff168        0x4 c:/freescale/kds_v3/toolchain/bin/../lib/gcc/arm-none-eabi/4.8.4/../../../../arm-none-eabi/lib/armv6-m\libg_s.a(lib_a-impure.o)
                0x1ffff168                _impure_ptr
 .data.__ctype_ptr__
                0x1ffff16c        0x4 c:/freescale/kds_v3/toolchain/bin/../lib/gcc/arm-none-eabi/4.8.4/../../../../arm-none-eabi/lib/armv6-m\libg_s.a(lib_a-ctype_.o)
                0x1ffff16c                __ctype_ptr__
 *(.jcr*)
 .jcr           0x1ffff170        0x0 c:/freescale/kds_v3/toolchain/bin/../lib/gcc/arm-none-eabi/4.8.4/armv6-m/crtbegin.o
 .jcr           0x1ffff170        0x4 c:/freescale/kds_v3/toolchain/bin/../lib/gcc/arm-none-eabi/4.8.4/armv6-m/crtend.o
                0x1ffff174                . = ALIGN (0x4)
                0x1ffff174                __data_end__ = .
                0x000041e8                __DATA_END = (__DATA_ROM + (__data_end__ - __data_start__))
                0x00020000                text_end = (ORIGIN (m_text) + 0x1fbf0)
                0x00000001                ASSERT ((__DATA_END <= text_end), region m_text overflowed with text and data)

.igot.plt       0x1ffff174        0x0 load address 0x000041e8
 .igot.plt      0x00000000        0x0 c:/freescale/kds_v3/toolchain/bin/../lib/gcc/arm-none-eabi/4.8.4/armv6-m/crtbegin.o

.bss            0x1ffff174      0x628 load address 0x000041e8
                0x1ffff174                . = ALIGN (0x4)
                0x1ffff174                __START_BSS = .
                0x1ffff174                __bss_start__ = .
 *(.bss)
 .bss           0x1ffff174       0x1c c:/freescale/kds_v3/toolchain/bin/../lib/gcc/arm-none-eabi/4.8.4/armv6-m/crtbegin.o
 *(.bss*)
 .bss.s_debugConsole
                0x1ffff190       0x10 ./utilities/fsl_debug_console.o
 .bss.heap_end.5140
                0x1ffff1a0        0x4 ./utilities/fsl_misc_utilities.o
 .bss.g_AdcTestCallback
                0x1ffff1a4        0x8 ./source/fsl_adc_irq.o
                0x1ffff1a4                g_AdcTestCallback
 .bss.g_AdcValueInt
                0x1ffff1ac        0x4 ./source/fsl_adc_irq.o
                0x1ffff1ac                g_AdcValueInt
 .bss.State     0x1ffff1b0        0x1 ./source/main.o
                0x1ffff1b0                State
 *fill*         0x1ffff1b1        0x3 
 .bss.UART_print
                0x1ffff1b4       0x34 ./source/main.o
                0x1ffff1b4                UART_print
 .bss.Fib_n     0x1ffff1e8        0x4 ./source/main.o
                0x1ffff1e8                Fib_n
 .bss.Fib_1     0x1ffff1ec        0x4 ./source/main.o
                0x1ffff1ec                Fib_1
 .bss.led       0x1ffff1f0        0x1 ./source/main.o
                0x1ffff1f0                led
 .bss.Counter   0x1ffff1f1        0x1 ./Custom_Sources/Custom_ASCII_Counter.o
                0x1ffff1f1                Counter
 .bss.ASCII_Char
                0x1ffff1f2        0x1 ./Custom_Sources/Custom_ASCII_Counter.o
                0x1ffff1f2                ASCII_Char
 *fill*         0x1ffff1f3        0x1 
 .bss.ASCII_Array
                0x1ffff1f4      0x400 ./Custom_Sources/Custom_ASCII_Counter.o
                0x1ffff1f4                ASCII_Array
 .bss.ASCII_Value
                0x1ffff5f4        0x4 ./Custom_Sources/Custom_ASCII_Counter.o
                0x1ffff5f4                ASCII_Value
 .bss.CBuffer_Instance
                0x1ffff5f8      0x118 ./Custom_Sources/Custom_Circular_Buffer.o
                0x1ffff5f8                CBuffer_Instance
 .bss.Continuous_Read
                0x1ffff710        0x4 ./Custom_Sources/Custom_Circular_Buffer.o
                0x1ffff710                Continuous_Read
 .bss.Error     0x1ffff714        0x1 ./Custom_Sources/Custom_Circular_Buffer.o
                0x1ffff714                Error
 .bss.No_of_CBuffers
                0x1ffff715        0x1 ./Custom_Sources/Custom_Circular_Buffer.o
                0x1ffff715                No_of_CBuffers
 .bss.cbuffer_i
                0x1ffff716        0x1 ./Custom_Sources/Custom_Circular_Buffer.o
                0x1ffff716                cbuffer_i
 .bss.cbuffer_j
                0x1ffff717        0x1 ./Custom_Sources/Custom_Circular_Buffer.o
                0x1ffff717                cbuffer_j
 .bss.CBuffer_Input
                0x1ffff718        0xc ./Custom_Sources/Custom_Circular_Buffer.o
                0x1ffff718                CBuffer_Input
 .bss.CBuffer_Instance_Length
                0x1ffff724       0x28 ./Custom_Sources/Custom_Circular_Buffer.o
                0x1ffff724                CBuffer_Instance_Length
 .bss.value     0x1ffff74c        0x4 ./Custom_Sources/Custom_Circular_Buffer.o
                0x1ffff74c                value
 .bss.return_value
                0x1ffff750        0x1 ./Custom_Sources/Custom_Circular_Buffer.o
                0x1ffff750                return_value
 .bss.UART0_Byte
                0x1ffff751        0x1 ./Custom_Sources/Custom_UART.o
                0x1ffff751                UART0_Byte
 *fill*         0x1ffff752        0x2 
 .bss.isr_arr   0x1ffff754       0x34 ./Custom_Sources/Custom_UART.o
                0x1ffff754                isr_arr
 .bss.isr_cnt   0x1ffff788        0x1 ./Custom_Sources/Custom_UART.o
                0x1ffff788                isr_cnt
 *fill*         0x1ffff789        0x3 
 .bss.g_xtal0ClkFreq
                0x1ffff78c        0x4 C:/Freescale/KSDK_1.3.0/examples/frdmkl25z/demo_apps/adc_hw_trigger/lptmr/kds/../../../../../../lib/ksdk_platform_lib/kds/KL25Z4/debug/libksdk_platform.a(fsl_mcg_hal.o)
                0x1ffff78c                g_xtal0ClkFreq
 .bss.__malloc_sbrk_start
                0x1ffff790        0x4 c:/freescale/kds_v3/toolchain/bin/../lib/gcc/arm-none-eabi/4.8.4/../../../../arm-none-eabi/lib/armv6-m\libg_s.a(lib_a-nano-mallocr.o)
                0x1ffff790                __malloc_sbrk_start
 .bss.__malloc_free_list
                0x1ffff794        0x4 c:/freescale/kds_v3/toolchain/bin/../lib/gcc/arm-none-eabi/4.8.4/../../../../arm-none-eabi/lib/armv6-m\libg_s.a(lib_a-nano-mallocr.o)
                0x1ffff794                __malloc_free_list
 *(COMMON)
 COMMON         0x1ffff798        0x4 c:/freescale/kds_v3/toolchain/bin/../lib/gcc/arm-none-eabi/4.8.4/../../../../arm-none-eabi/lib/armv6-m\libg_s.a(lib_a-reent.o)
                0x1ffff798                errno
                0x1ffff79c                . = ALIGN (0x4)
                0x1ffff79c                __bss_end__ = .
                0x1ffff79c                __END_BSS = .

.heap           0x1ffff79c      0x204 load address 0x00004810
                0x1ffff7a0                . = ALIGN (0x8)
 *fill*         0x1ffff79c        0x4 
                0x1ffff7a0                __end__ = .
                0x1ffff7a0                PROVIDE (end, .)
                0x1ffff7a0                __HeapBase = .
                0x1ffff9a0                . = (. + HEAP_SIZE)
 *fill*         0x1ffff7a0      0x200 
                0x1ffff9a0                __HeapLimit = .

.stack          0x1ffff9a0      0x400 load address 0x00004a14
                0x1ffff9a0                . = ALIGN (0x8)
                0x1ffffda0                . = (. + STACK_SIZE)
 *fill*         0x1ffff9a0      0x400 
                0x20003000                __StackTop = (ORIGIN (m_data) + 0x4000)
                0x20002c00                __StackLimit = (__StackTop - STACK_SIZE)
                0x20003000                PROVIDE (__stack, __StackTop)

.ARM.attributes
                0x00000000       0x28
 *(.ARM.attributes)
 .ARM.attributes
                0x00000000       0x1e c:/freescale/kds_v3/toolchain/bin/../lib/gcc/arm-none-eabi/4.8.4/armv6-m/crti.o
 .ARM.attributes
                0x0000001e       0x2c c:/freescale/kds_v3/toolchain/bin/../lib/gcc/arm-none-eabi/4.8.4/armv6-m/crtbegin.o
 .ARM.attributes
                0x0000004a       0x1b c:/freescale/kds_v3/toolchain/bin/../lib/gcc/arm-none-eabi/4.8.4/../../../../arm-none-eabi/lib/armv6-m/crt0.o
 .ARM.attributes
                0x00000065       0x32 ./utilities/fsl_debug_console.o
 .ARM.attributes
                0x00000097       0x32 ./utilities/fsl_misc_utilities.o
 .ARM.attributes
                0x000000c9       0x32 ./startup/startup.o
 .ARM.attributes
                0x000000fb       0x1b ./startup/startup_MKL25Z4.o
 .ARM.attributes
                0x00000116       0x32 ./startup/system_MKL25Z4.o
 .ARM.attributes
                0x00000148       0x32 ./source/fsl_adc_irq.o
 .ARM.attributes
                0x0000017a       0x32 ./source/main.o
 .ARM.attributes
                0x000001ac       0x32 ./board/board.o
 .ARM.attributes
                0x000001de       0x32 ./board/hardware_init.o
 .ARM.attributes
                0x00000210       0x32 ./Custom_Sources/Custom_ASCII_Counter.o
 .ARM.attributes
                0x00000242       0x32 ./Custom_Sources/Custom_Circular_Buffer.o
 .ARM.attributes
                0x00000274       0x32 ./Custom_Sources/Custom_UART.o
 .ARM.attributes
                0x000002a6       0x32 C:/Freescale/KSDK_1.3.0/examples/frdmkl25z/demo_apps/adc_hw_trigger/lptmr/kds/../../../../../../lib/ksdk_platform_lib/kds/KL25Z4/debug/libksdk_platform.a(fsl_sim_hal_MKL25Z4.o)
 .ARM.attributes
                0x000002d8       0x32 C:/Freescale/KSDK_1.3.0/examples/frdmkl25z/demo_apps/adc_hw_trigger/lptmr/kds/../../../../../../lib/ksdk_platform_lib/kds/KL25Z4/debug/libksdk_platform.a(fsl_clock_MKL25Z4.o)
 .ARM.attributes
                0x0000030a       0x32 C:/Freescale/KSDK_1.3.0/examples/frdmkl25z/demo_apps/adc_hw_trigger/lptmr/kds/../../../../../../lib/ksdk_platform_lib/kds/KL25Z4/debug/libksdk_platform.a(fsl_clock_manager.o)
 .ARM.attributes
                0x0000033c       0x32 C:/Freescale/KSDK_1.3.0/examples/frdmkl25z/demo_apps/adc_hw_trigger/lptmr/kds/../../../../../../lib/ksdk_platform_lib/kds/KL25Z4/debug/libksdk_platform.a(fsl_clock_manager_common.o)
 .ARM.attributes
                0x0000036e       0x32 C:/Freescale/KSDK_1.3.0/examples/frdmkl25z/demo_apps/adc_hw_trigger/lptmr/kds/../../../../../../lib/ksdk_platform_lib/kds/KL25Z4/debug/libksdk_platform.a(fsl_adc16_driver.o)
 .ARM.attributes
                0x000003a0       0x32 C:/Freescale/KSDK_1.3.0/examples/frdmkl25z/demo_apps/adc_hw_trigger/lptmr/kds/../../../../../../lib/ksdk_platform_lib/kds/KL25Z4/debug/libksdk_platform.a(fsl_osc_hal.o)
 .ARM.attributes
                0x000003d2       0x32 C:/Freescale/KSDK_1.3.0/examples/frdmkl25z/demo_apps/adc_hw_trigger/lptmr/kds/../../../../../../lib/ksdk_platform_lib/kds/KL25Z4/debug/libksdk_platform.a(fsl_mcg_hal.o)
 .ARM.attributes
                0x00000404       0x32 C:/Freescale/KSDK_1.3.0/examples/frdmkl25z/demo_apps/adc_hw_trigger/lptmr/kds/../../../../../../lib/ksdk_platform_lib/kds/KL25Z4/debug/libksdk_platform.a(fsl_mcg_hal_modes.o)
 .ARM.attributes
                0x00000436       0x32 C:/Freescale/KSDK_1.3.0/examples/frdmkl25z/demo_apps/adc_hw_trigger/lptmr/kds/../../../../../../lib/ksdk_platform_lib/kds/KL25Z4/debug/libksdk_platform.a(fsl_adc16_common.o)
 .ARM.attributes
                0x00000468       0x2c c:/freescale/kds_v3/toolchain/bin/../lib/gcc/arm-none-eabi/4.8.4/../../../../arm-none-eabi/lib/armv6-m\libg_s.a(lib_a-assert.o)
 .ARM.attributes
                0x00000494       0x2c c:/freescale/kds_v3/toolchain/bin/../lib/gcc/arm-none-eabi/4.8.4/../../../../arm-none-eabi/lib/armv6-m\libg_s.a(lib_a-atoi.o)
 .ARM.attributes
                0x000004c0       0x2c c:/freescale/kds_v3/toolchain/bin/../lib/gcc/arm-none-eabi/4.8.4/../../../../arm-none-eabi/lib/armv6-m\libg_s.a(lib_a-errno.o)
 .ARM.attributes
                0x000004ec       0x2c c:/freescale/kds_v3/toolchain/bin/../lib/gcc/arm-none-eabi/4.8.4/../../../../arm-none-eabi/lib/armv6-m\libg_s.a(lib_a-exit.o)
 .ARM.attributes
                0x00000518       0x2c c:/freescale/kds_v3/toolchain/bin/../lib/gcc/arm-none-eabi/4.8.4/../../../../arm-none-eabi/lib/armv6-m\libg_s.a(lib_a-fprintf.o)
 .ARM.attributes
                0x00000544       0x2c c:/freescale/kds_v3/toolchain/bin/../lib/gcc/arm-none-eabi/4.8.4/../../../../arm-none-eabi/lib/armv6-m\libg_s.a(lib_a-impure.o)
 .ARM.attributes
                0x00000570       0x2c c:/freescale/kds_v3/toolchain/bin/../lib/gcc/arm-none-eabi/4.8.4/../../../../arm-none-eabi/lib/armv6-m\libg_s.a(lib_a-init.o)
 .ARM.attributes
                0x0000059c       0x2c c:/freescale/kds_v3/toolchain/bin/../lib/gcc/arm-none-eabi/4.8.4/../../../../arm-none-eabi/lib/armv6-m\libg_s.a(lib_a-isdigit.o)
 .ARM.attributes
                0x000005c8       0x2c c:/freescale/kds_v3/toolchain/bin/../lib/gcc/arm-none-eabi/4.8.4/../../../../arm-none-eabi/lib/armv6-m\libg_s.a(lib_a-malloc.o)
 .ARM.attributes
                0x000005f4       0x2c c:/freescale/kds_v3/toolchain/bin/../lib/gcc/arm-none-eabi/4.8.4/../../../../arm-none-eabi/lib/armv6-m\libg_s.a(lib_a-memset.o)
 .ARM.attributes
                0x00000620       0x2c c:/freescale/kds_v3/toolchain/bin/../lib/gcc/arm-none-eabi/4.8.4/../../../../arm-none-eabi/lib/armv6-m\libg_s.a(lib_a-nano-freer.o)
 .ARM.attributes
                0x0000064c       0x2c c:/freescale/kds_v3/toolchain/bin/../lib/gcc/arm-none-eabi/4.8.4/../../../../arm-none-eabi/lib/armv6-m\libg_s.a(lib_a-nano-mallocr.o)
 .ARM.attributes
                0x00000678       0x2c c:/freescale/kds_v3/toolchain/bin/../lib/gcc/arm-none-eabi/4.8.4/../../../../arm-none-eabi/lib/armv6-m\libg_s.a(lib_a-realloc.o)
 .ARM.attributes
                0x000006a4       0x2c c:/freescale/kds_v3/toolchain/bin/../lib/gcc/arm-none-eabi/4.8.4/../../../../arm-none-eabi/lib/armv6-m\libg_s.a(lib_a-sbrkr.o)
 .ARM.attributes
                0x000006d0       0x2c c:/freescale/kds_v3/toolchain/bin/../lib/gcc/arm-none-eabi/4.8.4/../../../../arm-none-eabi/lib/armv6-m\libg_s.a(lib_a-sprintf.o)
 .ARM.attributes
                0x000006fc       0x2c c:/freescale/kds_v3/toolchain/bin/../lib/gcc/arm-none-eabi/4.8.4/../../../../arm-none-eabi/lib/armv6-m\libg_s.a(lib_a-strlen.o)
 .ARM.attributes
                0x00000728       0x2c c:/freescale/kds_v3/toolchain/bin/../lib/gcc/arm-none-eabi/4.8.4/../../../../arm-none-eabi/lib/armv6-m\libg_s.a(lib_a-strtol.o)
 .ARM.attributes
                0x00000754       0x2c c:/freescale/kds_v3/toolchain/bin/../lib/gcc/arm-none-eabi/4.8.4/../../../../arm-none-eabi/lib/armv6-m\libg_s.a(lib_a-svfprintf.o)
 .ARM.attributes
                0x00000780       0x2c c:/freescale/kds_v3/toolchain/bin/../lib/gcc/arm-none-eabi/4.8.4/../../../../arm-none-eabi/lib/armv6-m\libg_s.a(lib_a-vfprintf.o)
 .ARM.attributes
                0x000007ac       0x2c c:/freescale/kds_v3/toolchain/bin/../lib/gcc/arm-none-eabi/4.8.4/../../../../arm-none-eabi/lib/armv6-m\libg_s.a(lib_a-vfprintf_i.o)
 .ARM.attributes
                0x000007d8       0x2c c:/freescale/kds_v3/toolchain/bin/../lib/gcc/arm-none-eabi/4.8.4/../../../../arm-none-eabi/lib/armv6-m\libg_s.a(lib_a-wbuf.o)
 .ARM.attributes
                0x00000804       0x2c c:/freescale/kds_v3/toolchain/bin/../lib/gcc/arm-none-eabi/4.8.4/../../../../arm-none-eabi/lib/armv6-m\libg_s.a(lib_a-wsetup.o)
 .ARM.attributes
                0x00000830       0x2c c:/freescale/kds_v3/toolchain/bin/../lib/gcc/arm-none-eabi/4.8.4/../../../../arm-none-eabi/lib/armv6-m\libg_s.a(lib_a-abort.o)
 .ARM.attributes
                0x0000085c       0x2c c:/freescale/kds_v3/toolchain/bin/../lib/gcc/arm-none-eabi/4.8.4/../../../../arm-none-eabi/lib/armv6-m\libg_s.a(lib_a-ctype_.o)
 .ARM.attributes
                0x00000888       0x2c c:/freescale/kds_v3/toolchain/bin/../lib/gcc/arm-none-eabi/4.8.4/../../../../arm-none-eabi/lib/armv6-m\libg_s.a(lib_a-fflush.o)
 .ARM.attributes
                0x000008b4       0x2c c:/freescale/kds_v3/toolchain/bin/../lib/gcc/arm-none-eabi/4.8.4/../../../../arm-none-eabi/lib/armv6-m\libg_s.a(lib_a-findfp.o)
 .ARM.attributes
                0x000008e0       0x2c c:/freescale/kds_v3/toolchain/bin/../lib/gcc/arm-none-eabi/4.8.4/../../../../arm-none-eabi/lib/armv6-m\libg_s.a(lib_a-makebuf.o)
 .ARM.attributes
                0x0000090c       0x2c c:/freescale/kds_v3/toolchain/bin/../lib/gcc/arm-none-eabi/4.8.4/../../../../arm-none-eabi/lib/armv6-m\libg_s.a(lib_a-memchr-stub.o)
 .ARM.attributes
                0x00000938       0x2c c:/freescale/kds_v3/toolchain/bin/../lib/gcc/arm-none-eabi/4.8.4/../../../../arm-none-eabi/lib/armv6-m\libg_s.a(lib_a-memcpy-stub.o)
 .ARM.attributes
                0x00000964       0x2c c:/freescale/kds_v3/toolchain/bin/../lib/gcc/arm-none-eabi/4.8.4/../../../../arm-none-eabi/lib/armv6-m\libg_s.a(lib_a-memmove.o)
 .ARM.attributes
                0x00000990       0x2c c:/freescale/kds_v3/toolchain/bin/../lib/gcc/arm-none-eabi/4.8.4/../../../../arm-none-eabi/lib/armv6-m\libg_s.a(lib_a-nano-reallocr.o)
 .ARM.attributes
                0x000009bc       0x2c c:/freescale/kds_v3/toolchain/bin/../lib/gcc/arm-none-eabi/4.8.4/../../../../arm-none-eabi/lib/armv6-m\libg_s.a(lib_a-reent.o)
 .ARM.attributes
                0x000009e8       0x2c c:/freescale/kds_v3/toolchain/bin/../lib/gcc/arm-none-eabi/4.8.4/../../../../arm-none-eabi/lib/armv6-m\libg_s.a(lib_a-signal.o)
 .ARM.attributes
                0x00000a14       0x2c c:/freescale/kds_v3/toolchain/bin/../lib/gcc/arm-none-eabi/4.8.4/../../../../arm-none-eabi/lib/armv6-m\libg_s.a(lib_a-signalr.o)
 .ARM.attributes
                0x00000a40       0x2c c:/freescale/kds_v3/toolchain/bin/../lib/gcc/arm-none-eabi/4.8.4/../../../../arm-none-eabi/lib/armv6-m\libg_s.a(lib_a-stdio.o)
 .ARM.attributes
                0x00000a6c       0x2c c:/freescale/kds_v3/toolchain/bin/../lib/gcc/arm-none-eabi/4.8.4/../../../../arm-none-eabi/lib/armv6-m\libg_s.a(lib_a-writer.o)
 .ARM.attributes
                0x00000a98       0x2c c:/freescale/kds_v3/toolchain/bin/../lib/gcc/arm-none-eabi/4.8.4/../../../../arm-none-eabi/lib/armv6-m\libg_s.a(lib_a-closer.o)
 .ARM.attributes
                0x00000ac4       0x2c c:/freescale/kds_v3/toolchain/bin/../lib/gcc/arm-none-eabi/4.8.4/../../../../arm-none-eabi/lib/armv6-m\libg_s.a(lib_a-fstatr.o)
 .ARM.attributes
                0x00000af0       0x2c c:/freescale/kds_v3/toolchain/bin/../lib/gcc/arm-none-eabi/4.8.4/../../../../arm-none-eabi/lib/armv6-m\libg_s.a(lib_a-isattyr.o)
 .ARM.attributes
                0x00000b1c       0x2c c:/freescale/kds_v3/toolchain/bin/../lib/gcc/arm-none-eabi/4.8.4/../../../../arm-none-eabi/lib/armv6-m\libg_s.a(lib_a-lseekr.o)
 .ARM.attributes
                0x00000b48       0x2c c:/freescale/kds_v3/toolchain/bin/../lib/gcc/arm-none-eabi/4.8.4/../../../../arm-none-eabi/lib/armv6-m\libg_s.a(lib_a-nano-msizer.o)
 .ARM.attributes
                0x00000b74       0x2c c:/freescale/kds_v3/toolchain/bin/../lib/gcc/arm-none-eabi/4.8.4/../../../../arm-none-eabi/lib/armv6-m\libg_s.a(lib_a-readr.o)
 .ARM.attributes
                0x00000ba0       0x1e c:/freescale/kds_v3/toolchain/bin/../lib/gcc/arm-none-eabi/4.8.4/armv6-m\libgcc.a(_udivsi3.o)
 .ARM.attributes
                0x00000bbe       0x1e c:/freescale/kds_v3/toolchain/bin/../lib/gcc/arm-none-eabi/4.8.4/armv6-m\libgcc.a(_dvmd_tls.o)
 .ARM.attributes
                0x00000bdc       0x2c c:/freescale/kds_v3/toolchain/bin/../lib/gcc/arm-none-eabi/4.8.4/../../../../arm-none-eabi/lib/armv6-m\libnosys.a(close.o)
 .ARM.attributes
                0x00000c08       0x2c c:/freescale/kds_v3/toolchain/bin/../lib/gcc/arm-none-eabi/4.8.4/../../../../arm-none-eabi/lib/armv6-m\libnosys.a(fstat.o)
 .ARM.attributes
                0x00000c34       0x2c c:/freescale/kds_v3/toolchain/bin/../lib/gcc/arm-none-eabi/4.8.4/../../../../arm-none-eabi/lib/armv6-m\libnosys.a(getpid.o)
 .ARM.attributes
                0x00000c60       0x2c c:/freescale/kds_v3/toolchain/bin/../lib/gcc/arm-none-eabi/4.8.4/../../../../arm-none-eabi/lib/armv6-m\libnosys.a(isatty.o)
 .ARM.attributes
                0x00000c8c       0x2c c:/freescale/kds_v3/toolchain/bin/../lib/gcc/arm-none-eabi/4.8.4/../../../../arm-none-eabi/lib/armv6-m\libnosys.a(kill.o)
 .ARM.attributes
                0x00000cb8       0x2c c:/freescale/kds_v3/toolchain/bin/../lib/gcc/arm-none-eabi/4.8.4/../../../../arm-none-eabi/lib/armv6-m\libnosys.a(lseek.o)
 .ARM.attributes
                0x00000ce4       0x2c c:/freescale/kds_v3/toolchain/bin/../lib/gcc/arm-none-eabi/4.8.4/../../../../arm-none-eabi/lib/armv6-m\libnosys.a(_exit.o)
 .ARM.attributes
                0x00000d10       0x2c c:/freescale/kds_v3/toolchain/bin/../lib/gcc/arm-none-eabi/4.8.4/armv6-m/crtend.o
 .ARM.attributes
                0x00000d3c       0x1e c:/freescale/kds_v3/toolchain/bin/../lib/gcc/arm-none-eabi/4.8.4/armv6-m/crtn.o
                0x00000001                ASSERT ((__StackLimit >= __HeapLimit), region m_data overflowed with stack and heap)
OUTPUT(adc_lptmr_trigger_frdmkl25z.elf elf32-littlearm)

.debug_info     0x00000000     0xa8a2
 .debug_info    0x00000000      0xa4c ./utilities/fsl_debug_console.o
 .debug_info    0x00000a4c      0x16e ./utilities/fsl_misc_utilities.o
 .debug_info    0x00000bba      0x27c ./startup/startup.o
 .debug_info    0x00000e36       0xcb ./startup/startup_MKL25Z4.o
 .debug_info    0x00000f01      0x3cf ./startup/system_MKL25Z4.o
 .debug_info    0x000012d0      0x1d4 ./source/fsl_adc_irq.o
 .debug_info    0x000014a4      0xb53 ./source/main.o
 .debug_info    0x00001ff7      0xa43 ./board/board.o
 .debug_info    0x00002a3a       0xd3 ./board/hardware_init.o
 .debug_info    0x00002b0d      0x1ee ./Custom_Sources/Custom_ASCII_Counter.o
 .debug_info    0x00002cfb      0xcda ./Custom_Sources/Custom_Circular_Buffer.o
 .debug_info    0x000039d5      0x7d4 ./Custom_Sources/Custom_UART.o
 .debug_info    0x000041a9      0x953 C:/Freescale/KSDK_1.3.0/examples/frdmkl25z/demo_apps/adc_hw_trigger/lptmr/kds/../../../../../../lib/ksdk_platform_lib/kds/KL25Z4/debug/libksdk_platform.a(fsl_sim_hal_MKL25Z4.o)
 .debug_info    0x00004afc     0x17a4 C:/Freescale/KSDK_1.3.0/examples/frdmkl25z/demo_apps/adc_hw_trigger/lptmr/kds/../../../../../../lib/ksdk_platform_lib/kds/KL25Z4/debug/libksdk_platform.a(fsl_clock_MKL25Z4.o)
 .debug_info    0x000062a0     0x1682 C:/Freescale/KSDK_1.3.0/examples/frdmkl25z/demo_apps/adc_hw_trigger/lptmr/kds/../../../../../../lib/ksdk_platform_lib/kds/KL25Z4/debug/libksdk_platform.a(fsl_clock_manager.o)
 .debug_info    0x00007922      0x448 C:/Freescale/KSDK_1.3.0/examples/frdmkl25z/demo_apps/adc_hw_trigger/lptmr/kds/../../../../../../lib/ksdk_platform_lib/kds/KL25Z4/debug/libksdk_platform.a(fsl_clock_manager_common.o)
 .debug_info    0x00007d6a     0x1273 C:/Freescale/KSDK_1.3.0/examples/frdmkl25z/demo_apps/adc_hw_trigger/lptmr/kds/../../../../../../lib/ksdk_platform_lib/kds/KL25Z4/debug/libksdk_platform.a(fsl_adc16_driver.o)
 .debug_info    0x00008fdd       0xef C:/Freescale/KSDK_1.3.0/examples/frdmkl25z/demo_apps/adc_hw_trigger/lptmr/kds/../../../../../../lib/ksdk_platform_lib/kds/KL25Z4/debug/libksdk_platform.a(fsl_osc_hal.o)
 .debug_info    0x000090cc      0xc23 C:/Freescale/KSDK_1.3.0/examples/frdmkl25z/demo_apps/adc_hw_trigger/lptmr/kds/../../../../../../lib/ksdk_platform_lib/kds/KL25Z4/debug/libksdk_platform.a(fsl_mcg_hal.o)
 .debug_info    0x00009cef      0x850 C:/Freescale/KSDK_1.3.0/examples/frdmkl25z/demo_apps/adc_hw_trigger/lptmr/kds/../../../../../../lib/ksdk_platform_lib/kds/KL25Z4/debug/libksdk_platform.a(fsl_mcg_hal_modes.o)
 .debug_info    0x0000a53f      0x363 C:/Freescale/KSDK_1.3.0/examples/frdmkl25z/demo_apps/adc_hw_trigger/lptmr/kds/../../../../../../lib/ksdk_platform_lib/kds/KL25Z4/debug/libksdk_platform.a(fsl_adc16_common.o)

.debug_abbrev   0x00000000     0x1f22
 .debug_abbrev  0x00000000      0x237 ./utilities/fsl_debug_console.o
 .debug_abbrev  0x00000237       0xc1 ./utilities/fsl_misc_utilities.o
 .debug_abbrev  0x000002f8       0xe6 ./startup/startup.o
 .debug_abbrev  0x000003de       0x14 ./startup/startup_MKL25Z4.o
 .debug_abbrev  0x000003f2      0x106 ./startup/system_MKL25Z4.o
 .debug_abbrev  0x000004f8      0x10d ./source/fsl_adc_irq.o
 .debug_abbrev  0x00000605      0x215 ./source/main.o
 .debug_abbrev  0x0000081a      0x253 ./board/board.o
 .debug_abbrev  0x00000a6d       0x72 ./board/hardware_init.o
 .debug_abbrev  0x00000adf       0xc7 ./Custom_Sources/Custom_ASCII_Counter.o
 .debug_abbrev  0x00000ba6      0x23a ./Custom_Sources/Custom_Circular_Buffer.o
 .debug_abbrev  0x00000de0      0x1d1 ./Custom_Sources/Custom_UART.o
 .debug_abbrev  0x00000fb1      0x188 C:/Freescale/KSDK_1.3.0/examples/frdmkl25z/demo_apps/adc_hw_trigger/lptmr/kds/../../../../../../lib/ksdk_platform_lib/kds/KL25Z4/debug/libksdk_platform.a(fsl_sim_hal_MKL25Z4.o)
 .debug_abbrev  0x00001139      0x2ef C:/Freescale/KSDK_1.3.0/examples/frdmkl25z/demo_apps/adc_hw_trigger/lptmr/kds/../../../../../../lib/ksdk_platform_lib/kds/KL25Z4/debug/libksdk_platform.a(fsl_clock_MKL25Z4.o)
 .debug_abbrev  0x00001428      0x2a9 C:/Freescale/KSDK_1.3.0/examples/frdmkl25z/demo_apps/adc_hw_trigger/lptmr/kds/../../../../../../lib/ksdk_platform_lib/kds/KL25Z4/debug/libksdk_platform.a(fsl_clock_manager.o)
 .debug_abbrev  0x000016d1       0xdb C:/Freescale/KSDK_1.3.0/examples/frdmkl25z/demo_apps/adc_hw_trigger/lptmr/kds/../../../../../../lib/ksdk_platform_lib/kds/KL25Z4/debug/libksdk_platform.a(fsl_clock_manager_common.o)
 .debug_abbrev  0x000017ac      0x239 C:/Freescale/KSDK_1.3.0/examples/frdmkl25z/demo_apps/adc_hw_trigger/lptmr/kds/../../../../../../lib/ksdk_platform_lib/kds/KL25Z4/debug/libksdk_platform.a(fsl_adc16_driver.o)
 .debug_abbrev  0x000019e5       0x99 C:/Freescale/KSDK_1.3.0/examples/frdmkl25z/demo_apps/adc_hw_trigger/lptmr/kds/../../../../../../lib/ksdk_platform_lib/kds/KL25Z4/debug/libksdk_platform.a(fsl_osc_hal.o)
 .debug_abbrev  0x00001a7e      0x234 C:/Freescale/KSDK_1.3.0/examples/frdmkl25z/demo_apps/adc_hw_trigger/lptmr/kds/../../../../../../lib/ksdk_platform_lib/kds/KL25Z4/debug/libksdk_platform.a(fsl_mcg_hal.o)
 .debug_abbrev  0x00001cb2      0x1a4 C:/Freescale/KSDK_1.3.0/examples/frdmkl25z/demo_apps/adc_hw_trigger/lptmr/kds/../../../../../../lib/ksdk_platform_lib/kds/KL25Z4/debug/libksdk_platform.a(fsl_mcg_hal_modes.o)
 .debug_abbrev  0x00001e56       0xcc C:/Freescale/KSDK_1.3.0/examples/frdmkl25z/demo_apps/adc_hw_trigger/lptmr/kds/../../../../../../lib/ksdk_platform_lib/kds/KL25Z4/debug/libksdk_platform.a(fsl_adc16_common.o)

.debug_aranges  0x00000000      0x9b8
 .debug_aranges
                0x00000000       0xa0 ./utilities/fsl_debug_console.o
 .debug_aranges
                0x000000a0       0x28 ./utilities/fsl_misc_utilities.o
 .debug_aranges
                0x000000c8       0x20 ./startup/startup.o
 .debug_aranges
                0x000000e8       0x20 ./startup/startup_MKL25Z4.o
 .debug_aranges
                0x00000108       0x28 ./startup/system_MKL25Z4.o
 .debug_aranges
                0x00000130       0x38 ./source/fsl_adc_irq.o
 .debug_aranges
                0x00000168       0x28 ./source/main.o
 .debug_aranges
                0x00000190       0x70 ./board/board.o
 .debug_aranges
                0x00000200       0x20 ./board/hardware_init.o
 .debug_aranges
                0x00000220       0x28 ./Custom_Sources/Custom_ASCII_Counter.o
 .debug_aranges
                0x00000248       0x58 ./Custom_Sources/Custom_Circular_Buffer.o
 .debug_aranges
                0x000002a0       0x48 ./Custom_Sources/Custom_UART.o
 .debug_aranges
                0x000002e8       0x90 C:/Freescale/KSDK_1.3.0/examples/frdmkl25z/demo_apps/adc_hw_trigger/lptmr/kds/../../../../../../lib/ksdk_platform_lib/kds/KL25Z4/debug/libksdk_platform.a(fsl_sim_hal_MKL25Z4.o)
 .debug_aranges
                0x00000378      0x210 C:/Freescale/KSDK_1.3.0/examples/frdmkl25z/demo_apps/adc_hw_trigger/lptmr/kds/../../../../../../lib/ksdk_platform_lib/kds/KL25Z4/debug/libksdk_platform.a(fsl_clock_MKL25Z4.o)
 .debug_aranges
                0x00000588      0x150 C:/Freescale/KSDK_1.3.0/examples/frdmkl25z/demo_apps/adc_hw_trigger/lptmr/kds/../../../../../../lib/ksdk_platform_lib/kds/KL25Z4/debug/libksdk_platform.a(fsl_clock_manager.o)
 .debug_aranges
                0x000006d8       0x18 C:/Freescale/KSDK_1.3.0/examples/frdmkl25z/demo_apps/adc_hw_trigger/lptmr/kds/../../../../../../lib/ksdk_platform_lib/kds/KL25Z4/debug/libksdk_platform.a(fsl_clock_manager_common.o)
 .debug_aranges
                0x000006f0      0x108 C:/Freescale/KSDK_1.3.0/examples/frdmkl25z/demo_apps/adc_hw_trigger/lptmr/kds/../../../../../../lib/ksdk_platform_lib/kds/KL25Z4/debug/libksdk_platform.a(fsl_adc16_driver.o)
 .debug_aranges
                0x000007f8       0x20 C:/Freescale/KSDK_1.3.0/examples/frdmkl25z/demo_apps/adc_hw_trigger/lptmr/kds/../../../../../../lib/ksdk_platform_lib/kds/KL25Z4/debug/libksdk_platform.a(fsl_osc_hal.o)
 .debug_aranges
                0x00000818       0xf0 C:/Freescale/KSDK_1.3.0/examples/frdmkl25z/demo_apps/adc_hw_trigger/lptmr/kds/../../../../../../lib/ksdk_platform_lib/kds/KL25Z4/debug/libksdk_platform.a(fsl_mcg_hal.o)
 .debug_aranges
                0x00000908       0x98 C:/Freescale/KSDK_1.3.0/examples/frdmkl25z/demo_apps/adc_hw_trigger/lptmr/kds/../../../../../../lib/ksdk_platform_lib/kds/KL25Z4/debug/libksdk_platform.a(fsl_mcg_hal_modes.o)
 .debug_aranges
                0x000009a0       0x18 C:/Freescale/KSDK_1.3.0/examples/frdmkl25z/demo_apps/adc_hw_trigger/lptmr/kds/../../../../../../lib/ksdk_platform_lib/kds/KL25Z4/debug/libksdk_platform.a(fsl_adc16_common.o)

.debug_ranges   0x00000000      0x848
 .debug_ranges  0x00000000       0x90 ./utilities/fsl_debug_console.o
 .debug_ranges  0x00000090       0x18 ./utilities/fsl_misc_utilities.o
 .debug_ranges  0x000000a8       0x10 ./startup/startup.o
 .debug_ranges  0x000000b8       0x18 ./startup/system_MKL25Z4.o
 .debug_ranges  0x000000d0       0x28 ./source/fsl_adc_irq.o
 .debug_ranges  0x000000f8       0x18 ./source/main.o
 .debug_ranges  0x00000110       0x60 ./board/board.o
 .debug_ranges  0x00000170       0x10 ./board/hardware_init.o
 .debug_ranges  0x00000180       0x18 ./Custom_Sources/Custom_ASCII_Counter.o
 .debug_ranges  0x00000198       0x48 ./Custom_Sources/Custom_Circular_Buffer.o
 .debug_ranges  0x000001e0       0x38 ./Custom_Sources/Custom_UART.o
 .debug_ranges  0x00000218       0x80 C:/Freescale/KSDK_1.3.0/examples/frdmkl25z/demo_apps/adc_hw_trigger/lptmr/kds/../../../../../../lib/ksdk_platform_lib/kds/KL25Z4/debug/libksdk_platform.a(fsl_sim_hal_MKL25Z4.o)
 .debug_ranges  0x00000298      0x200 C:/Freescale/KSDK_1.3.0/examples/frdmkl25z/demo_apps/adc_hw_trigger/lptmr/kds/../../../../../../lib/ksdk_platform_lib/kds/KL25Z4/debug/libksdk_platform.a(fsl_clock_MKL25Z4.o)
 .debug_ranges  0x00000498      0x140 C:/Freescale/KSDK_1.3.0/examples/frdmkl25z/demo_apps/adc_hw_trigger/lptmr/kds/../../../../../../lib/ksdk_platform_lib/kds/KL25Z4/debug/libksdk_platform.a(fsl_clock_manager.o)
 .debug_ranges  0x000005d8       0xf8 C:/Freescale/KSDK_1.3.0/examples/frdmkl25z/demo_apps/adc_hw_trigger/lptmr/kds/../../../../../../lib/ksdk_platform_lib/kds/KL25Z4/debug/libksdk_platform.a(fsl_adc16_driver.o)
 .debug_ranges  0x000006d0       0x10 C:/Freescale/KSDK_1.3.0/examples/frdmkl25z/demo_apps/adc_hw_trigger/lptmr/kds/../../../../../../lib/ksdk_platform_lib/kds/KL25Z4/debug/libksdk_platform.a(fsl_osc_hal.o)
 .debug_ranges  0x000006e0       0xe0 C:/Freescale/KSDK_1.3.0/examples/frdmkl25z/demo_apps/adc_hw_trigger/lptmr/kds/../../../../../../lib/ksdk_platform_lib/kds/KL25Z4/debug/libksdk_platform.a(fsl_mcg_hal.o)
 .debug_ranges  0x000007c0       0x88 C:/Freescale/KSDK_1.3.0/examples/frdmkl25z/demo_apps/adc_hw_trigger/lptmr/kds/../../../../../../lib/ksdk_platform_lib/kds/KL25Z4/debug/libksdk_platform.a(fsl_mcg_hal_modes.o)

.debug_line     0x00000000     0x3d01
 .debug_line    0x00000000      0x3af ./utilities/fsl_debug_console.o
 .debug_line    0x000003af       0xd5 ./utilities/fsl_misc_utilities.o
 .debug_line    0x00000484      0x124 ./startup/startup.o
 .debug_line    0x000005a8       0x88 ./startup/startup_MKL25Z4.o
 .debug_line    0x00000630      0x167 ./startup/system_MKL25Z4.o
 .debug_line    0x00000797      0x15a ./source/fsl_adc_irq.o
 .debug_line    0x000008f1      0x340 ./source/main.o
 .debug_line    0x00000c31      0x3b9 ./board/board.o
 .debug_line    0x00000fea      0x12d ./board/hardware_init.o
 .debug_line    0x00001117      0x1a8 ./Custom_Sources/Custom_ASCII_Counter.o
 .debug_line    0x000012bf      0x358 ./Custom_Sources/Custom_Circular_Buffer.o
 .debug_line    0x00001617      0x2ad ./Custom_Sources/Custom_UART.o
 .debug_line    0x000018c4      0x362 C:/Freescale/KSDK_1.3.0/examples/frdmkl25z/demo_apps/adc_hw_trigger/lptmr/kds/../../../../../../lib/ksdk_platform_lib/kds/KL25Z4/debug/libksdk_platform.a(fsl_sim_hal_MKL25Z4.o)
 .debug_line    0x00001c26      0x893 C:/Freescale/KSDK_1.3.0/examples/frdmkl25z/demo_apps/adc_hw_trigger/lptmr/kds/../../../../../../lib/ksdk_platform_lib/kds/KL25Z4/debug/libksdk_platform.a(fsl_clock_MKL25Z4.o)
 .debug_line    0x000024b9      0x76d C:/Freescale/KSDK_1.3.0/examples/frdmkl25z/demo_apps/adc_hw_trigger/lptmr/kds/../../../../../../lib/ksdk_platform_lib/kds/KL25Z4/debug/libksdk_platform.a(fsl_clock_manager.o)
 .debug_line    0x00002c26      0x14b C:/Freescale/KSDK_1.3.0/examples/frdmkl25z/demo_apps/adc_hw_trigger/lptmr/kds/../../../../../../lib/ksdk_platform_lib/kds/KL25Z4/debug/libksdk_platform.a(fsl_clock_manager_common.o)
 .debug_line    0x00002d71      0x59b C:/Freescale/KSDK_1.3.0/examples/frdmkl25z/demo_apps/adc_hw_trigger/lptmr/kds/../../../../../../lib/ksdk_platform_lib/kds/KL25Z4/debug/libksdk_platform.a(fsl_adc16_driver.o)
 .debug_line    0x0000330c       0xfb C:/Freescale/KSDK_1.3.0/examples/frdmkl25z/demo_apps/adc_hw_trigger/lptmr/kds/../../../../../../lib/ksdk_platform_lib/kds/KL25Z4/debug/libksdk_platform.a(fsl_osc_hal.o)
 .debug_line    0x00003407      0x455 C:/Freescale/KSDK_1.3.0/examples/frdmkl25z/demo_apps/adc_hw_trigger/lptmr/kds/../../../../../../lib/ksdk_platform_lib/kds/KL25Z4/debug/libksdk_platform.a(fsl_mcg_hal.o)
 .debug_line    0x0000385c      0x3b0 C:/Freescale/KSDK_1.3.0/examples/frdmkl25z/demo_apps/adc_hw_trigger/lptmr/kds/../../../../../../lib/ksdk_platform_lib/kds/KL25Z4/debug/libksdk_platform.a(fsl_mcg_hal_modes.o)
 .debug_line    0x00003c0c       0xf5 C:/Freescale/KSDK_1.3.0/examples/frdmkl25z/demo_apps/adc_hw_trigger/lptmr/kds/../../../../../../lib/ksdk_platform_lib/kds/KL25Z4/debug/libksdk_platform.a(fsl_adc16_common.o)

.debug_str      0x00000000     0x54f2
 .debug_str     0x00000000      0xb79 ./utilities/fsl_debug_console.o
                                0xbeb (size before relaxing)
 .debug_str     0x00000b79       0x98 ./utilities/fsl_misc_utilities.o
                                0x282 (size before relaxing)
 .debug_str     0x00000c11      0x12a ./startup/startup.o
                                0x30c (size before relaxing)
 .debug_str     0x00000d3b      0x183 ./startup/system_MKL25Z4.o
                                0x365 (size before relaxing)
 .debug_str     0x00000ebe      0x14e ./source/fsl_adc_irq.o
                                0x340 (size before relaxing)
 .debug_str     0x0000100c      0x4ef ./source/main.o
                                0x73c (size before relaxing)
 .debug_str     0x000014fb      0x780 ./board/board.o
                                0xb50 (size before relaxing)
 .debug_str     0x00001c7b       0x62 ./board/hardware_init.o
                                0x25e (size before relaxing)
 .debug_str     0x00001cdd       0x6d ./Custom_Sources/Custom_ASCII_Counter.o
                                0x2d2 (size before relaxing)
 .debug_str     0x00001d4a      0x181 ./Custom_Sources/Custom_Circular_Buffer.o
                                0x799 (size before relaxing)
 .debug_str     0x00001ecb      0x2c1 ./Custom_Sources/Custom_UART.o
                                0x684 (size before relaxing)
 .debug_str     0x0000218c      0x4cf C:/Freescale/KSDK_1.3.0/examples/frdmkl25z/demo_apps/adc_hw_trigger/lptmr/kds/../../../../../../lib/ksdk_platform_lib/kds/KL25Z4/debug/libksdk_platform.a(fsl_sim_hal_MKL25Z4.o)
                                0x778 (size before relaxing)
 .debug_str     0x0000265b      0xd80 C:/Freescale/KSDK_1.3.0/examples/frdmkl25z/demo_apps/adc_hw_trigger/lptmr/kds/../../../../../../lib/ksdk_platform_lib/kds/KL25Z4/debug/libksdk_platform.a(fsl_clock_MKL25Z4.o)
                               0x1508 (size before relaxing)
 .debug_str     0x000033db      0xbb3 C:/Freescale/KSDK_1.3.0/examples/frdmkl25z/demo_apps/adc_hw_trigger/lptmr/kds/../../../../../../lib/ksdk_platform_lib/kds/KL25Z4/debug/libksdk_platform.a(fsl_clock_manager.o)
                               0x16ee (size before relaxing)
 .debug_str     0x00003f8e       0x61 C:/Freescale/KSDK_1.3.0/examples/frdmkl25z/demo_apps/adc_hw_trigger/lptmr/kds/../../../../../../lib/ksdk_platform_lib/kds/KL25Z4/debug/libksdk_platform.a(fsl_clock_manager_common.o)
                                0x34e (size before relaxing)
 .debug_str     0x00003fef      0xd37 C:/Freescale/KSDK_1.3.0/examples/frdmkl25z/demo_apps/adc_hw_trigger/lptmr/kds/../../../../../../lib/ksdk_platform_lib/kds/KL25Z4/debug/libksdk_platform.a(fsl_adc16_driver.o)
                               0x1238 (size before relaxing)
 .debug_str     0x00004d26       0x58 C:/Freescale/KSDK_1.3.0/examples/frdmkl25z/demo_apps/adc_hw_trigger/lptmr/kds/../../../../../../lib/ksdk_platform_lib/kds/KL25Z4/debug/libksdk_platform.a(fsl_osc_hal.o)
                                0x233 (size before relaxing)
 .debug_str     0x00004d7e      0x5c9 C:/Freescale/KSDK_1.3.0/examples/frdmkl25z/demo_apps/adc_hw_trigger/lptmr/kds/../../../../../../lib/ksdk_platform_lib/kds/KL25Z4/debug/libksdk_platform.a(fsl_mcg_hal.o)
                                0xb5b (size before relaxing)
 .debug_str     0x00005347      0x165 C:/Freescale/KSDK_1.3.0/examples/frdmkl25z/demo_apps/adc_hw_trigger/lptmr/kds/../../../../../../lib/ksdk_platform_lib/kds/KL25Z4/debug/libksdk_platform.a(fsl_mcg_hal_modes.o)
                                0x8d4 (size before relaxing)
 .debug_str     0x000054ac       0x46 C:/Freescale/KSDK_1.3.0/examples/frdmkl25z/demo_apps/adc_hw_trigger/lptmr/kds/../../../../../../lib/ksdk_platform_lib/kds/KL25Z4/debug/libksdk_platform.a(fsl_adc16_common.o)
                                0x451 (size before relaxing)

.comment        0x00000000       0x70
 .comment       0x00000000       0x70 ./utilities/fsl_debug_console.o
                                 0x71 (size before relaxing)
 .comment       0x00000000       0x71 ./utilities/fsl_misc_utilities.o
 .comment       0x00000000       0x71 ./startup/startup.o
 .comment       0x00000000       0x71 ./startup/system_MKL25Z4.o
 .comment       0x00000000       0x71 ./source/fsl_adc_irq.o
 .comment       0x00000000       0x71 ./source/main.o
 .comment       0x00000000       0x71 ./board/board.o
 .comment       0x00000000       0x71 ./board/hardware_init.o
 .comment       0x00000000       0x71 ./Custom_Sources/Custom_ASCII_Counter.o
 .comment       0x00000000       0x71 ./Custom_Sources/Custom_Circular_Buffer.o
 .comment       0x00000000       0x71 ./Custom_Sources/Custom_UART.o
 .comment       0x00000000       0x71 C:/Freescale/KSDK_1.3.0/examples/frdmkl25z/demo_apps/adc_hw_trigger/lptmr/kds/../../../../../../lib/ksdk_platform_lib/kds/KL25Z4/debug/libksdk_platform.a(fsl_sim_hal_MKL25Z4.o)
 .comment       0x00000000       0x71 C:/Freescale/KSDK_1.3.0/examples/frdmkl25z/demo_apps/adc_hw_trigger/lptmr/kds/../../../../../../lib/ksdk_platform_lib/kds/KL25Z4/debug/libksdk_platform.a(fsl_clock_MKL25Z4.o)
 .comment       0x00000000       0x71 C:/Freescale/KSDK_1.3.0/examples/frdmkl25z/demo_apps/adc_hw_trigger/lptmr/kds/../../../../../../lib/ksdk_platform_lib/kds/KL25Z4/debug/libksdk_platform.a(fsl_clock_manager.o)
 .comment       0x00000000       0x71 C:/Freescale/KSDK_1.3.0/examples/frdmkl25z/demo_apps/adc_hw_trigger/lptmr/kds/../../../../../../lib/ksdk_platform_lib/kds/KL25Z4/debug/libksdk_platform.a(fsl_clock_manager_common.o)
 .comment       0x00000000       0x71 C:/Freescale/KSDK_1.3.0/examples/frdmkl25z/demo_apps/adc_hw_trigger/lptmr/kds/../../../../../../lib/ksdk_platform_lib/kds/KL25Z4/debug/libksdk_platform.a(fsl_adc16_driver.o)
 .comment       0x00000000       0x71 C:/Freescale/KSDK_1.3.0/examples/frdmkl25z/demo_apps/adc_hw_trigger/lptmr/kds/../../../../../../lib/ksdk_platform_lib/kds/KL25Z4/debug/libksdk_platform.a(fsl_osc_hal.o)
 .comment       0x00000000       0x71 C:/Freescale/KSDK_1.3.0/examples/frdmkl25z/demo_apps/adc_hw_trigger/lptmr/kds/../../../../../../lib/ksdk_platform_lib/kds/KL25Z4/debug/libksdk_platform.a(fsl_mcg_hal.o)
 .comment       0x00000000       0x71 C:/Freescale/KSDK_1.3.0/examples/frdmkl25z/demo_apps/adc_hw_trigger/lptmr/kds/../../../../../../lib/ksdk_platform_lib/kds/KL25Z4/debug/libksdk_platform.a(fsl_mcg_hal_modes.o)
 .comment       0x00000000       0x71 C:/Freescale/KSDK_1.3.0/examples/frdmkl25z/demo_apps/adc_hw_trigger/lptmr/kds/../../../../../../lib/ksdk_platform_lib/kds/KL25Z4/debug/libksdk_platform.a(fsl_adc16_common.o)

.debug_frame    0x00000000     0x2b94
 .debug_frame   0x00000000      0x230 ./utilities/fsl_debug_console.o
 .debug_frame   0x00000230       0x50 ./utilities/fsl_misc_utilities.o
 .debug_frame   0x00000280       0x30 ./startup/startup.o
 .debug_frame   0x000002b0       0x4c ./startup/system_MKL25Z4.o
 .debug_frame   0x000002fc       0x8c ./source/fsl_adc_irq.o
 .debug_frame   0x00000388       0x4c ./source/main.o
 .debug_frame   0x000003d4      0x164 ./board/board.o
 .debug_frame   0x00000538       0x2c ./board/hardware_init.o
 .debug_frame   0x00000564       0x4c ./Custom_Sources/Custom_ASCII_Counter.o
 .debug_frame   0x000005b0      0x10c ./Custom_Sources/Custom_Circular_Buffer.o
 .debug_frame   0x000006bc       0xc8 ./Custom_Sources/Custom_UART.o
 .debug_frame   0x00000784      0x1f0 C:/Freescale/KSDK_1.3.0/examples/frdmkl25z/demo_apps/adc_hw_trigger/lptmr/kds/../../../../../../lib/ksdk_platform_lib/kds/KL25Z4/debug/libksdk_platform.a(fsl_sim_hal_MKL25Z4.o)
 .debug_frame   0x00000974      0x7dc C:/Freescale/KSDK_1.3.0/examples/frdmkl25z/demo_apps/adc_hw_trigger/lptmr/kds/../../../../../../lib/ksdk_platform_lib/kds/KL25Z4/debug/libksdk_platform.a(fsl_clock_MKL25Z4.o)
 .debug_frame   0x00001150      0x4ec C:/Freescale/KSDK_1.3.0/examples/frdmkl25z/demo_apps/adc_hw_trigger/lptmr/kds/../../../../../../lib/ksdk_platform_lib/kds/KL25Z4/debug/libksdk_platform.a(fsl_clock_manager.o)
 .debug_frame   0x0000163c      0x3d0 C:/Freescale/KSDK_1.3.0/examples/frdmkl25z/demo_apps/adc_hw_trigger/lptmr/kds/../../../../../../lib/ksdk_platform_lib/kds/KL25Z4/debug/libksdk_platform.a(fsl_adc16_driver.o)
 .debug_frame   0x00001a0c       0x30 C:/Freescale/KSDK_1.3.0/examples/frdmkl25z/demo_apps/adc_hw_trigger/lptmr/kds/../../../../../../lib/ksdk_platform_lib/kds/KL25Z4/debug/libksdk_platform.a(fsl_osc_hal.o)
 .debug_frame   0x00001a3c      0x370 C:/Freescale/KSDK_1.3.0/examples/frdmkl25z/demo_apps/adc_hw_trigger/lptmr/kds/../../../../../../lib/ksdk_platform_lib/kds/KL25Z4/debug/libksdk_platform.a(fsl_mcg_hal.o)
 .debug_frame   0x00001dac      0x210 C:/Freescale/KSDK_1.3.0/examples/frdmkl25z/demo_apps/adc_hw_trigger/lptmr/kds/../../../../../../lib/ksdk_platform_lib/kds/KL25Z4/debug/libksdk_platform.a(fsl_mcg_hal_modes.o)
 .debug_frame   0x00001fbc       0x4c c:/freescale/kds_v3/toolchain/bin/../lib/gcc/arm-none-eabi/4.8.4/../../../../arm-none-eabi/lib/armv6-m\libg_s.a(lib_a-assert.o)
 .debug_frame   0x00002008       0x40 c:/freescale/kds_v3/toolchain/bin/../lib/gcc/arm-none-eabi/4.8.4/../../../../arm-none-eabi/lib/armv6-m\libg_s.a(lib_a-atoi.o)
 .debug_frame   0x00002048       0x20 c:/freescale/kds_v3/toolchain/bin/../lib/gcc/arm-none-eabi/4.8.4/../../../../arm-none-eabi/lib/armv6-m\libg_s.a(lib_a-errno.o)
 .debug_frame   0x00002068       0x28 c:/freescale/kds_v3/toolchain/bin/../lib/gcc/arm-none-eabi/4.8.4/../../../../arm-none-eabi/lib/armv6-m\libg_s.a(lib_a-exit.o)
 .debug_frame   0x00002090       0x4c c:/freescale/kds_v3/toolchain/bin/../lib/gcc/arm-none-eabi/4.8.4/../../../../arm-none-eabi/lib/armv6-m\libg_s.a(lib_a-fprintf.o)
 .debug_frame   0x000020dc       0x2c c:/freescale/kds_v3/toolchain/bin/../lib/gcc/arm-none-eabi/4.8.4/../../../../arm-none-eabi/lib/armv6-m\libg_s.a(lib_a-init.o)
 .debug_frame   0x00002108       0x20 c:/freescale/kds_v3/toolchain/bin/../lib/gcc/arm-none-eabi/4.8.4/../../../../arm-none-eabi/lib/armv6-m\libg_s.a(lib_a-isdigit.o)
 .debug_frame   0x00002128       0x40 c:/freescale/kds_v3/toolchain/bin/../lib/gcc/arm-none-eabi/4.8.4/../../../../arm-none-eabi/lib/armv6-m\libg_s.a(lib_a-malloc.o)
 .debug_frame   0x00002168       0x20 c:/freescale/kds_v3/toolchain/bin/../lib/gcc/arm-none-eabi/4.8.4/../../../../arm-none-eabi/lib/armv6-m\libg_s.a(lib_a-memset.o)
 .debug_frame   0x00002188       0x2c c:/freescale/kds_v3/toolchain/bin/../lib/gcc/arm-none-eabi/4.8.4/../../../../arm-none-eabi/lib/armv6-m\libg_s.a(lib_a-nano-freer.o)
 .debug_frame   0x000021b4       0x2c c:/freescale/kds_v3/toolchain/bin/../lib/gcc/arm-none-eabi/4.8.4/../../../../arm-none-eabi/lib/armv6-m\libg_s.a(lib_a-nano-mallocr.o)
 .debug_frame   0x000021e0       0x28 c:/freescale/kds_v3/toolchain/bin/../lib/gcc/arm-none-eabi/4.8.4/../../../../arm-none-eabi/lib/armv6-m\libg_s.a(lib_a-realloc.o)
 .debug_frame   0x00002208       0x2c c:/freescale/kds_v3/toolchain/bin/../lib/gcc/arm-none-eabi/4.8.4/../../../../arm-none-eabi/lib/armv6-m\libg_s.a(lib_a-sbrkr.o)
 .debug_frame   0x00002234       0x4c c:/freescale/kds_v3/toolchain/bin/../lib/gcc/arm-none-eabi/4.8.4/../../../../arm-none-eabi/lib/armv6-m\libg_s.a(lib_a-sprintf.o)
 .debug_frame   0x00002280       0x20 c:/freescale/kds_v3/toolchain/bin/../lib/gcc/arm-none-eabi/4.8.4/../../../../arm-none-eabi/lib/armv6-m\libg_s.a(lib_a-strlen.o)
 .debug_frame   0x000022a0       0x4c c:/freescale/kds_v3/toolchain/bin/../lib/gcc/arm-none-eabi/4.8.4/../../../../arm-none-eabi/lib/armv6-m\libg_s.a(lib_a-strtol.o)
 .debug_frame   0x000022ec       0x74 c:/freescale/kds_v3/toolchain/bin/../lib/gcc/arm-none-eabi/4.8.4/../../../../arm-none-eabi/lib/armv6-m\libg_s.a(lib_a-svfprintf.o)
 .debug_frame   0x00002360       0xa0 c:/freescale/kds_v3/toolchain/bin/../lib/gcc/arm-none-eabi/4.8.4/../../../../arm-none-eabi/lib/armv6-m\libg_s.a(lib_a-vfprintf.o)
 .debug_frame   0x00002400       0x54 c:/freescale/kds_v3/toolchain/bin/../lib/gcc/arm-none-eabi/4.8.4/../../../../arm-none-eabi/lib/armv6-m\libg_s.a(lib_a-vfprintf_i.o)
 .debug_frame   0x00002454       0x44 c:/freescale/kds_v3/toolchain/bin/../lib/gcc/arm-none-eabi/4.8.4/../../../../arm-none-eabi/lib/armv6-m\libg_s.a(lib_a-wbuf.o)
 .debug_frame   0x00002498       0x2c c:/freescale/kds_v3/toolchain/bin/../lib/gcc/arm-none-eabi/4.8.4/../../../../arm-none-eabi/lib/armv6-m\libg_s.a(lib_a-wsetup.o)
 .debug_frame   0x000024c4       0x28 c:/freescale/kds_v3/toolchain/bin/../lib/gcc/arm-none-eabi/4.8.4/../../../../arm-none-eabi/lib/armv6-m\libg_s.a(lib_a-abort.o)
 .debug_frame   0x000024ec       0x68 c:/freescale/kds_v3/toolchain/bin/../lib/gcc/arm-none-eabi/4.8.4/../../../../arm-none-eabi/lib/armv6-m\libg_s.a(lib_a-fflush.o)
 .debug_frame   0x00002554      0x148 c:/freescale/kds_v3/toolchain/bin/../lib/gcc/arm-none-eabi/4.8.4/../../../../arm-none-eabi/lib/armv6-m\libg_s.a(lib_a-findfp.o)
 .debug_frame   0x0000269c       0x30 c:/freescale/kds_v3/toolchain/bin/../lib/gcc/arm-none-eabi/4.8.4/../../../../arm-none-eabi/lib/armv6-m\libg_s.a(lib_a-makebuf.o)
 .debug_frame   0x000026cc       0x20 c:/freescale/kds_v3/toolchain/bin/../lib/gcc/arm-none-eabi/4.8.4/../../../../arm-none-eabi/lib/armv6-m\libg_s.a(lib_a-memchr-stub.o)
 .debug_frame   0x000026ec       0x28 c:/freescale/kds_v3/toolchain/bin/../lib/gcc/arm-none-eabi/4.8.4/../../../../arm-none-eabi/lib/armv6-m\libg_s.a(lib_a-memcpy-stub.o)
 .debug_frame   0x00002714       0x2c c:/freescale/kds_v3/toolchain/bin/../lib/gcc/arm-none-eabi/4.8.4/../../../../arm-none-eabi/lib/armv6-m\libg_s.a(lib_a-memmove.o)
 .debug_frame   0x00002740       0x30 c:/freescale/kds_v3/toolchain/bin/../lib/gcc/arm-none-eabi/4.8.4/../../../../arm-none-eabi/lib/armv6-m\libg_s.a(lib_a-nano-reallocr.o)
 .debug_frame   0x00002770       0x48 c:/freescale/kds_v3/toolchain/bin/../lib/gcc/arm-none-eabi/4.8.4/../../../../arm-none-eabi/lib/armv6-m\libg_s.a(lib_a-reent.o)
 .debug_frame   0x000027b8       0xe0 c:/freescale/kds_v3/toolchain/bin/../lib/gcc/arm-none-eabi/4.8.4/../../../../arm-none-eabi/lib/armv6-m\libg_s.a(lib_a-signal.o)
 .debug_frame   0x00002898       0x44 c:/freescale/kds_v3/toolchain/bin/../lib/gcc/arm-none-eabi/4.8.4/../../../../arm-none-eabi/lib/armv6-m\libg_s.a(lib_a-signalr.o)
 .debug_frame   0x000028dc       0x90 c:/freescale/kds_v3/toolchain/bin/../lib/gcc/arm-none-eabi/4.8.4/../../../../arm-none-eabi/lib/armv6-m\libg_s.a(lib_a-stdio.o)
 .debug_frame   0x0000296c       0x2c c:/freescale/kds_v3/toolchain/bin/../lib/gcc/arm-none-eabi/4.8.4/../../../../arm-none-eabi/lib/armv6-m\libg_s.a(lib_a-writer.o)
 .debug_frame   0x00002998       0x2c c:/freescale/kds_v3/toolchain/bin/../lib/gcc/arm-none-eabi/4.8.4/../../../../arm-none-eabi/lib/armv6-m\libg_s.a(lib_a-closer.o)
 .debug_frame   0x000029c4       0x2c c:/freescale/kds_v3/toolchain/bin/../lib/gcc/arm-none-eabi/4.8.4/../../../../arm-none-eabi/lib/armv6-m\libg_s.a(lib_a-fstatr.o)
 .debug_frame   0x000029f0       0x2c c:/freescale/kds_v3/toolchain/bin/../lib/gcc/arm-none-eabi/4.8.4/../../../../arm-none-eabi/lib/armv6-m\libg_s.a(lib_a-isattyr.o)
 .debug_frame   0x00002a1c       0x2c c:/freescale/kds_v3/toolchain/bin/../lib/gcc/arm-none-eabi/4.8.4/../../../../arm-none-eabi/lib/armv6-m\libg_s.a(lib_a-lseekr.o)
 .debug_frame   0x00002a48       0x20 c:/freescale/kds_v3/toolchain/bin/../lib/gcc/arm-none-eabi/4.8.4/../../../../arm-none-eabi/lib/armv6-m\libg_s.a(lib_a-nano-msizer.o)
 .debug_frame   0x00002a68       0x2c c:/freescale/kds_v3/toolchain/bin/../lib/gcc/arm-none-eabi/4.8.4/../../../../arm-none-eabi/lib/armv6-m\libg_s.a(lib_a-readr.o)
 .debug_frame   0x00002a94       0x20 c:/freescale/kds_v3/toolchain/bin/../lib/gcc/arm-none-eabi/4.8.4/armv6-m\libgcc.a(_udivsi3.o)
 .debug_frame   0x00002ab4       0x20 c:/freescale/kds_v3/toolchain/bin/../lib/gcc/arm-none-eabi/4.8.4/../../../../arm-none-eabi/lib/armv6-m\libnosys.a(close.o)
 .debug_frame   0x00002ad4       0x20 c:/freescale/kds_v3/toolchain/bin/../lib/gcc/arm-none-eabi/4.8.4/../../../../arm-none-eabi/lib/armv6-m\libnosys.a(fstat.o)
 .debug_frame   0x00002af4       0x20 c:/freescale/kds_v3/toolchain/bin/../lib/gcc/arm-none-eabi/4.8.4/../../../../arm-none-eabi/lib/armv6-m\libnosys.a(getpid.o)
 .debug_frame   0x00002b14       0x20 c:/freescale/kds_v3/toolchain/bin/../lib/gcc/arm-none-eabi/4.8.4/../../../../arm-none-eabi/lib/armv6-m\libnosys.a(isatty.o)
 .debug_frame   0x00002b34       0x20 c:/freescale/kds_v3/toolchain/bin/../lib/gcc/arm-none-eabi/4.8.4/../../../../arm-none-eabi/lib/armv6-m\libnosys.a(kill.o)